2024-08-06 05:28:37 - INFO - ----------开始爬虫，当前时间是：2024-08-06 05:28:37.529315----------
2024-08-06 05:28:37 - INFO - Redis 列表 weibo_search:start_urls 为空，加载初始 URL。
2024-08-06 05:28:37 - INFO - 所有 URL 已成功推送到 Redis 列表 weibo_search:start_urls 中，个数为5。
2024-08-06 05:29:24 - INFO - 内蒙古生态环境(5491398313) 共发表7934条微博，本页抓取0个符合要求的item。已下滚0页，总共已抓取0个。还可滚动793次，下一页id为5062492082408608。
2024-08-06 05:29:33 - INFO - 生态河北(1630430145) 共发表14855条微博，本页抓取0个符合要求的item。已下滚0页，总共已抓取0个。还可滚动1485次，下一页id为5062846803086207。
2024-08-06 05:29:42 - INFO - 北京生态环境(2050142347) 共发表19140条微博，本页抓取2个符合要求的item。已下滚0页，总共已抓取2个。还可滚动1914次，下一页id为5063574281781405。
2024-08-06 05:29:47 - INFO - 天津生态环境(3250739191) 共发表33782条微博，本页抓取0个符合要求的item。已下滚0页，总共已抓取0个。还可滚动3378次，下一页id为5062852149512597。
2024-08-06 05:29:56 - INFO - 山西省生态环境厅(6083457940) 共发表15840条微博，本页抓取1个符合要求的item。已下滚0页，总共已抓取1个。还可滚动1584次，下一页id为5062309510384494。
2024-08-06 05:30:00 - INFO - 内蒙古生态环境(5491398313) 共发表7934条微博，本页抓取5个符合要求的item。已下滚1页，总共已抓取5个。还可滚动792次，下一页id为5060827938032627。
2024-08-06 05:30:00 - INFO - 生态河北(1630430145) 共发表14855条微博，本页抓取5个符合要求的item。已下滚1页，总共已抓取5个。还可滚动1484次，下一页id为5061497669550417。
2024-08-06 05:30:10 - INFO - 北京生态环境(2050142347) 共发表19140条微博，本页抓取0个符合要求的item。已下滚1页，总共已抓取2个。还可滚动1913次，下一页id为5062878769713655。
2024-08-06 05:30:14 - INFO - 天津生态环境(3250739191) 共发表33782条微博，本页抓取0个符合要求的item。已下滚1页，总共已抓取0个。还可滚动3377次，下一页id为5062287226307704。
2024-08-06 05:30:19 - INFO - 山西省生态环境厅(6083457940) 共发表15840条微博，本页抓取1个符合要求的item。已下滚1页，总共已抓取2个。还可滚动1583次，下一页id为5061945956237586。
2024-08-06 05:30:29 - INFO - 生态河北(1630430145) 共发表14855条微博，本页抓取10个符合要求的item。已下滚2页，总共已抓取15个。还可滚动1483次，下一页id为5061162718727270。
2024-08-06 05:30:38 - INFO - 北京生态环境(2050142347) 共发表19140条微博，本页抓取0个符合要求的item。已下滚2页，总共已抓取2个。还可滚动1912次，下一页id为5062470138072066。
2024-08-06 05:30:43 - INFO - 内蒙古生态环境(5491398313) 共发表7934条微博，本页抓取10个符合要求的item。已下滚2页，总共已抓取15个。还可滚动791次，下一页id为5059698784996270。
2024-08-06 05:30:47 - INFO - 天津生态环境(3250739191) 共发表33782条微博，本页抓取8个符合要求的item。已下滚2页，总共已抓取8个。还可滚动3376次，下一页id为5060662711814418。
2024-08-06 05:31:15 - INFO - 山西省生态环境厅(6083457940) 共发表15840条微博，本页抓取10个符合要求的item。已下滚2页，总共已抓取12个。还可滚动1582次，下一页id为5061599666901192。
2024-08-06 05:31:29 - INFO - 生态河北(1630430145) 共发表14855条微博，本页抓取10个符合要求的item。已下滚3页，总共已抓取25个。还可滚动1482次，下一页id为5059955649939343。
2024-08-06 05:31:33 - INFO - 北京生态环境(2050142347) 共发表19140条微博，本页抓取0个符合要求的item。已下滚3页，总共已抓取2个。还可滚动1911次，下一页id为5062139737281912。
2024-08-06 05:31:38 - INFO - 内蒙古生态环境(5491398313) 共发表7934条微博，本页抓取10个符合要求的item。已下滚3页，总共已抓取25个。还可滚动790次，下一页id为5059334063786557。
2024-08-06 05:31:52 - INFO - 天津生态环境(3250739191) 共发表33782条微博，本页抓取10个符合要求的item。已下滚3页，总共已抓取18个。还可滚动3375次，下一页id为5058571121200479。
2024-08-06 05:32:18 - INFO - 山西省生态环境厅(6083457940) 共发表15840条微博，本页抓取10个符合要求的item。已下滚3页，总共已抓取22个。还可滚动1581次，下一页id为5061591252865556。
2024-08-06 05:32:32 - INFO - 生态河北(1630430145) 共发表14855条微博，本页抓取10个符合要求的item。已下滚4页，总共已抓取35个。还可滚动1481次，下一页id为5058880660833687。
2024-08-06 05:32:37 - INFO - 北京生态环境(2050142347) 共发表19140条微博，本页抓取6个符合要求的item。已下滚4页，总共已抓取8个。还可滚动1910次，下一页id为5061398073968490。
2024-08-06 05:32:46 - INFO - 内蒙古生态环境(5491398313) 共发表7934条微博，本页抓取10个符合要求的item。已下滚4页，总共已抓取35个。还可滚动789次，下一页id为5057441270335200。
2024-08-06 05:32:58 - INFO - 天津生态环境(3250739191) 共发表33782条微博，本页抓取10个符合要求的item。已下滚4页，总共已抓取28个。还可滚动3374次，下一页id为5057427680791266。
2024-08-06 05:33:28 - INFO - 山西省生态环境厅(6083457940) 共发表15840条微博，本页抓取10个符合要求的item。已下滚4页，总共已抓取32个。还可滚动1580次，下一页id为5060541454224803。
2024-08-06 05:33:37 - INFO - 生态河北(1630430145) 共发表14855条微博，本页抓取10个符合要求的item。已下滚5页，总共已抓取45个。还可滚动1480次，下一页id为5057889682855675。
2024-08-06 05:33:53 - INFO - 北京生态环境(2050142347) 共发表19140条微博，本页抓取9个符合要求的item。已下滚5页，总共已抓取17个。还可滚动1909次，下一页id为5060445397849369。
2024-08-06 05:33:58 - INFO - 内蒙古生态环境(5491398313) 共发表7934条微博，本页抓取10个符合要求的item。已下滚5页，总共已抓取45个。还可滚动788次，下一页id为5054538199600751。
2024-08-06 05:34:26 - INFO - 天津生态环境(3250739191) 共发表33782条微博，本页抓取10个符合要求的item。已下滚5页，总共已抓取38个。还可滚动3373次，下一页id为5055796700252641。
2024-08-06 05:35:01 - INFO - 山西省生态环境厅(6083457940) 共发表15840条微博，本页抓取10个符合要求的item。已下滚5页，总共已抓取42个。还可滚动1579次，下一页id为5060141507940842。
2024-08-06 05:35:10 - INFO - 生态河北(1630430145) 共发表14855条微博，本页抓取10个符合要求的item。已下滚6页，总共已抓取55个。还可滚动1479次，下一页id为5057172603931908。
2024-08-06 05:35:24 - INFO - 北京生态环境(2050142347) 共发表19140条微博，本页抓取10个符合要求的item。已下滚6页，总共已抓取27个。还可滚动1908次，下一页id为5060071194892122。
2024-08-06 05:35:28 - INFO - 内蒙古生态环境(5491398313) 共发表7934条微博，本页抓取10个符合要求的item。已下滚6页，总共已抓取55个。还可滚动787次，下一页id为5053810882381842。
2024-08-06 05:35:58 - INFO - 天津生态环境(3250739191) 共发表33782条微博，本页抓取10个符合要求的item。已下滚6页，总共已抓取48个。还可滚动3372次，下一页id为5054512257566270。
2024-08-06 05:36:31 - INFO - 山西省生态环境厅(6083457940) 共发表15840条微博，本页抓取10个符合要求的item。已下滚6页，总共已抓取52个。还可滚动1578次，下一页id为5059779876096263。
2024-08-06 05:36:40 - INFO - 生态河北(1630430145) 共发表14855条微博，本页抓取10个符合要求的item。已下滚7页，总共已抓取65个。还可滚动1478次，下一页id为5056362612003096。
2024-08-06 05:36:45 - INFO - 内蒙古生态环境(5491398313) 共发表7934条微博，本页抓取10个符合要求的item。已下滚7页，总共已抓取65个。还可滚动786次，下一页id为5052114637948334。
2024-08-06 05:37:12 - INFO - 北京生态环境(2050142347) 共发表19140条微博，本页抓取10个符合要求的item。已下滚7页，总共已抓取37个。还可滚动1907次，下一页id为5059336697022693。
2024-08-06 05:37:36 - INFO - 天津生态环境(3250739191) 共发表33782条微博，本页抓取10个符合要求的item。已下滚7页，总共已抓取58个。还可滚动3371次，下一页id为5052714771810530。
2024-08-06 05:38:04 - INFO - 山西省生态环境厅(6083457940) 共发表15840条微博，本页抓取10个符合要求的item。已下滚7页，总共已抓取62个。还可滚动1577次，下一页id为5059436620286249。
2024-08-06 05:38:13 - INFO - 生态河北(1630430145) 共发表14855条微博，本页抓取10个符合要求的item。已下滚8页，总共已抓取75个。还可滚动1477次，下一页id为5054978005926252。
2024-08-06 05:38:18 - INFO - 内蒙古生态环境(5491398313) 共发表7934条微博，本页抓取10个符合要求的item。已下滚8页，总共已抓取75个。还可滚动785次，下一页id为5049796798973288。
2024-08-06 05:38:38 - INFO - 北京生态环境(2050142347) 共发表19140条微博，本页抓取10个符合要求的item。已下滚8页，总共已抓取47个。还可滚动1906次，下一页id为5058227307284375。
2024-08-06 05:39:07 - INFO - 天津生态环境(3250739191) 共发表33782条微博，本页抓取10个符合要求的item。已下滚8页，总共已抓取68个。还可滚动3370次，下一页id为5051085179850430。
2024-08-06 05:39:40 - INFO - 山西省生态环境厅(6083457940) 共发表15840条微博，本页抓取10个符合要求的item。已下滚8页，总共已抓取72个。还可滚动1576次，下一页id为5059072892604100。
2024-08-06 05:39:49 - INFO - 内蒙古生态环境(5491398313) 共发表7934条微博，本页抓取8个符合要求的item。已下滚9页，总共已抓取83个。还可滚动784次，下一页id为5044749694404646。
2024-08-06 05:39:54 - INFO - 生态河北(1630430145) 共发表14855条微博，本页抓取10个符合要求的item。已下滚9页，总共已抓取85个。还可滚动1476次，下一页id为5054509640058943。
2024-08-06 05:40:12 - INFO - 北京生态环境(2050142347) 共发表19140条微博，本页抓取10个符合要求的item。已下滚9页，总共已抓取57个。还可滚动1905次，下一页id为5057157838147010。
2024-08-06 05:40:31 - INFO - 天津生态环境(3250739191) 共发表33782条微博，本页抓取10个符合要求的item。已下滚9页，总共已抓取78个。还可滚动3369次，下一页id为5049583205876881。
2024-08-06 05:41:11 - INFO - 山西省生态环境厅(6083457940) 共发表15840条微博，本页抓取10个符合要求的item。已下滚9页，总共已抓取82个。还可滚动1575次，下一页id为5059061758297421。
2024-08-06 05:41:15 - INFO - 内蒙古生态环境(5491398313) 共发表7934条微博，本页抓取9个符合要求的item。已下滚10页，总共已抓取92个。还可滚动783次，下一页id为5043842687176824。
2024-08-06 05:41:25 - INFO - 生态河北(1630430145) 共发表14855条微博，本页抓取10个符合要求的item。已下滚10页，总共已抓取95个。还可滚动1475次，下一页id为5053886416817868。
2024-08-06 05:41:38 - INFO - 北京生态环境(2050142347) 共发表19140条微博，本页抓取10个符合要求的item。已下滚10页，总共已抓取67个。还可滚动1904次，下一页id为5055750873548968。
2024-08-06 05:42:15 - INFO - 天津生态环境(3250739191) 共发表33782条微博，本页抓取10个符合要求的item。已下滚10页，总共已抓取88个。还可滚动3368次，下一页id为5048169785724636。
2024-08-06 05:42:41 - INFO - 山西省生态环境厅(6083457940) 共发表15840条微博，本页抓取10个符合要求的item。已下滚10页，总共已抓取92个。还可滚动1574次，下一页id为5057990137479917。
2024-08-06 05:42:46 - INFO - 内蒙古生态环境(5491398313) 共发表7934条微博，本页抓取9个符合要求的item。已下滚11页，总共已抓取101个。还可滚动782次，下一页id为5042954251010976。
2024-08-06 05:42:51 - INFO - 生态河北(1630430145) 共发表14855条微博，本页抓取10个符合要求的item。已下滚11页，总共已抓取105个。还可滚动1474次，下一页id为5052722156143484。
2024-08-06 05:43:15 - INFO - 北京生态环境(2050142347) 共发表19140条微博，本页抓取10个符合要求的item。已下滚11页，总共已抓取77个。还可滚动1903次，下一页id为5055001361646896。
2024-08-06 05:43:55 - INFO - 天津生态环境(3250739191) 共发表33782条微博，本页抓取10个符合要求的item。已下滚11页，总共已抓取98个。还可滚动3367次，下一页id为5046922820454565。
2024-08-06 05:44:13 - INFO - 山西省生态环境厅(6083457940) 共发表15840条微博，本页抓取10个符合要求的item。已下滚11页，总共已抓取102个。还可滚动1573次，下一页id为5057853243787294。
2024-08-06 05:44:13 - INFO - 内蒙古生态环境(5491398313) 共发表7934条微博，本页抓取10个符合要求的item。已下滚12页，总共已抓取111个。还可滚动781次，下一页id为5041936406940646。
2024-08-06 05:44:22 - INFO - 生态河北(1630430145) 共发表14855条微博，本页抓取10个符合要求的item。已下滚12页，总共已抓取115个。还可滚动1473次，下一页id为5051722416784549。
2024-08-06 05:44:42 - INFO - 北京生态环境(2050142347) 共发表19140条微博，本页抓取10个符合要求的item。已下滚12页，总共已抓取87个。还可滚动1902次，下一页id为5053819992673883。
2024-08-06 05:45:32 - INFO - 天津生态环境(3250739191) 共发表33782条微博，本页抓取10个符合要求的item。已下滚12页，总共已抓取108个。还可滚动3366次，下一页id为5045477781537356。
2024-08-06 05:45:37 - INFO - 内蒙古生态环境(5491398313) 共发表7934条微博，本页抓取10个符合要求的item。已下滚13页，总共已抓取121个。还可滚动780次，下一页id为5040443184124441。
2024-08-06 05:45:55 - INFO - 山西省生态环境厅(6083457940) 共发表15840条微博，本页抓取10个符合要求的item。已下滚12页，总共已抓取112个。还可滚动1572次，下一页id为5056887909253387。
2024-08-06 05:46:04 - INFO - 生态河北(1630430145) 共发表14855条微博，本页抓取10个符合要求的item。已下滚13页，总共已抓取125个。还可滚动1472次，下一页id为5051265741229984。
2024-08-06 05:46:14 - INFO - 北京生态环境(2050142347) 共发表19140条微博，本页抓取10个符合要求的item。已下滚13页，总共已抓取97个。还可滚动1901次，下一页id为5052479077354038。
2024-08-06 05:46:59 - INFO - 天津生态环境(3250739191) 共发表33782条微博，本页抓取10个符合要求的item。已下滚13页，总共已抓取118个。还可滚动3365次，下一页id为5043762155488104。
2024-08-06 05:47:08 - INFO - 内蒙古生态环境(5491398313) 共发表7934条微博，本页抓取10个符合要求的item。已下滚14页，总共已抓取131个。还可滚动779次，下一页id为5039155146921775。
2024-08-06 05:47:31 - INFO - 山西省生态环境厅(6083457940) 共发表15840条微博，本页抓取10个符合要求的item。已下滚13页，总共已抓取122个。还可滚动1571次，下一页id为5056510226598458。
2024-08-06 05:47:36 - INFO - 生态河北(1630430145) 共发表14855条微博，本页抓取10个符合要求的item。已下滚14页，总共已抓取135个。还可滚动1471次，下一页id为5050185593914194。
2024-08-06 05:47:50 - INFO - 北京生态环境(2050142347) 共发表19140条微博，本页抓取10个符合要求的item。已下滚14页，总共已抓取107个。还可滚动1900次，下一页id为5051704795988771。
2024-08-06 05:48:34 - INFO - 天津生态环境(3250739191) 共发表33782条微博，本页抓取10个符合要求的item。已下滚14页，总共已抓取128个。还可滚动3364次，下一页id为5042297613847822。
2024-08-06 05:48:38 - INFO - 内蒙古生态环境(5491398313) 共发表7934条微博，本页抓取10个符合要求的item。已下滚15页，总共已抓取141个。还可滚动778次，下一页id为5037592695277965。
2024-08-06 05:48:55 - INFO - 山西省生态环境厅(6083457940) 共发表15840条微博，本页抓取10个符合要求的item。已下滚14页，总共已抓取132个。还可滚动1570次，下一页id为5056496758425628。
2024-08-06 05:49:13 - INFO - 生态河北(1630430145) 共发表14855条微博，本页抓取10个符合要求的item。已下滚15页，总共已抓取145个。还可滚动1470次，下一页id为5049438905307337。
2024-08-06 05:49:21 - INFO - 北京生态环境(2050142347) 共发表19140条微博，本页抓取10个符合要求的item。已下滚15页，总共已抓取117个。还可滚动1899次，下一页id为5050302522199933。
2024-08-06 05:50:15 - INFO - 天津生态环境(3250739191) 共发表33782条微博，本页抓取10个符合要求的item。已下滚15页，总共已抓取138个。还可滚动3363次，下一页id为5041572741906863。
2024-08-06 05:50:15 - INFO - 内蒙古生态环境(5491398313) 共发表7934条微博，本页抓取10个符合要求的item。已下滚16页，总共已抓取151个。还可滚动777次，下一页id为5036512104943671。
2024-08-06 05:50:47 - INFO - 山西省生态环境厅(6083457940) 共发表15840条微博，本页抓取10个符合要求的item。已下滚15页，总共已抓取142个。还可滚动1569次，下一页id为5055395569074600。
2024-08-06 05:50:51 - INFO - 生态河北(1630430145) 共发表14855条微博，本页抓取10个符合要求的item。已下滚16页，总共已抓取155个。还可滚动1469次，下一页id为5048181293320375。
2024-08-06 05:51:05 - INFO - 北京生态环境(2050142347) 共发表19140条微博，本页抓取10个符合要求的item。已下滚16页，总共已抓取127个。还可滚动1898次，下一页id为5049846392953149。
2024-08-06 05:51:40 - INFO - 天津生态环境(3250739191) 共发表33782条微博，本页抓取10个符合要求的item。已下滚16页，总共已抓取148个。还可滚动3362次，下一页id为5040832493651648。
2024-08-06 05:51:49 - INFO - 内蒙古生态环境(5491398313) 共发表7934条微博，本页抓取10个符合要求的item。已下滚17页，总共已抓取161个。还可滚动776次，下一页id为5035474710435648。
2024-08-06 05:52:29 - INFO - 山西省生态环境厅(6083457940) 共发表15840条微博，本页抓取10个符合要求的item。已下滚16页，总共已抓取152个。还可滚动1568次，下一页id为5054722157577724。
2024-08-06 05:52:29 - INFO - 生态河北(1630430145) 共发表14855条微博，本页抓取10个符合要求的item。已下滚17页，总共已抓取165个。还可滚动1468次，下一页id为5047298776892121。
2024-08-06 05:52:47 - INFO - 北京生态环境(2050142347) 共发表19140条微博，本页抓取10个符合要求的item。已下滚17页，总共已抓取137个。还可滚动1897次，下一页id为5049158398642523。
2024-08-06 05:53:04 - INFO - 天津生态环境(3250739191) 共发表33782条微博，本页抓取10个符合要求的item。已下滚17页，总共已抓取158个。还可滚动3361次，下一页id为5039433145648939。
2024-08-06 05:53:13 - INFO - 内蒙古生态环境(5491398313) 共发表7934条微博，本页抓取10个符合要求的item。已下滚18页，总共已抓取171个。还可滚动775次，下一页id为5034342659129687。
2024-08-06 05:53:35 - INFO - 生态河北(1630430145) 共发表14855条微博，本页抓取10个符合要求的item。已下滚18页，总共已抓取175个。还可滚动1467次，下一页id为5046629884758319。
2024-08-06 05:53:53 - INFO - 山西省生态环境厅(6083457940) 共发表15840条微博，本页抓取10个符合要求的item。已下滚17页，总共已抓取162个。还可滚动1567次，下一页id为5054341897523908。
2024-08-06 05:54:19 - INFO - 北京生态环境(2050142347) 共发表19140条微博，本页抓取10个符合要求的item。已下滚18页，总共已抓取147个。还可滚动1896次，下一页id为5048726621522780。
2024-08-06 05:54:46 - INFO - 天津生态环境(3250739191) 共发表33782条微博，本页抓取10个符合要求的item。已下滚18页，总共已抓取168个。还可滚动3360次，下一页id为5037553050978821。
2024-08-06 05:54:55 - INFO - 内蒙古生态环境(5491398313) 共发表7934条微博，本页抓取10个符合要求的item。已下滚19页，总共已抓取181个。还可滚动774次，下一页id为5032888213438645。
2024-08-06 05:55:00 - INFO - 生态河北(1630430145) 共发表14855条微博，本页抓取10个符合要求的item。已下滚19页，总共已抓取185个。还可滚动1466次，下一页id为5045476850927768。
2024-08-06 05:55:40 - INFO - 山西省生态环境厅(6083457940) 共发表15840条微博，本页抓取10个符合要求的item。已下滚18页，总共已抓取172个。还可滚动1566次，下一页id为5053983242588725。
2024-08-06 05:55:58 - INFO - 北京生态环境(2050142347) 共发表19140条微博，本页抓取10个符合要求的item。已下滚19页，总共已抓取157个。还可滚动1895次，下一页id为5047634861230062。
2024-08-06 05:56:25 - INFO - 天津生态环境(3250739191) 共发表33782条微博，本页抓取10个符合要求的item。已下滚19页，总共已抓取178个。还可滚动3359次，下一页id为5036083993644607。
2024-08-06 05:56:35 - INFO - 生态河北(1630430145) 共发表14855条微博，本页抓取10个符合要求的item。已下滚20页，总共已抓取195个。还可滚动1465次，下一页id为5044467259676266。
2024-08-06 05:56:35 - INFO - 内蒙古生态环境(5491398313) 共发表7934条微博，本页抓取7个符合要求的item。已下滚20页，总共已抓取188个。还可滚动773次，下一页id为5032071627541668。
2024-08-06 05:57:08 - INFO - 山西省生态环境厅(6083457940) 共发表15840条微博，本页抓取10个符合要求的item。已下滚19页，总共已抓取182个。还可滚动1565次，下一页id为5053975552593630。
2024-08-06 05:57:24 - INFO - 北京生态环境(2050142347) 共发表19140条微博，本页抓取10个符合要求的item。已下滚20页，总共已抓取167个。还可滚动1894次，下一页id为5046624215110329。
2024-08-06 05:57:43 - INFO - 天津生态环境(3250739191) 共发表33782条微博，本页抓取10个符合要求的item。已下滚20页，总共已抓取188个。还可滚动3358次，下一页id为5034323879399070。
2024-08-06 05:57:57 - INFO - 生态河北(1630430145) 共发表14855条微博，本页抓取10个符合要求的item。已下滚21页，总共已抓取205个。还可滚动1464次，下一页id为5043656732183670。
2024-08-06 05:58:06 - INFO - 内蒙古生态环境(5491398313) 共发表7934条微博，本页抓取10个符合要求的item。已下滚21页，总共已抓取198个。还可滚动772次，下一页id为5031009141919084。
2024-08-06 05:58:37 - INFO - 山西省生态环境厅(6083457940) 共发表15840条微博，本页抓取10个符合要求的item。已下滚20页，总共已抓取192个。还可滚动1564次，下一页id为5053965951829528。
2024-08-06 05:58:51 - INFO - 北京生态环境(2050142347) 共发表19140条微博，本页抓取10个符合要求的item。已下滚21页，总共已抓取177个。还可滚动1893次，下一页id为5045477963729795。
2024-08-06 05:59:14 - INFO - 天津生态环境(3250739191) 共发表33782条微博，本页抓取10个符合要求的item。已下滚21页，总共已抓取198个。还可滚动3357次，下一页id为5032795154680128。
2024-08-06 05:59:18 - INFO - 内蒙古生态环境(5491398313) 共发表7934条微博，本页抓取9个符合要求的item。已下滚22页，总共已抓取207个。还可滚动771次，下一页id为5029933782663997。
2024-08-06 05:59:28 - INFO - 生态河北(1630430145) 共发表14855条微博，本页抓取10个符合要求的item。已下滚22页，总共已抓取215个。还可滚动1463次，下一页id为5042680175791616。
2024-08-06 06:00:03 - INFO - 山西省生态环境厅(6083457940) 共发表15840条微博，本页抓取10个符合要求的item。已下滚21页，总共已抓取202个。还可滚动1563次，下一页id为5052487663092165。
2024-08-06 06:00:22 - INFO - 北京生态环境(2050142347) 共发表19140条微博，本页抓取10个符合要求的item。已下滚22页，总共已抓取187个。还可滚动1892次，下一页id为5044748559060597。
2024-08-06 06:00:38 - INFO - 天津生态环境(3250739191) 共发表33782条微博，本页抓取10个符合要求的item。已下滚22页，总共已抓取208个。还可滚动3356次，下一页id为5032165767383148。
2024-08-06 06:00:47 - INFO - 内蒙古生态环境(5491398313) 共发表7934条微博，本页抓取10个符合要求的item。已下滚23页，总共已抓取217个。还可滚动770次，下一页id为5028918010052769。
2024-08-06 06:01:06 - INFO - 生态河北(1630430145) 共发表14855条微博，本页抓取10个符合要求的item。已下滚23页，总共已抓取225个。还可滚动1462次，下一页id为5041943690086407。
2024-08-06 06:01:50 - INFO - 山西省生态环境厅(6083457940) 共发表15840条微博，本页抓取10个符合要求的item。已下滚22页，总共已抓取212个。还可滚动1562次，下一页id为5052166259871821。
2024-08-06 06:02:13 - INFO - 北京生态环境(2050142347) 共发表19140条微博，本页抓取10个符合要求的item。已下滚23页，总共已抓取197个。还可滚动1891次，下一页id为5044015789771165。
2024-08-06 06:02:18 - INFO - 天津生态环境(3250739191) 共发表33782条微博，本页抓取10个符合要求的item。已下滚23页，总共已抓取218个。还可滚动3355次，下一页id为5030410239347240。
2024-08-06 06:02:27 - INFO - 内蒙古生态环境(5491398313) 共发表7934条微博，本页抓取10个符合要求的item。已下滚24页，总共已抓取227个。还可滚动769次，下一页id为5027014190828677。
2024-08-06 06:02:39 - INFO - 生态河北(1630430145) 共发表14855条微博，本页抓取10个符合要求的item。已下滚24页，总共已抓取235个。还可滚动1461次，下一页id为5041466117721176。
2024-08-06 06:03:33 - INFO - 山西省生态环境厅(6083457940) 共发表15840条微博，本页抓取10个符合要求的item。已下滚23页，总共已抓取222个。还可滚动1561次，下一页id为5051800166597206。
2024-08-06 06:03:37 - INFO - 北京生态环境(2050142347) 共发表19140条微博，本页抓取10个符合要求的item。已下滚24页，总共已抓取207个。还可滚动1890次，下一页id为5042696811446495。
2024-08-06 06:03:56 - INFO - 天津生态环境(3250739191) 共发表33782条微博，本页抓取10个符合要求的item。已下滚24页，总共已抓取228个。还可滚动3354次，下一页id为5029145240929078。
2024-08-06 06:04:00 - INFO - 内蒙古生态环境(5491398313) 共发表7934条微博，本页抓取10个符合要求的item。已下滚25页，总共已抓取237个。还可滚动768次，下一页id为5026257882844218。
2024-08-06 06:04:14 - INFO - 生态河北(1630430145) 共发表14855条微博，本页抓取10个符合要求的item。已下滚25页，总共已抓取245个。还可滚动1460次，下一页id为5040863977669136。
2024-08-06 06:04:50 - INFO - 山西省生态环境厅(6083457940) 共发表15840条微博，本页抓取10个符合要求的item。已下滚24页，总共已抓取232个。还可滚动1560次，下一页id为5051414084846858。
2024-08-06 06:05:08 - INFO - 北京生态环境(2050142347) 共发表19140条微博，本页抓取10个符合要求的item。已下滚25页，总共已抓取217个。还可滚动1889次，下一页id为5041961822323602。
2024-08-06 06:05:22 - INFO - 内蒙古生态环境(5491398313) 共发表7934条微博，本页抓取10个符合要求的item。已下滚26页，总共已抓取247个。还可滚动767次，下一页id为5024559526838595。
2024-08-06 06:05:36 - INFO - 天津生态环境(3250739191) 共发表33782条微博，本页抓取10个符合要求的item。已下滚25页，总共已抓取238个。还可滚动3353次，下一页id为5027104011583852。
2024-08-06 06:05:54 - INFO - 生态河北(1630430145) 共发表14855条微博，本页抓取9个符合要求的item。已下滚26页，总共已抓取254个。还可滚动1459次，下一页id为5040394679881709。
2024-08-06 06:06:36 - INFO - 山西省生态环境厅(6083457940) 共发表15840条微博，本页抓取10个符合要求的item。已下滚25页，总共已抓取242个。还可滚动1559次，下一页id为5051406152892793。
2024-08-06 06:06:59 - INFO - 北京生态环境(2050142347) 共发表19140条微博，本页抓取9个符合要求的item。已下滚26页，总共已抓取226个。还可滚动1888次，下一页id为5041481364799977。
2024-08-06 06:07:04 - INFO - 内蒙古生态环境(5491398313) 共发表7934条微博，本页抓取9个符合要求的item。已下滚27页，总共已抓取256个。还可滚动766次，下一页id为5024190573053259。
2024-08-06 06:07:08 - INFO - 天津生态环境(3250739191) 共发表33782条微博，本页抓取10个符合要求的item。已下滚26页，总共已抓取248个。还可滚动3352次，下一页id为5024896659489502。
2024-08-06 06:07:18 - INFO - 生态河北(1630430145) 共发表14855条微博，本页抓取10个符合要求的item。已下滚27页，总共已抓取264个。还可滚动1458次，下一页id为5039788478432269。
2024-08-06 06:08:12 - INFO - 山西省生态环境厅(6083457940) 共发表15840条微博，本页抓取10个符合要求的item。已下滚26页，总共已抓取252个。还可滚动1558次，下一页id为5050319973125731。
2024-08-06 06:08:17 - INFO - 北京生态环境(2050142347) 共发表19140条微博，本页抓取10个符合要求的item。已下滚27页，总共已抓取236个。还可滚动1887次，下一页id为5040407276684270。
2024-08-06 06:08:22 - INFO - 内蒙古生态环境(5491398313) 共发表7934条微博，本页抓取10个符合要求的item。已下滚28页，总共已抓取266个。还可滚动765次，下一页id为5023870329295298。
2024-08-06 06:08:26 - INFO - 天津生态环境(3250739191) 共发表33782条微博，本页抓取10个符合要求的item。已下滚27页，总共已抓取258个。还可滚动3351次，下一页id为5023424562595363。
2024-08-06 06:08:40 - INFO - 生态河北(1630430145) 共发表14855条微博，本页抓取10个符合要求的item。已下滚28页，总共已抓取274个。还可滚动1457次，下一页id为5038606534053488。
2024-08-06 06:09:14 - INFO - 山西省生态环境厅(6083457940) 共发表15840条微博，本页抓取10个符合要求的item。已下滚27页，总共已抓取262个。还可滚动1557次，下一页id为5049951539434136。
2024-08-06 06:09:28 - INFO - 北京生态环境(2050142347) 共发表19140条微博，本页抓取10个符合要求的item。已下滚28页，总共已抓取246个。还可滚动1886次，下一页id为5040063417420970。
2024-08-06 06:09:37 - INFO - 内蒙古生态环境(5491398313) 共发表7934条微博，本页抓取10个符合要求的item。已下滚29页，总共已抓取276个。还可滚动764次，下一页id为5023503339751601。
2024-08-06 06:09:37 - INFO - 天津生态环境(3250739191) 共发表33782条微博，本页抓取10个符合要求的item。已下滚28页，总共已抓取268个。还可滚动3350次，下一页id为5022630579013596。
2024-08-06 06:09:51 - INFO - 生态河北(1630430145) 共发表14855条微博，本页抓取10个符合要求的item。已下滚29页，总共已抓取284个。还可滚动1456次，下一页id为5037243454458435。
2024-08-06 06:10:11 - INFO - 山西省生态环境厅(6083457940) 共发表15840条微博，本页抓取10个符合要求的item。已下滚28页，总共已抓取272个。还可滚动1556次，下一页id为5049589375959327。
2024-08-06 06:10:39 - INFO - 北京生态环境(2050142347) 共发表19140条微博，本页抓取10个符合要求的item。已下滚29页，总共已抓取256个。还可滚动1885次，下一页id为5039734496430050。
2024-08-06 06:10:49 - INFO - 天津生态环境(3250739191) 共发表33782条微博，本页抓取9个符合要求的item。已下滚29页，总共已抓取277个。还可滚动3349次，下一页id为5022077744583036。
2024-08-06 06:10:53 - INFO - 内蒙古生态环境(5491398313) 共发表7934条微博，本页抓取10个符合要求的item。已下滚30页，总共已抓取286个。还可滚动763次，下一页id为5021994465366713。
2024-08-06 06:10:58 - INFO - 生态河北(1630430145) 共发表14855条微博，本页抓取10个符合要求的item。已下滚30页，总共已抓取294个。还可滚动1455次，下一页id为5036767142481936。
2024-08-06 06:11:40 - INFO - 山西省生态环境厅(6083457940) 共发表15840条微博，本页抓取10个符合要求的item。已下滚29页，总共已抓取282个。还可滚动1555次，下一页id为5049224678605893。
2024-08-06 06:11:45 - INFO - 天津生态环境(3250739191) 共发表33782条微博，本页抓取10个符合要求的item。已下滚30页，总共已抓取287个。还可滚动3348次，下一页id为5021279515574847。
2024-08-06 06:11:58 - INFO - 北京生态环境(2050142347) 共发表19140条微博，本页抓取10个符合要求的item。已下滚30页，总共已抓取266个。还可滚动1884次，下一页id为5039324552240841。
2024-08-06 06:12:03 - INFO - 内蒙古生态环境(5491398313) 共发表7934条微博，本页抓取9个符合要求的item。已下滚31页，总共已抓取295个。还可滚动762次，下一页id为5021383112003306。
2024-08-06 06:12:07 - INFO - 生态河北(1630430145) 共发表14855条微博，本页抓取10个符合要求的item。已下滚31页，总共已抓取304个。还可滚动1454次，下一页id为5035784558348951。
2024-08-06 06:12:29 - INFO - 山西省生态环境厅(6083457940) 共发表15840条微博，本页抓取10个符合要求的item。已下滚30页，总共已抓取292个。还可滚动1554次，下一页id为5048541263696627。
2024-08-06 06:12:43 - INFO - 天津生态环境(3250739191) 共发表33782条微博，本页抓取10个符合要求的item。已下滚31页，总共已抓取297个。还可滚动3347次，下一页id为5020246012330800。
2024-08-06 06:12:52 - INFO - 北京生态环境(2050142347) 共发表19140条微博，本页抓取10个符合要求的item。已下滚31页，总共已抓取276个。还可滚动1883次，下一页id为5038944285103001。
2024-08-06 06:13:02 - INFO - 内蒙古生态环境(5491398313) 共发表7934条微博，本页抓取10个符合要求的item。已下滚32页，总共已抓取305个。还可滚动761次，下一页id为5020830042164247。
2024-08-06 06:13:06 - INFO - 生态河北(1630430145) 共发表14855条微博，本页抓取10个符合要求的item。已下滚32页，总共已抓取314个。还可滚动1453次，下一页id为5034761455667478。
2024-08-06 06:13:37 - INFO - 山西省生态环境厅(6083457940) 共发表15840条微博，本页抓取10个符合要求的item。已下滚31页，总共已抓取302个。还可滚动1553次，下一页id为5047824934244032。
2024-08-06 06:13:47 - INFO - 天津生态环境(3250739191) 共发表33782条微博，本页抓取10个符合要求的item。已下滚32页，总共已抓取307个。还可滚动3346次，下一页id为5018275434205078。
2024-08-06 06:14:05 - INFO - 北京生态环境(2050142347) 共发表19140条微博，本页抓取10个符合要求的item。已下滚32页，总共已抓取286个。还可滚动1882次，下一页id为5037510799396948。
2024-08-06 06:14:10 - INFO - 内蒙古生态环境(5491398313) 共发表7934条微博，本页抓取9个符合要求的item。已下滚33页，总共已抓取314个。还可滚动760次，下一页id为5019914127803565。
2024-08-06 06:14:14 - INFO - 生态河北(1630430145) 共发表14855条微博，本页抓取10个符合要求的item。已下滚33页，总共已抓取324个。还可滚动1452次，下一页id为5033599942527471。
2024-08-06 06:14:58 - INFO - 山西省生态环境厅(6083457940) 共发表15840条微博，本页抓取10个符合要求的item。已下滚32页，总共已抓取312个。还可滚动1552次，下一页id为5047702360951894。
2024-08-06 06:15:02 - INFO - 天津生态环境(3250739191) 共发表33782条微博，本页抓取10个符合要求的item。已下滚33页，总共已抓取317个。还可滚动3345次，下一页id为5014243640344881。
2024-08-06 06:15:16 - INFO - 北京生态环境(2050142347) 共发表19140条微博，本页抓取10个符合要求的item。已下滚33页，总共已抓取296个。还可滚动1881次，下一页id为5036523890675579。
2024-08-06 06:15:25 - INFO - 内蒙古生态环境(5491398313) 共发表7934条微博，本页抓取9个符合要求的item。已下滚34页，总共已抓取323个。还可滚动759次，下一页id为5017568209274600。
2024-08-06 06:15:40 - INFO - 生态河北(1630430145) 共发表14855条微博，本页抓取10个符合要求的item。已下滚34页，总共已抓取334个。还可滚动1451次，下一页id为5032787713462908。
2024-08-06 06:16:21 - INFO - 山西省生态环境厅(6083457940) 共发表15840条微博，本页抓取10个符合要求的item。已下滚33页，总共已抓取322个。还可滚动1551次，下一页id为5047461711712834。
2024-08-06 06:16:34 - INFO - 天津生态环境(3250739191) 共发表33782条微博，本页抓取10个符合要求的item。已下滚34页，总共已抓取327个。还可滚动3344次，下一页id为5009937417634560。
2024-08-06 06:16:48 - INFO - 北京生态环境(2050142347) 共发表19140条微博，本页抓取10个符合要求的item。已下滚34页，总共已抓取306个。还可滚动1880次，下一页id为5036043436297554。
2024-08-06 06:16:53 - INFO - 内蒙古生态环境(5491398313) 共发表7934条微博，本页抓取10个符合要求的item。已下滚35页，总共已抓取333个。还可滚动758次，下一页id为5016483310601130。
2024-08-06 06:16:57 - INFO - 生态河北(1630430145) 共发表14855条微博，本页抓取10个符合要求的item。已下滚35页，总共已抓取344个。还可滚动1450次，下一页id为5031768855940607。
2024-08-06 06:17:45 - INFO - 山西省生态环境厅(6083457940) 共发表15840条微博，本页抓取10个符合要求的item。已下滚34页，总共已抓取332个。还可滚动1550次，下一页id为5046690814099686。
2024-08-06 06:17:45 - INFO - 天津生态环境(3250739191) 共发表33782条微博，本页抓取9个符合要求的item。已下滚35页，总共已抓取336个。还可滚动3343次，下一页id为5006084693036503。
2024-08-06 06:17:54 - INFO - 北京生态环境(2050142347) 共发表19140条微博，本页抓取10个符合要求的item。已下滚35页，总共已抓取316个。还可滚动1879次，下一页id为5035076544629873。
2024-08-06 06:18:03 - INFO - 内蒙古生态环境(5491398313) 共发表7934条微博，本页抓取10个符合要求的item。已下滚36页，总共已抓取343个。还可滚动757次，下一页id为5014043595901542。
2024-08-06 06:18:13 - INFO - 生态河北(1630430145) 共发表14855条微博，本页抓取10个符合要求的item。已下滚36页，总共已抓取354个。还可滚动1449次，下一页id为5030981456628796。
2024-08-06 06:18:31 - INFO - 天津生态环境(3250739191) 共发表33782条微博，本页抓取10个符合要求的item。已下滚36页，总共已抓取346个。还可滚动3342次，下一页id为5001592459234206。
2024-08-06 06:19:17 - INFO - 山西省生态环境厅(6083457940) 共发表15840条微博，本页抓取10个符合要求的item。已下滚35页，总共已抓取342个。还可滚动1549次，下一页id为5046376356387587。
2024-08-06 06:19:26 - INFO - 北京生态环境(2050142347) 共发表19140条微博，本页抓取10个符合要求的item。已下滚36页，总共已抓取326个。还可滚动1878次，下一页id为5034691620770818。
2024-08-06 06:19:31 - INFO - 内蒙古生态环境(5491398313) 共发表7934条微博，本页抓取10个符合要求的item。已下滚37页，总共已抓取353个。还可滚动756次，下一页id为5011227675988003。
2024-08-06 06:19:35 - INFO - 生态河北(1630430145) 共发表14855条微博，本页抓取10个符合要求的item。已下滚37页，总共已抓取364个。还可滚动1448次，下一页id为5030247590530631。
2024-08-06 06:19:40 - INFO - 天津生态环境(3250739191) 共发表33782条微博，本页抓取10个符合要求的item。已下滚37页，总共已抓取356个。还可滚动3341次，下一页id为4997459673612427。
2024-08-06 06:20:32 - INFO - 山西省生态环境厅(6083457940) 共发表15840条微博，本页抓取10个符合要求的item。已下滚36页，总共已抓取352个。还可滚动1548次，下一页id为5045274471307353。
2024-08-06 06:20:41 - INFO - 内蒙古生态环境(5491398313) 共发表7934条微博，本页抓取8个符合要求的item。已下滚38页，总共已抓取361个。还可滚动755次，下一页id为5010787960096439。
2024-08-06 06:20:50 - INFO - 北京生态环境(2050142347) 共发表19140条微博，本页抓取10个符合要求的item。已下滚37页，总共已抓取336个。还可滚动1877次，下一页id为5034305578077657。
2024-08-06 06:20:55 - INFO - 生态河北(1630430145) 共发表14855条微博，本页抓取10个符合要求的item。已下滚38页，总共已抓取374个。还可滚动1447次，下一页id为5028422654887818。
2024-08-06 06:21:13 - INFO - 天津生态环境(3250739191) 共发表33782条微博，本页抓取10个符合要求的item。已下滚38页，总共已抓取366个。还可滚动3340次，下一页id为4994902838215688。
2024-08-06 06:21:32 - INFO - 山西省生态环境厅(6083457940) 共发表15840条微博，本页抓取10个符合要求的item。已下滚37页，总共已抓取362个。还可滚动1547次，下一页id为5044875487874259。
2024-08-06 06:21:41 - INFO - 内蒙古生态环境(5491398313) 共发表7934条微博，本页抓取10个符合要求的item。已下滚39页，总共已抓取371个。还可滚动754次，下一页id为5009609172193844。
2024-08-06 06:21:55 - INFO - 北京生态环境(2050142347) 共发表19140条微博，本页抓取10个符合要求的item。已下滚38页，总共已抓取346个。还可滚动1876次，下一页id为5034235385614096。
2024-08-06 06:21:59 - INFO - 生态河北(1630430145) 共发表14855条微博，本页抓取10个符合要求的item。已下滚39页，总共已抓取384个。还可滚动1446次，下一页id为5027457758926236。
2024-08-06 06:22:11 - INFO - 天津生态环境(3250739191) 共发表33782条微博，本页抓取9个符合要求的item。已下滚39页，总共已抓取375个。还可滚动3339次，下一页id为4992929691863332。
2024-08-06 06:22:41 - INFO - 山西省生态环境厅(6083457940) 共发表15840条微博，本页抓取10个符合要求的item。已下滚38页，总共已抓取372个。还可滚动1546次，下一页id为5044188915961447。
2024-08-06 06:22:45 - INFO - 内蒙古生态环境(5491398313) 共发表7934条微博，本页抓取10个符合要求的item。已下滚40页，总共已抓取381个。还可滚动753次，下一页id为5008906726937342。
2024-08-06 06:22:59 - INFO - 北京生态环境(2050142347) 共发表19140条微博，本页抓取10个符合要求的item。已下滚39页，总共已抓取356个。还可滚动1875次，下一页id为5033643164566236。
2024-08-06 06:23:04 - INFO - 生态河北(1630430145) 共发表14855条微博，本页抓取10个符合要求的item。已下滚40页，总共已抓取394个。还可滚动1445次，下一页id为5026611770689197。
2024-08-06 06:23:13 - INFO - 天津生态环境(3250739191) 共发表33782条微博，本页抓取9个符合要求的item。已下滚40页，总共已抓取384个。还可滚动3338次，下一页id为4990551986799004。
2024-08-06 06:23:47 - INFO - 山西省生态环境厅(6083457940) 共发表15840条微博，本页抓取10个符合要求的item。已下滚39页，总共已抓取382个。还可滚动1545次，下一页id为5044175200324212。
2024-08-06 06:23:52 - INFO - 内蒙古生态环境(5491398313) 共发表7934条微博，本页抓取8个符合要求的item。已下滚41页，总共已抓取389个。还可滚动752次，下一页id为5008494455949383。
2024-08-06 06:24:01 - INFO - 北京生态环境(2050142347) 共发表19140条微博，本页抓取10个符合要求的item。已下滚40页，总共已抓取366个。还可滚动1874次，下一页id为5032779274520210。
2024-08-06 06:24:10 - INFO - 生态河北(1630430145) 共发表14855条微博，本页抓取10个符合要求的item。已下滚41页，总共已抓取404个。还可滚动1444次，下一页id为5025995016373710。
2024-08-06 06:24:15 - INFO - 天津生态环境(3250739191) 共发表33782条微博，本页抓取10个符合要求的item。已下滚41页，总共已抓取394个。还可滚动3337次，下一页id为4986574383089197。
2024-08-06 06:24:45 - INFO - 山西省生态环境厅(6083457940) 共发表15840条微博，本页抓取10个符合要求的item。已下滚40页，总共已抓取392个。还可滚动1544次，下一页id为5044160690130249。
2024-08-06 06:24:50 - INFO - 内蒙古生态环境(5491398313) 共发表7934条微博，本页抓取9个符合要求的item。已下滚42页，总共已抓取398个。还可滚动751次，下一页id为5008168050491590。
2024-08-06 06:25:08 - INFO - 北京生态环境(2050142347) 共发表19140条微博，本页抓取10个符合要求的item。已下滚41页，总共已抓取376个。还可滚动1873次，下一页id为5032176900638217。
2024-08-06 06:25:17 - INFO - 生态河北(1630430145) 共发表14855条微博，本页抓取10个符合要求的item。已下滚42页，总共已抓取414个。还可滚动1443次，下一页id为5024920887366881。
2024-08-06 06:25:22 - INFO - 天津生态环境(3250739191) 共发表33782条微博，本页抓取10个符合要求的item。已下滚42页，总共已抓取404个。还可滚动3336次，下一页id为4982081244891113。
2024-08-06 06:25:47 - INFO - 山西省生态环境厅(6083457940) 共发表15840条微博，本页抓取10个符合要求的item。已下滚41页，总共已抓取402个。还可滚动1543次，下一页id为5042403515302948。
2024-08-06 06:25:52 - INFO - 内蒙古生态环境(5491398313) 共发表7934条微博，本页抓取10个符合要求的item。已下滚43页，总共已抓取408个。还可滚动750次，下一页id为5006099252513168。
2024-08-06 06:26:10 - INFO - 北京生态环境(2050142347) 共发表19140条微博，本页抓取10个符合要求的item。已下滚42页，总共已抓取386个。还可滚动1872次，下一页id为5031055697118004。
2024-08-06 06:26:20 - INFO - 天津生态环境(3250739191) 共发表33782条微博，本页抓取10个符合要求的item。已下滚43页，总共已抓取414个。还可滚动3335次，下一页id为4980576076961817。
2024-08-06 06:26:33 - INFO - 生态河北(1630430145) 共发表14855条微博，本页抓取10个符合要求的item。已下滚43页，总共已抓取424个。还可滚动1442次，下一页id为5024074155952129。
2024-08-06 06:27:06 - INFO - 山西省生态环境厅(6083457940) 共发表15840条微博，本页抓取10个符合要求的item。已下滚42页，总共已抓取412个。还可滚动1542次，下一页id为5041979811434091。
2024-08-06 06:27:11 - INFO - 内蒙古生态环境(5491398313) 共发表7934条微博，本页抓取10个符合要求的item。已下滚44页，总共已抓取418个。还可滚动749次，下一页id为5004248200249947。
2024-08-06 06:27:15 - INFO - 北京生态环境(2050142347) 共发表19140条微博，本页抓取10个符合要求的item。已下滚43页，总共已抓取396个。还可滚动1871次，下一页id为5029895823952329。
2024-08-06 06:27:28 - INFO - 天津生态环境(3250739191) 共发表33782条微博，本页抓取10个符合要求的item。已下滚44页，总共已抓取424个。还可滚动3334次，下一页id为4974176976767947。
2024-08-06 06:27:35 - INFO - 生态河北(1630430145) 共发表14855条微博，本页抓取10个符合要求的item。已下滚44页，总共已抓取434个。还可滚动1441次，下一页id为5023432222180093。
2024-08-06 06:28:02 - INFO - 山西省生态环境厅(6083457940) 共发表15840条微博，本页抓取10个符合要求的item。已下滚43页，总共已抓取422个。还可滚动1541次，下一页id为5041641159918613。
2024-08-06 06:28:11 - INFO - 内蒙古生态环境(5491398313) 共发表7934条微博，本页抓取10个符合要求的item。已下滚45页，总共已抓取428个。还可滚动748次，下一页id为5003159961600555。
2024-08-06 06:28:16 - INFO - 北京生态环境(2050142347) 共发表19140条微博，本页抓取10个符合要求的item。已下滚44页，总共已抓取406个。还可滚动1870次，下一页id为5028552984232192。
2024-08-06 06:28:21 - INFO - 天津生态环境(3250739191) 共发表33782条微博，本页抓取10个符合要求的item。已下滚45页，总共已抓取434个。还可滚动3333次，下一页id为4963589809507511。
2024-08-06 06:28:30 - INFO - 生态河北(1630430145) 共发表14855条微博，本页抓取10个符合要求的item。已下滚45页，总共已抓取444个。还可滚动1440次，下一页id为5022353474191819。
2024-08-06 06:28:55 - INFO - 山西省生态环境厅(6083457940) 共发表15840条微博，本页抓取10个符合要求的item。已下滚44页，总共已抓取432个。还可滚动1540次，下一页id为5041186905788338。
2024-08-06 06:29:00 - INFO - 内蒙古生态环境(5491398313) 共发表7934条微博，本页抓取10个符合要求的item。已下滚46页，总共已抓取438个。还可滚动747次，下一页id为4999475743691695。
2024-08-06 06:29:23 - INFO - 北京生态环境(2050142347) 共发表19140条微博，本页抓取10个符合要求的item。已下滚45页，总共已抓取416个。还可滚动1869次，下一页id为5028172896145401。
2024-08-06 06:29:37 - INFO - 天津生态环境(3250739191) 共发表33782条微博，本页抓取10个符合要求的item。已下滚46页，总共已抓取444个。还可滚动3332次，下一页id为4958843534051324。
2024-08-06 06:29:46 - INFO - 生态河北(1630430145) 共发表14855条微博，本页抓取9个符合要求的item。已下滚46页，总共已抓取453个。还可滚动1439次，下一页id为5021280067916720。
2024-08-06 06:30:04 - INFO - 内蒙古生态环境(5491398313) 共发表7934条微博，本页抓取10个符合要求的item。已下滚47页，总共已抓取448个。还可滚动746次，下一页id为4998453896419584。
2024-08-06 06:30:04 - INFO - 山西省生态环境厅(6083457940) 共发表15840条微博，本页抓取10个符合要求的item。已下滚45页，总共已抓取442个。还可滚动1539次，下一页id为5041092013590317。
2024-08-06 06:30:16 - INFO - 北京生态环境(2050142347) 共发表19140条微博，本页抓取10个符合要求的item。已下滚46页，总共已抓取426个。还可滚动1868次，下一页id为5027714241397967。
2024-08-06 06:31:06 - INFO - 天津生态环境(3250739191) 共发表33782条微博，本页抓取10个符合要求的item。已下滚47页，总共已抓取454个。还可滚动3331次，下一页id为4957494029847172。
2024-08-06 06:31:06 - INFO - 生态河北(1630430145) 共发表14855条微博，本页抓取10个符合要求的item。已下滚47页，总共已抓取463个。还可滚动1438次，下一页id为5020568055190697。
2024-08-06 06:31:15 - INFO - 内蒙古生态环境(5491398313) 共发表7934条微博，本页抓取10个符合要求的item。已下滚48页，总共已抓取458个。还可滚动745次，下一页id为4997658160661880。
2024-08-06 06:31:20 - INFO - 山西省生态环境厅(6083457940) 共发表15840条微博，本页抓取9个符合要求的item。已下滚46页，总共已抓取451个。还可滚动1538次，下一页id为5039825428416059。
2024-08-06 06:31:37 - INFO - 北京生态环境(2050142347) 共发表19140条微博，本页抓取10个符合要求的item。已下滚47页，总共已抓取436个。还可滚动1867次，下一页id为5026736016460219。
2024-08-06 06:31:58 - INFO - 生态河北(1630430145) 共发表14855条微博，本页抓取10个符合要求的item。已下滚48页，总共已抓取473个。还可滚动1437次，下一页id为5019472245296523。
2024-08-06 06:32:07 - INFO - 天津生态环境(3250739191) 共发表33782条微博，本页抓取10个符合要求的item。已下滚48页，总共已抓取464个。还可滚动3330次，下一页id为4952877744265996。
2024-08-06 06:32:16 - INFO - 内蒙古生态环境(5491398313) 共发表7934条微博，本页抓取10个符合要求的item。已下滚49页，总共已抓取468个。还可滚动744次，下一页id为4997000670217925。
2024-08-06 06:32:49 - INFO - 山西省生态环境厅(6083457940) 共发表15840条微博，本页抓取10个符合要求的item。已下滚47页，总共已抓取461个。还可滚动1537次，下一页id为5039478895544210。
2024-08-06 06:32:53 - INFO - 北京生态环境(2050142347) 共发表19140条微博，本页抓取10个符合要求的item。已下滚48页，总共已抓取446个。还可滚动1866次，下一页id为5025885384083377。
2024-08-06 06:33:16 - INFO - 生态河北(1630430145) 共发表14855条微博，本页抓取10个符合要求的item。已下滚49页，总共已抓取483个。还可滚动1436次，下一页id为5018354853615969。
2024-08-06 06:33:30 - INFO - 天津生态环境(3250739191) 共发表33782条微博，本页抓取10个符合要求的item。已下滚49页，总共已抓取474个。还可滚动3329次，下一页id为4945881024433232。
2024-08-06 06:33:34 - INFO - 内蒙古生态环境(5491398313) 共发表7934条微博，本页抓取8个符合要求的item。已下滚50页，总共已抓取476个。还可滚动743次，下一页id为4996652349528337。
2024-08-06 06:34:08 - INFO - 山西省生态环境厅(6083457940) 共发表15840条微博，本页抓取10个符合要求的item。已下滚48页，总共已抓取471个。还可滚动1536次，下一页id为5038775841590977。
2024-08-06 06:34:31 - INFO - 北京生态环境(2050142347) 共发表19140条微博，本页抓取10个符合要求的item。已下滚49页，总共已抓取456个。还可滚动1865次，下一页id为5024943907014901。
2024-08-06 06:34:40 - INFO - 生态河北(1630430145) 共发表14855条微博，本页抓取10个符合要求的item。已下滚50页，总共已抓取493个。还可滚动1435次，下一页id为5017267488164330。
2024-08-06 06:35:03 - INFO - 内蒙古生态环境(5491398313) 共发表7934条微博，本页抓取10个符合要求的item。已下滚51页，总共已抓取486个。还可滚动742次，下一页id为4996273057038352。
2024-08-06 06:35:30 - INFO - 天津生态环境(3250739191) 共发表33782条微博，本页抓取10个符合要求的item。已下滚50页，总共已抓取484个。还可滚动3328次，下一页id为4944424313294312。
2024-08-06 06:35:44 - INFO - 山西省生态环境厅(6083457940) 共发表15840条微博，本页抓取10个符合要求的item。已下滚49页，总共已抓取481个。还可滚动1535次，下一页id为5038016630099104。
2024-08-06 06:36:03 - INFO - 北京生态环境(2050142347) 共发表19140条微博，本页抓取10个符合要求的item。已下滚50页，总共已抓取466个。还可滚动1864次，下一页id为5024514538737761。
2024-08-06 06:36:08 - INFO - 生态河北(1630430145) 共发表14855条微博，本页抓取10个符合要求的item。已下滚51页，总共已抓取503个。还可滚动1434次，下一页id为5016592654009706。
2024-08-06 06:36:20 - INFO - 内蒙古生态环境(5491398313) 共发表7934条微博，本页抓取10个符合要求的item。已下滚52页，总共已抓取496个。还可滚动741次，下一页id为4995904283612267。
2024-08-06 06:36:47 - INFO - 天津生态环境(3250739191) 共发表33782条微博，本页抓取10个符合要求的item。已下滚51页，总共已抓取494个。还可滚动3327次，下一页id为4938913015399910。
2024-08-06 06:37:33 - INFO - 山西省生态环境厅(6083457940) 共发表15840条微博，本页抓取10个符合要求的item。已下滚50页，总共已抓取491个。还可滚动1534次，下一页id为5037263956479969。
2024-08-06 06:37:51 - INFO - 内蒙古生态环境(5491398313) 共发表7934条微博，本页抓取10个符合要求的item。已下滚53页，总共已抓取506个。还可滚动740次，下一页id为4995464896185825。
2024-08-06 06:38:00 - INFO - 生态河北(1630430145) 共发表14855条微博，本页抓取10个符合要求的item。已下滚52页，总共已抓取513个。还可滚动1433次，下一页id为5015823353909229。
2024-08-06 06:38:00 - INFO - 北京生态环境(2050142347) 共发表19140条微博，本页抓取10个符合要求的item。已下滚51页，总共已抓取476个。还可滚动1863次，下一页id为5024109895877317。
2024-08-06 06:38:33 - INFO - 天津生态环境(3250739191) 共发表33782条微博，本页抓取10个符合要求的item。已下滚52页，总共已抓取504个。还可滚动3326次，下一页id为4935042075464092。
2024-08-06 06:39:12 - INFO - 山西省生态环境厅(6083457940) 共发表15840条微博，本页抓取10个符合要求的item。已下滚51页，总共已抓取501个。还可滚动1533次，下一页id为5036576742576614。
2024-08-06 06:39:17 - INFO - 内蒙古生态环境(5491398313) 共发表7934条微博，本页抓取9个符合要求的item。已下滚54页，总共已抓取515个。还可滚动739次，下一页id为4994447549139895。
2024-08-06 06:39:31 - INFO - 生态河北(1630430145) 共发表14855条微博，本页抓取10个符合要求的item。已下滚53页，总共已抓取523个。还可滚动1432次，下一页id为5014654721721758。
2024-08-06 06:39:41 - INFO - 北京生态环境(2050142347) 共发表19140条微博，本页抓取10个符合要求的item。已下滚52页，总共已抓取486个。还可滚动1862次，下一页id为5023478533066694。
2024-08-06 06:40:25 - INFO - 天津生态环境(3250739191) 共发表33782条微博，本页抓取10个符合要求的item。已下滚53页，总共已抓取514个。还可滚动3325次，下一页id为4932464374186101。
2024-08-06 06:41:00 - INFO - 山西省生态环境厅(6083457940) 共发表15840条微博，本页抓取10个符合要求的item。已下滚52页，总共已抓取511个。还可滚动1532次，下一页id为5035124700485255。
2024-08-06 06:41:04 - INFO - 内蒙古生态环境(5491398313) 共发表7934条微博，本页抓取9个符合要求的item。已下滚55页，总共已抓取524个。还可滚动738次，下一页id为4993660292434840。
2024-08-06 06:41:09 - INFO - 生态河北(1630430145) 共发表14855条微博，本页抓取9个符合要求的item。已下滚54页，总共已抓取532个。还可滚动1431次，下一页id为5013924947168529。
2024-08-06 06:41:14 - INFO - 北京生态环境(2050142347) 共发表19140条微博，本页抓取10个符合要求的item。已下滚53页，总共已抓取496个。还可滚动1861次，下一页id为5023142693311915。
2024-08-06 06:41:47 - INFO - 天津生态环境(3250739191) 共发表33782条微博，本页抓取10个符合要求的item。已下滚54页，总共已抓取524个。还可滚动3324次，下一页id为4930206080699162。
2024-08-06 06:42:31 - INFO - 内蒙古生态环境(5491398313) 共发表7934条微博，本页抓取9个符合要求的item。已下滚56页，总共已抓取533个。还可滚动737次，下一页id为4993014292283973。
2024-08-06 06:42:49 - INFO - 山西省生态环境厅(6083457940) 共发表15840条微博，本页抓取10个符合要求的item。已下滚53页，总共已抓取521个。还可滚动1531次，下一页id为5034389090338546。
2024-08-06 06:42:58 - INFO - 生态河北(1630430145) 共发表14855条微博，本页抓取10个符合要求的item。已下滚55页，总共已抓取542个。还可滚动1430次，下一页id为5013297433149695。
2024-08-06 06:43:07 - INFO - 北京生态环境(2050142347) 共发表19140条微博，本页抓取10个符合要求的item。已下滚54页，总共已抓取506个。还可滚动1860次，下一页id为5023119888353968。
2024-08-06 06:43:12 - INFO - 天津生态环境(3250739191) 共发表33782条微博，本页抓取10个符合要求的item。已下滚55页，总共已抓取534个。还可滚动3323次，下一页id为4926934369436725。
2024-08-06 06:43:33 - INFO - 内蒙古生态环境(5491398313) 共发表7934条微博，本页抓取10个符合要求的item。已下滚57页，总共已抓取543个。还可滚动736次，下一页id为4991565392776866。
2024-08-06 06:44:03 - INFO - 山西省生态环境厅(6083457940) 共发表15840条微博，本页抓取10个符合要求的item。已下滚54页，总共已抓取531个。还可滚动1530次，下一页id为5034015769756227。
2024-08-06 06:44:07 - INFO - 生态河北(1630430145) 共发表14855条微博，本页抓取10个符合要求的item。已下滚56页，总共已抓取552个。还可滚动1429次，下一页id为5012225204685565。
2024-08-06 06:44:17 - INFO - 天津生态环境(3250739191) 共发表33782条微博，本页抓取10个符合要求的item。已下滚56页，总共已抓取544个。还可滚动3322次，下一页id为4924026181650285。
2024-08-06 06:44:21 - INFO - 内蒙古生态环境(5491398313) 共发表7934条微博，本页抓取8个符合要求的item。已下滚58页，总共已抓取551个。还可滚动735次，下一页id为4990837957597856。
2024-08-06 06:45:08 - INFO - 山西省生态环境厅(6083457940) 共发表15840条微博，本页抓取10个符合要求的item。已下滚55页，总共已抓取541个。还可滚动1529次，下一页id为5032977802985909。
2024-08-06 06:45:12 - INFO - 天津生态环境(3250739191) 共发表33782条微博，本页抓取10个符合要求的item。已下滚57页，总共已抓取554个。还可滚动3321次，下一页id为4920791554331252。
2024-08-06 06:45:12 - INFO - 生态河北(1630430145) 共发表14855条微博，本页抓取10个符合要求的item。已下滚57页，总共已抓取562个。还可滚动1428次，下一页id为5011472052914782。
2024-08-06 06:45:21 - INFO - 内蒙古生态环境(5491398313) 共发表7934条微博，本页抓取8个符合要求的item。已下滚59页，总共已抓取559个。还可滚动734次，下一页id为4990230518828160。
2024-08-06 06:45:55 - INFO - 山西省生态环境厅(6083457940) 共发表15840条微博，本页抓取10个符合要求的item。已下滚56页，总共已抓取551个。还可滚动1528次，下一页id为5032567387195751。
2024-08-06 06:46:00 - INFO - 生态河北(1630430145) 共发表14855条微博，本页抓取10个符合要求的item。已下滚58页，总共已抓取572个。还可滚动1427次，下一页id为5010743919905562。
2024-08-06 06:46:04 - INFO - 内蒙古生态环境(5491398313) 共发表7934条微博，本页抓取10个符合要求的item。已下滚60页，总共已抓取569个。还可滚动733次，下一页id为4988644267919295。
2024-08-06 06:46:36 - INFO - 天津生态环境(3250739191) 共发表33782条微博，本页抓取10个符合要求的item。已下滚58页，总共已抓取564个。还可滚动3320次，下一页id为4919084954946202。
2024-08-06 06:46:59 - INFO - 山西省生态环境厅(6083457940) 共发表15840条微博，本页抓取10个符合要求的item。已下滚57页，总共已抓取561个。还可滚动1527次，下一页id为5031830501197625。
2024-08-06 06:46:59 - INFO - 内蒙古生态环境(5491398313) 共发表7934条微博，本页抓取9个符合要求的item。已下滚61页，总共已抓取578个。还可滚动732次，下一页id为4988312922360912。
2024-08-06 06:47:13 - INFO - 生态河北(1630430145) 共发表14855条微博，本页抓取10个符合要求的item。已下滚59页，总共已抓取582个。还可滚动1426次，下一页id为5010041948602515。
2024-08-06 06:47:22 - INFO - 天津生态环境(3250739191) 共发表33782条微博，本页抓取10个符合要求的item。已下滚59页，总共已抓取574个。还可滚动3319次，下一页id为4917168447163372。
2024-08-06 06:47:38 - INFO - 内蒙古生态环境(5491398313) 共发表7934条微博，本页抓取10个符合要求的item。已下滚62页，总共已抓取588个。还可滚动731次，下一页id为4987932100529359。
2024-08-06 06:47:57 - INFO - 山西省生态环境厅(6083457940) 共发表15840条微博，本页抓取10个符合要求的item。已下滚58页，总共已抓取571个。还可滚动1526次，下一页id为5031496555431721。
2024-08-06 06:48:01 - INFO - 生态河北(1630430145) 共发表14855条微博，本页抓取10个符合要求的item。已下滚60页，总共已抓取592个。还可滚动1425次，下一页id为5009342729030353。
2024-08-06 06:48:01 - INFO - 天津生态环境(3250739191) 共发表33782条微博，本页抓取10个符合要求的item。已下滚60页，总共已抓取584个。还可滚动3318次，下一页id为4916435857703498。
2024-08-06 06:48:11 - INFO - 内蒙古生态环境(5491398313) 共发表7934条微博，本页抓取8个符合要求的item。已下滚63页，总共已抓取596个。还可滚动730次，下一页id为4986493919563405。
2024-08-06 06:48:40 - INFO - 山西省生态环境厅(6083457940) 共发表15840条微博，本页抓取10个符合要求的item。已下滚59页，总共已抓取581个。还可滚动1525次，下一页id为5031122578185312。
2024-08-06 06:48:49 - INFO - 生态河北(1630430145) 共发表14855条微博，本页抓取10个符合要求的item。已下滚61页，总共已抓取602个。还可滚动1424次，下一页id为5008605638821810。
2024-08-06 06:48:53 - INFO - 内蒙古生态环境(5491398313) 共发表7934条微博，本页抓取10个符合要求的item。已下滚64页，总共已抓取606个。还可滚动729次，下一页id为4985778413243664。
2024-08-06 06:49:21 - INFO - 天津生态环境(3250739191) 共发表33782条微博，本页抓取10个符合要求的item。已下滚61页，总共已抓取594个。还可滚动3317次，下一页id为4915371960962605。
2024-08-06 06:49:40 - INFO - 山西省生态环境厅(6083457940) 共发表15840条微博，本页抓取10个符合要求的item。已下滚60页，总共已抓取591个。还可滚动1524次，下一页id为5030398524129660。
2024-08-06 06:49:49 - INFO - 生态河北(1630430145) 共发表14855条微博，本页抓取10个符合要求的item。已下滚62页，总共已抓取612个。还可滚动1423次，下一页id为5008146917755076。
2024-08-06 06:49:53 - INFO - 内蒙古生态环境(5491398313) 共发表7934条微博，本页抓取10个符合要求的item。已下滚65页，总共已抓取616个。还可滚动728次，下一页id为4983943338136321。
2024-08-06 06:50:03 - INFO - 天津生态环境(3250739191) 共发表33782条微博，本页抓取10个符合要求的item。已下滚62页，总共已抓取604个。还可滚动3316次，下一页id为4913853609017715。
2024-08-06 06:50:25 - INFO - 山西省生态环境厅(6083457940) 共发表15840条微博，本页抓取10个符合要求的item。已下滚61页，总共已抓取601个。还可滚动1523次，下一页id为5028587721198007。
2024-08-06 06:50:30 - INFO - 生态河北(1630430145) 共发表14855条微博，本页抓取10个符合要求的item。已下滚63页，总共已抓取622个。还可滚动1422次，下一页id为5006680578590085。
2024-08-06 06:50:35 - INFO - 内蒙古生态环境(5491398313) 共发表7934条微博，本页抓取10个符合要求的item。已下滚66页，总共已抓取626个。还可滚动727次，下一页id为4983210444851062。
2024-08-06 06:50:39 - INFO - 天津生态环境(3250739191) 共发表33782条微博，本页抓取10个符合要求的item。已下滚63页，总共已抓取614个。还可滚动3315次，下一页id为4912102508069872。
2024-08-06 06:51:19 - INFO - 山西省生态环境厅(6083457940) 共发表15840条微博，本页抓取10个符合要求的item。已下滚62页，总共已抓取611个。还可滚动1522次，下一页id为5028237573361609。
2024-08-06 06:51:19 - INFO - 生态河北(1630430145) 共发表14855条微博，本页抓取10个符合要求的item。已下滚64页，总共已抓取632个。还可滚动1421次，下一页id为5005588981874936。
2024-08-06 06:51:28 - INFO - 内蒙古生态环境(5491398313) 共发表7934条微博，本页抓取10个符合要求的item。已下滚67页，总共已抓取636个。还可滚动726次，下一页id为4982875873873940。
2024-08-06 06:51:37 - INFO - 天津生态环境(3250739191) 共发表33782条微博，本页抓取10个符合要求的item。已下滚64页，总共已抓取624个。还可滚动3314次，下一页id为4909277589800588。
2024-08-06 06:51:48 - INFO - 生态河北(1630430145) 共发表14855条微博，本页抓取10个符合要求的item。已下滚65页，总共已抓取642个。还可滚动1420次，下一页id为5004253011905864。
2024-08-06 06:52:16 - INFO - 山西省生态环境厅(6083457940) 共发表15840条微博，本页抓取10个符合要求的item。已下滚63页，总共已抓取621个。还可滚动1521次，下一页id为5027481038622764。
2024-08-06 06:52:20 - INFO - 内蒙古生态环境(5491398313) 共发表7934条微博，本页抓取10个符合要求的item。已下滚68页，总共已抓取646个。还可滚动725次，下一页id为4980661280573487。
2024-08-06 06:52:25 - INFO - 天津生态环境(3250739191) 共发表33782条微博，本页抓取10个符合要求的item。已下滚65页，总共已抓取634个。还可滚动3313次，下一页id为4907030312125873。
2024-08-06 06:52:25 - INFO - 生态河北(1630430145) 共发表14855条微博，本页抓取10个符合要求的item。已下滚66页，总共已抓取652个。还可滚动1419次，下一页id为5003180046552907。
2024-08-06 06:52:57 - INFO - 山西省生态环境厅(6083457940) 共发表15840条微博，本页抓取10个符合要求的item。已下滚64页，总共已抓取631个。还可滚动1520次，下一页id为5027189550750718。
2024-08-06 06:53:02 - INFO - 内蒙古生态环境(5491398313) 共发表7934条微博，本页抓取10个符合要求的item。已下滚69页，总共已抓取656个。还可滚动724次，下一页id为4978516435928502。
2024-08-06 06:53:11 - INFO - 生态河北(1630430145) 共发表14855条微博，本页抓取10个符合要求的item。已下滚67页，总共已抓取662个。还可滚动1418次，下一页id为5001318574067258。
2024-08-06 06:53:20 - INFO - 天津生态环境(3250739191) 共发表33782条微博，本页抓取10个符合要求的item。已下滚66页，总共已抓取644个。还可滚动3312次，下一页id为4904149021625766。
2024-08-06 06:53:30 - INFO - 山西省生态环境厅(6083457940) 共发表15840条微博，本页抓取10个符合要求的item。已下滚65页，总共已抓取641个。还可滚动1519次，下一页id为5026400165168914。
2024-08-06 06:53:44 - INFO - 内蒙古生态环境(5491398313) 共发表7934条微博，本页抓取10个符合要求的item。已下滚70页，总共已抓取666个。还可滚动723次，下一页id为4977704881623004。
2024-08-06 06:53:48 - INFO - 生态河北(1630430145) 共发表14855条微博，本页抓取10个符合要求的item。已下滚68页，总共已抓取672个。还可滚动1417次，下一页id为4998829651530972。
2024-08-06 06:53:53 - INFO - 天津生态环境(3250739191) 共发表33782条微博，本页抓取10个符合要求的item。已下滚67页，总共已抓取654个。还可滚动3311次，下一页id为4900880853765227。
2024-08-06 06:54:19 - INFO - 山西省生态环境厅(6083457940) 共发表15840条微博，本页抓取10个符合要求的item。已下滚66页，总共已抓取651个。还可滚动1518次，下一页id为5026032421437600。
2024-08-06 06:54:23 - INFO - 内蒙古生态环境(5491398313) 共发表7934条微博，本页抓取10个符合要求的item。已下滚71页，总共已抓取676个。还可滚动722次，下一页id为4976708110780450。
2024-08-06 06:54:33 - INFO - 生态河北(1630430145) 共发表14855条微博，本页抓取10个符合要求的item。已下滚69页，总共已抓取682个。还可滚动1416次，下一页id为4998367203557600。
2024-08-06 06:54:38 - INFO - 天津生态环境(3250739191) 共发表33782条微博，本页抓取10个符合要求的item。已下滚68页，总共已抓取664个。还可滚动3310次，下一页id为4898327797435761。
2024-08-06 06:55:02 - INFO - 山西省生态环境厅(6083457940) 共发表15840条微博，本页抓取10个符合要求的item。已下滚67页，总共已抓取661个。还可滚动1517次，下一页id为5024984429497427。
2024-08-06 06:55:07 - INFO - 内蒙古生态环境(5491398313) 共发表7934条微博，本页抓取10个符合要求的item。已下滚72页，总共已抓取686个。还可滚动721次，下一页id为4975979328177103。
2024-08-06 06:55:17 - INFO - 生态河北(1630430145) 共发表14855条微博，本页抓取10个符合要求的item。已下滚70页，总共已抓取692个。还可滚动1415次，下一页id为4997627546700391。
2024-08-06 06:55:53 - INFO - 天津生态环境(3250739191) 共发表33782条微博，本页抓取10个符合要求的item。已下滚69页，总共已抓取674个。还可滚动3309次，下一页id为4896948731775406。
2024-08-06 06:56:35 - INFO - 内蒙古生态环境(5491398313) 共发表7934条微博，本页抓取10个符合要求的item。已下滚73页，总共已抓取696个。还可滚动720次，下一页id为4975617247809276。
2024-08-06 06:56:44 - INFO - 山西省生态环境厅(6083457940) 共发表15840条微博，本页抓取10个符合要求的item。已下滚68页，总共已抓取671个。还可滚动1516次，下一页id为5023856570140493。
2024-08-06 06:56:48 - INFO - 生态河北(1630430145) 共发表14855条微博，本页抓取10个符合要求的item。已下滚71页，总共已抓取702个。还可滚动1414次，下一页id为4996291115877854。
2024-08-06 06:56:55 - INFO - 天津生态环境(3250739191) 共发表33782条微博，本页抓取10个符合要求的item。已下滚70页，总共已抓取684个。还可滚动3308次，下一页id为4893666407617683。
2024-08-06 06:57:30 - INFO - 内蒙古生态环境(5491398313) 共发表7934条微博，本页抓取10个符合要求的item。已下滚74页，总共已抓取706个。还可滚动719次，下一页id为4975165311551229。
2024-08-06 06:57:57 - INFO - 山西省生态环境厅(6083457940) 共发表15840条微博，本页抓取10个符合要求的item。已下滚69页，总共已抓取681个。还可滚动1515次，下一页id为5023501071157404。
2024-08-06 06:58:16 - INFO - 天津生态环境(3250739191) 共发表33782条微博，本页抓取10个符合要求的item。已下滚71页，总共已抓取694个。还可滚动3307次，下一页id为4890862251147915。
2024-08-06 06:58:20 - INFO - 内蒙古生态环境(5491398313) 共发表7934条微博，本页抓取10个符合要求的item。已下滚75页，总共已抓取716个。还可滚动718次，下一页id为4975164009744234。
2024-08-06 06:58:59 - INFO - 山西省生态环境厅(6083457940) 共发表15840条微博，本页抓取10个符合要求的item。已下滚70页，总共已抓取691个。还可滚动1514次，下一页id为5022434359775915。
2024-08-06 06:59:08 - INFO - 天津生态环境(3250739191) 共发表33782条微博，本页抓取10个符合要求的item。已下滚72页，总共已抓取704个。还可滚动3306次，下一页id为4889991702645171。
2024-08-06 06:59:12 - INFO - 内蒙古生态环境(5491398313) 共发表7934条微博，本页抓取10个符合要求的item。已下滚76页，总共已抓取726个。还可滚动717次，下一页id为4974179490728094。
2024-08-06 06:59:31 - INFO - 山西省生态环境厅(6083457940) 共发表15840条微博，本页抓取10个符合要求的item。已下滚71页，总共已抓取701个。还可滚动1513次，下一页id为5021349728485811。
2024-08-06 06:59:40 - INFO - 天津生态环境(3250739191) 共发表33782条微博，本页抓取10个符合要求的item。已下滚73页，总共已抓取714个。还可滚动3305次，下一页id为4887812450550210。
2024-08-06 06:59:45 - INFO - 内蒙古生态环境(5491398313) 共发表7934条微博，本页抓取10个符合要求的item。已下滚77页，总共已抓取736个。还可滚动716次，下一页id为4973829827068597。
2024-08-06 07:00:25 - INFO - 山西省生态环境厅(6083457940) 共发表15840条微博，本页抓取10个符合要求的item。已下滚72页，总共已抓取711个。还可滚动1512次，下一页id为5020631811492553。
2024-08-06 07:01:06 - INFO - 内蒙古生态环境(5491398313) 共发表7934条微博，本页抓取10个符合要求的item。已下滚78页，总共已抓取746个。还可滚动715次，下一页id为4973445144643232。
2024-08-06 07:01:15 - INFO - 天津生态环境(3250739191) 共发表33782条微博，本页抓取10个符合要求的item。已下滚74页，总共已抓取724个。还可滚动3304次，下一页id为4886025262334676。
2024-08-06 07:01:43 - INFO - 山西省生态环境厅(6083457940) 共发表15840条微博，本页抓取10个符合要求的item。已下滚73页，总共已抓取721个。还可滚动1511次，下一页id为5019195456621340。
2024-08-06 07:02:00 - INFO - 内蒙古生态环境(5491398313) 共发表7934条微博，本页抓取10个符合要求的item。已下滚79页，总共已抓取756个。还可滚动714次，下一页id为4972740324101545。
2024-08-06 07:02:12 - INFO - 天津生态环境(3250739191) 共发表33782条微博，本页抓取10个符合要求的item。已下滚75页，总共已抓取734个。还可滚动3303次，下一页id为4883542179320079。
2024-08-06 07:02:51 - INFO - 山西省生态环境厅(6083457940) 共发表15840条微博，本页抓取10个符合要求的item。已下滚74页，总共已抓取731个。还可滚动1510次，下一页id为5018460335902013。
2024-08-06 07:02:56 - INFO - 内蒙古生态环境(5491398313) 共发表7934条微博，本页抓取10个符合要求的item。已下滚80页，总共已抓取766个。还可滚动713次，下一页id为4972713799849751。
2024-08-06 07:03:05 - INFO - 天津生态环境(3250739191) 共发表33782条微博，本页抓取10个符合要求的item。已下滚76页，总共已抓取744个。还可滚动3302次，下一页id为4882010772603162。
2024-08-06 07:04:02 - INFO - 山西省生态环境厅(6083457940) 共发表15840条微博，本页抓取10个符合要求的item。已下滚75页，总共已抓取741个。还可滚动1509次，下一页id为5017746998036864。
2024-08-06 07:04:12 - INFO - 内蒙古生态环境(5491398313) 共发表7934条微博，本页抓取10个符合要求的item。已下滚81页，总共已抓取776个。还可滚动712次，下一页id为4970918763562332。
2024-08-06 07:04:44 - INFO - 天津生态环境(3250739191) 共发表33782条微博，本页抓取10个符合要求的item。已下滚77页，总共已抓取754个。还可滚动3301次，下一页id为4880596776781213。
2024-08-06 07:04:48 - INFO - 内蒙古生态环境(5491398313) 共发表7934条微博，本页抓取10个符合要求的item。已下滚82页，总共已抓取786个。还可滚动711次，下一页id为4970177570800133。
2024-08-06 07:05:25 - INFO - 山西省生态环境厅(6083457940) 共发表15840条微博，本页抓取10个符合要求的item。已下滚76页，总共已抓取751个。还可滚动1508次，下一页id为5016642027260974。
2024-08-06 07:05:30 - INFO - 内蒙古生态环境(5491398313) 共发表7934条微博，本页抓取10个符合要求的item。已下滚83页，总共已抓取796个。还可滚动710次，下一页id为4969108028260789。
2024-08-06 07:05:53 - INFO - 天津生态环境(3250739191) 共发表33782条微博，本页抓取10个符合要求的item。已下滚78页，总共已抓取764个。还可滚动3300次，下一页id为4878144563320136。
2024-08-06 07:06:17 - INFO - 山西省生态环境厅(6083457940) 共发表15840条微博，本页抓取10个符合要求的item。已下滚77页，总共已抓取761个。还可滚动1507次，下一页id为5016335117454057。
2024-08-06 07:06:31 - INFO - 内蒙古生态环境(5491398313) 共发表7934条微博，本页抓取10个符合要求的item。已下滚84页，总共已抓取806个。还可滚动709次，下一页id为4968736419218554。
2024-08-06 07:06:46 - INFO - 天津生态环境(3250739191) 共发表33782条微博，本页抓取10个符合要求的item。已下滚79页，总共已抓取774个。还可滚动3299次，下一页id为4875950104252708。
2024-08-06 07:07:12 - INFO - 山西省生态环境厅(6083457940) 共发表15840条微博，本页抓取10个符合要求的item。已下滚78页，总共已抓取771个。还可滚动1506次，下一页id为5015217931290548。
2024-08-06 07:07:21 - INFO - 内蒙古生态环境(5491398313) 共发表7934条微博，本页抓取10个符合要求的item。已下滚85页，总共已抓取816个。还可滚动708次，下一页id为4968015911454893。
2024-08-06 07:07:31 - INFO - 天津生态环境(3250739191) 共发表33782条微博，本页抓取10个符合要求的item。已下滚80页，总共已抓取784个。还可滚动3298次，下一页id为4872591271791550。
2024-08-06 07:08:03 - INFO - 山西省生态环境厅(6083457940) 共发表15840条微博，本页抓取10个符合要求的item。已下滚79页，总共已抓取781个。还可滚动1505次，下一页id为5014126953238471。
2024-08-06 07:08:12 - INFO - 内蒙古生态环境(5491398313) 共发表7934条微博，本页抓取10个符合要求的item。已下滚86页，总共已抓取826个。还可滚动707次，下一页id为4966569886089317。
2024-08-06 07:08:17 - INFO - 天津生态环境(3250739191) 共发表33782条微博，本页抓取10个符合要求的item。已下滚81页，总共已抓取794个。还可滚动3297次，下一页id为4870458350765777。
2024-08-06 07:08:38 - INFO - 山西省生态环境厅(6083457940) 共发表15840条微博，本页抓取10个符合要求的item。已下滚80页，总共已抓取791个。还可滚动1504次，下一页id为5013363391726503。
2024-08-06 07:08:43 - INFO - 内蒙古生态环境(5491398313) 共发表7934条微博，本页抓取10个符合要求的item。已下滚87页，总共已抓取836个。还可滚动706次，下一页id为4966210700312908。
2024-08-06 07:08:47 - INFO - 天津生态环境(3250739191) 共发表33782条微博，本页抓取10个符合要求的item。已下滚82页，总共已抓取804个。还可滚动3296次，下一页id为4867510358772545。
2024-08-06 07:09:22 - INFO - 山西省生态环境厅(6083457940) 共发表15840条微博，本页抓取10个符合要求的item。已下滚81页，总共已抓取801个。还可滚动1503次，下一页id为5011920633467453。
2024-08-06 07:09:40 - INFO - 内蒙古生态环境(5491398313) 共发表7934条微博，本页抓取10个符合要求的item。已下滚88页，总共已抓取846个。还可滚动705次，下一页id为4966114431080527。
2024-08-06 07:09:40 - INFO - 天津生态环境(3250739191) 共发表33782条微博，本页抓取10个符合要求的item。已下滚83页，总共已抓取814个。还可滚动3295次，下一页id为4864233517613902。
2024-08-06 07:10:19 - INFO - 山西省生态环境厅(6083457940) 共发表15840条微博，本页抓取10个符合要求的item。已下滚82页，总共已抓取811个。还可滚动1502次，下一页id为5011572303593617。
2024-08-06 07:10:24 - INFO - 内蒙古生态环境(5491398313) 共发表7934条微博，本页抓取10个符合要求的item。已下滚89页，总共已抓取856个。还可滚动704次，下一页id为4965146814324448。
2024-08-06 07:10:33 - INFO - 天津生态环境(3250739191) 共发表33782条微博，本页抓取10个符合要求的item。已下滚84页，总共已抓取824个。还可滚动3294次，下一页id为4861039952795720。
2024-08-06 07:11:19 - INFO - 山西省生态环境厅(6083457940) 共发表15840条微博，本页抓取10个符合要求的item。已下滚83页，总共已抓取821个。还可滚动1501次，下一页id为5010842397972073。
2024-08-06 07:11:37 - INFO - 内蒙古生态环境(5491398313) 共发表7934条微博，本页抓取10个符合要求的item。已下滚90页，总共已抓取866个。还可滚动703次，下一页id为4965015155379710。
2024-08-06 07:11:46 - INFO - 天津生态环境(3250739191) 共发表33782条微博，本页抓取10个符合要求的item。已下滚85页，总共已抓取834个。还可滚动3293次，下一页id为4857830240947531。
2024-08-06 07:12:25 - INFO - 山西省生态环境厅(6083457940) 共发表15840条微博，本页抓取10个符合要求的item。已下滚84页，总共已抓取831个。还可滚动1500次，下一页id为5010736363605313。
2024-08-06 07:12:48 - INFO - 内蒙古生态环境(5491398313) 共发表7934条微博，本页抓取10个符合要求的item。已下滚91页，总共已抓取876个。还可滚动702次，下一页id为4963669881652352。
2024-08-06 07:13:02 - INFO - 天津生态环境(3250739191) 共发表33782条微博，本页抓取10个符合要求的item。已下滚86页，总共已抓取844个。还可滚动3292次，下一页id为4854500852763900。
2024-08-06 07:13:21 - INFO - 山西省生态环境厅(6083457940) 共发表15840条微博，本页抓取10个符合要求的item。已下滚85页，总共已抓取841个。还可滚动1499次，下一页id为5008685950570865。
2024-08-06 07:13:47 - INFO - 内蒙古生态环境(5491398313) 共发表7934条微博，本页抓取10个符合要求的item。已下滚92页，总共已抓取886个。还可滚动701次，下一页id为4962913406684238。
2024-08-06 07:13:52 - INFO - 天津生态环境(3250739191) 共发表33782条微博，本页抓取10个符合要求的item。已下滚87页，总共已抓取854个。还可滚动3291次，下一页id为4854106106105109。
2024-08-06 07:14:32 - INFO - 山西省生态环境厅(6083457940) 共发表15840条微博，本页抓取10个符合要求的item。已下滚86页，总共已抓取851个。还可滚动1498次，下一页id为5007591182960818。
2024-08-06 07:14:37 - INFO - 天津生态环境(3250739191) 共发表33782条微博，本页抓取10个符合要求的item。已下滚88页，总共已抓取864个。还可滚动3290次，下一页id为4851914494182567。
2024-08-06 07:15:04 - INFO - 内蒙古生态环境(5491398313) 共发表7934条微博，本页抓取10个符合要求的item。已下滚93页，总共已抓取896个。还可滚动700次，下一页id为4962489437262016。
2024-08-06 07:15:37 - INFO - 山西省生态环境厅(6083457940) 共发表15840条微博，本页抓取10个符合要求的item。已下滚87页，总共已抓取861个。还可滚动1497次，下一页id为5006841614175011。
2024-08-06 07:15:42 - INFO - 天津生态环境(3250739191) 共发表33782条微博，本页抓取10个符合要求的item。已下滚89页，总共已抓取874个。还可滚动3289次，下一页id为4848655686699669。
2024-08-06 07:15:53 - INFO - 内蒙古生态环境(5491398313) 共发表7934条微博，本页抓取10个符合要求的item。已下滚94页，总共已抓取906个。还可滚动699次，下一页id为4962488196271992。
2024-08-06 07:16:40 - INFO - 山西省生态环境厅(6083457940) 共发表15840条微博，本页抓取10个符合要求的item。已下滚88页，总共已抓取871个。还可滚动1496次，下一页id为5006122967371570。
2024-08-06 07:16:49 - INFO - 天津生态环境(3250739191) 共发表33782条微博，本页抓取10个符合要求的item。已下滚90页，总共已抓取884个。还可滚动3288次，下一页id为4846868532561082。
2024-08-06 07:16:54 - INFO - 内蒙古生态环境(5491398313) 共发表7934条微博，本页抓取9个符合要求的item。已下滚95页，总共已抓取915个。还可滚动698次，下一页id为4961127768786961。
2024-08-06 07:17:20 - INFO - 山西省生态环境厅(6083457940) 共发表15840条微博，本页抓取10个符合要求的item。已下滚89页，总共已抓取881个。还可滚动1495次，下一页id为5004655178813314。
2024-08-06 07:17:29 - INFO - 天津生态环境(3250739191) 共发表33782条微博，本页抓取10个符合要求的item。已下滚91页，总共已抓取894个。还可滚动3287次，下一页id为4844680078689409。
2024-08-06 07:17:43 - INFO - 内蒙古生态环境(5491398313) 共发表7934条微博，本页抓取10个符合要求的item。已下滚96页，总共已抓取925个。还可滚动697次，下一页id为4960761543920389。
2024-08-06 07:18:06 - INFO - 山西省生态环境厅(6083457940) 共发表15840条微博，本页抓取10个符合要求的item。已下滚90页，总共已抓取891个。还可滚动1494次，下一页id为5003577896471176。
2024-08-06 07:18:15 - INFO - 天津生态环境(3250739191) 共发表33782条微博，本页抓取10个符合要求的item。已下滚92页，总共已抓取904个。还可滚动3286次，下一页id为4843267672507289。
2024-08-06 07:18:29 - INFO - 内蒙古生态环境(5491398313) 共发表7934条微博，本页抓取10个符合要求的item。已下滚97页，总共已抓取935个。还可滚动696次，下一页id为4960429383355576。
2024-08-06 07:19:01 - INFO - 山西省生态环境厅(6083457940) 共发表15840条微博，本页抓取10个符合要求的item。已下滚91页，总共已抓取901个。还可滚动1493次，下一页id为5002531740060572。
2024-08-06 07:19:19 - INFO - 天津生态环境(3250739191) 共发表33782条微博，本页抓取10个符合要求的item。已下滚93页，总共已抓取914个。还可滚动3285次，下一页id为4842667521343852。
2024-08-06 07:19:33 - INFO - 内蒙古生态环境(5491398313) 共发表7934条微博，本页抓取10个符合要求的item。已下滚98页，总共已抓取945个。还可滚动695次，下一页id为4959938986640416。
2024-08-06 07:19:38 - INFO - 山西省生态环境厅(6083457940) 共发表15840条微博，本页抓取10个符合要求的item。已下滚92页，总共已抓取911个。还可滚动1492次，下一页id为5000685010027394。
2024-08-06 07:19:49 - INFO - 天津生态环境(3250739191) 共发表33782条微博，本页抓取10个符合要求的item。已下滚94页，总共已抓取924个。还可滚动3284次，下一页id为4840799630786694。
2024-08-06 07:20:11 - INFO - 内蒙古生态环境(5491398313) 共发表7934条微博，本页抓取9个符合要求的item。已下滚99页，总共已抓取954个。还可滚动694次，下一页id为4959225669486652。
2024-08-06 07:20:25 - INFO - 天津生态环境(3250739191) 共发表33782条微博，本页抓取10个符合要求的item。已下滚95页，总共已抓取934个。还可滚动3283次，下一页id为4840711743350359。
2024-08-06 07:20:38 - INFO - 山西省生态环境厅(6083457940) 共发表15840条微博，本页抓取10个符合要求的item。已下滚93页，总共已抓取921个。还可滚动1491次，下一页id为4999264566510597。
2024-08-06 07:20:43 - INFO - 内蒙古生态环境(5491398313) 共发表7934条微博，本页抓取10个符合要求的item。已下滚100页，总共已抓取964个。还可滚动693次，下一页id为4959225048728135。
2024-08-06 07:20:58 - INFO - 天津生态环境(3250739191) 共发表33782条微博，本页抓取10个符合要求的item。已下滚96页，总共已抓取944个。还可滚动3282次，下一页id为4837571753152929。
2024-08-06 07:21:12 - INFO - 山西省生态环境厅(6083457940) 共发表15840条微博，本页抓取10个符合要求的item。已下滚94页，总共已抓取931个。还可滚动1490次，下一页id为4998885332225134。
2024-08-06 07:21:21 - INFO - 内蒙古生态环境(5491398313) 共发表7934条微博，本页抓取10个符合要求的item。已下滚101页，总共已抓取974个。还可滚动692次，下一页id为4958109991699860。
2024-08-06 07:21:26 - INFO - 天津生态环境(3250739191) 共发表33782条微博，本页抓取10个符合要求的item。已下滚97页，总共已抓取954个。还可滚动3281次，下一页id为4835284049462939。
2024-08-06 07:22:04 - INFO - 山西省生态环境厅(6083457940) 共发表15840条微博，本页抓取10个符合要求的item。已下滚95页，总共已抓取941个。还可滚动1489次，下一页id为4998058792980881。
2024-08-06 07:22:18 - INFO - 内蒙古生态环境(5491398313) 共发表7934条微博，本页抓取10个符合要求的item。已下滚102页，总共已抓取984个。还可滚动691次，下一页id为4957523675185891。
2024-08-06 07:22:22 - INFO - 天津生态环境(3250739191) 共发表33782条微博，本页抓取10个符合要求的item。已下滚98页，总共已抓取964个。还可滚动3280次，下一页id为4834235410022836。
2024-08-06 07:22:52 - INFO - 山西省生态环境厅(6083457940) 共发表15840条微博，本页抓取10个符合要求的item。已下滚96页，总共已抓取951个。还可滚动1488次，下一页id为4996711787270437。
2024-08-06 07:22:57 - INFO - 天津生态环境(3250739191) 共发表33782条微博，本页抓取10个符合要求的item。已下滚99页，总共已抓取974个。还可滚动3279次，下一页id为4833094970908313。
2024-08-06 07:23:20 - INFO - 内蒙古生态环境(5491398313) 共发表7934条微博，本页抓取10个符合要求的item。已下滚103页，总共已抓取994个。还可滚动690次，下一页id为4956698683901880。
2024-08-06 07:23:50 - INFO - 山西省生态环境厅(6083457940) 共发表15840条微博，本页抓取10个符合要求的item。已下滚97页，总共已抓取961个。还可滚动1487次，下一页id为4995987747901413。
2024-08-06 07:23:54 - INFO - 天津生态环境(3250739191) 共发表33782条微博，本页抓取10个符合要求的item。已下滚100页，总共已抓取984个。还可滚动3278次，下一页id为4831983487943437。
2024-08-06 07:24:02 - INFO - 内蒙古生态环境(5491398313) 共发表7934条微博，本页抓取10个符合要求的item。已下滚104页，总共已抓取1004个。还可滚动689次，下一页id为4956045631293012。
2024-08-06 07:24:46 - INFO - 山西省生态环境厅(6083457940) 共发表15840条微博，本页抓取10个符合要求的item。已下滚98页，总共已抓取971个。还可滚动1486次，下一页id为4995629810188801。
2024-08-06 07:24:46 - INFO - 天津生态环境(3250739191) 共发表33782条微博，本页抓取10个符合要求的item。已下滚101页，总共已抓取994个。还可滚动3277次，下一页id为4831334151226440。
2024-08-06 07:25:04 - INFO - 内蒙古生态环境(5491398313) 共发表7934条微博，本页抓取10个符合要求的item。已下滚105页，总共已抓取1014个。还可滚动688次，下一页id为4954964691518744。
2024-08-06 07:25:11 - INFO - 天津生态环境(3250739191) 共发表33782条微博，本页抓取10个符合要求的item。已下滚102页，总共已抓取1004个。还可滚动3276次，下一页id为4830561039814549。
2024-08-06 07:25:39 - INFO - 山西省生态环境厅(6083457940) 共发表15840条微博，本页抓取10个符合要求的item。已下滚99页，总共已抓取981个。还可滚动1485次，下一页id为4995265939904613。
2024-08-06 07:25:58 - INFO - 内蒙古生态环境(5491398313) 共发表7934条微博，本页抓取10个符合要求的item。已下滚106页，总共已抓取1024个。还可滚动687次，下一页id为4954253884132815。
2024-08-06 07:26:02 - INFO - 天津生态环境(3250739191) 共发表33782条微博，本页抓取10个符合要求的item。已下滚103页，总共已抓取1014个。还可滚动3275次，下一页id为4829107517654611。
2024-08-06 07:26:27 - INFO - 山西省生态环境厅(6083457940) 共发表15840条微博，本页抓取10个符合要求的item。已下滚100页，总共已抓取991个。还可滚动1484次，下一页id为4993814982297971。
2024-08-06 07:26:37 - INFO - 内蒙古生态环境(5491398313) 共发表7934条微博，本页抓取10个符合要求的item。已下滚107页，总共已抓取1034个。还可滚动686次，下一页id为4951698935120350。
2024-08-06 07:26:47 - INFO - 天津生态环境(3250739191) 共发表33782条微博，本页抓取10个符合要求的item。已下滚104页，总共已抓取1024个。还可滚动3274次，下一页id为4827836228046128。
2024-08-06 07:27:16 - INFO - 山西省生态环境厅(6083457940) 共发表15840条微博，本页抓取10个符合要求的item。已下滚101页，总共已抓取1001个。还可滚动1483次，下一页id为4993433565661584。
2024-08-06 07:27:39 - INFO - 内蒙古生态环境(5491398313) 共发表7934条微博，本页抓取10个符合要求的item。已下滚108页，总共已抓取1044个。还可滚动685次，下一页id为4950912760545611。
2024-08-06 07:27:43 - INFO - 天津生态环境(3250739191) 共发表33782条微博，本页抓取10个符合要求的item。已下滚105页，总共已抓取1034个。还可滚动3273次，下一页id为4827119936343888。
2024-08-06 07:28:09 - INFO - 山西省生态环境厅(6083457940) 共发表15840条微博，本页抓取10个符合要求的item。已下滚102页，总共已抓取1011个。还可滚动1482次，下一页id为4993057847771303。
2024-08-06 07:28:30 - INFO - 内蒙古生态环境(5491398313) 共发表7934条微博，本页抓取10个符合要求的item。已下滚109页，总共已抓取1054个。还可滚动684次，下一页id为4950256317370182。
2024-08-06 07:28:34 - INFO - 天津生态环境(3250739191) 共发表33782条微博，本页抓取10个符合要求的item。已下滚106页，总共已抓取1044个。还可滚动3272次，下一页id为4826228407668544。
2024-08-06 07:29:03 - INFO - 山西省生态环境厅(6083457940) 共发表15840条微博，本页抓取10个符合要求的item。已下滚103页，总共已抓取1021个。还可滚动1481次，下一页id为4991609177900618。
2024-08-06 07:29:26 - INFO - 内蒙古生态环境(5491398313) 共发表7934条微博，本页抓取10个符合要求的item。已下滚110页，总共已抓取1064个。还可滚动683次，下一页id为4948838533301363。
2024-08-06 07:29:31 - INFO - 天津生态环境(3250739191) 共发表33782条微博，本页抓取10个符合要求的item。已下滚107页，总共已抓取1054个。还可滚动3271次，下一页id为4825140506922230。
2024-08-06 07:29:55 - INFO - 山西省生态环境厅(6083457940) 共发表15840条微博，本页抓取10个符合要求的item。已下滚104页，总共已抓取1031个。还可滚动1480次，下一页id为4990917708095374。
2024-08-06 07:30:14 - INFO - 内蒙古生态环境(5491398313) 共发表7934条微博，本页抓取10个符合要求的item。已下滚111页，总共已抓取1074个。还可滚动682次，下一页id为4948715011312048。
2024-08-06 07:30:19 - INFO - 天津生态环境(3250739191) 共发表33782条微博，本页抓取10个符合要求的item。已下滚108页，总共已抓取1064个。还可滚动3270次，下一页id为4824029221357355。
2024-08-06 07:30:53 - INFO - 山西省生态环境厅(6083457940) 共发表15840条微博，本页抓取10个符合要求的item。已下滚105页，总共已抓取1041个。还可滚动1479次，下一页id为4990551999646814。
2024-08-06 07:31:02 - INFO - 天津生态环境(3250739191) 共发表33782条微博，本页抓取10个符合要求的item。已下滚109页，总共已抓取1074个。还可滚动3269次，下一页id为4822220206245566。
2024-08-06 07:31:12 - INFO - 内蒙古生态环境(5491398313) 共发表7934条微博，本页抓取10个符合要求的item。已下滚112页，总共已抓取1084个。还可滚动681次，下一页id为4948072280885771。
2024-08-06 07:31:54 - INFO - 山西省生态环境厅(6083457940) 共发表15840条微博，本页抓取10个符合要求的item。已下滚106页，总共已抓取1051个。还可滚动1478次，下一页id为4988716247941203。
2024-08-06 07:32:03 - INFO - 天津生态环境(3250739191) 共发表33782条微博，本页抓取10个符合要求的item。已下滚110页，总共已抓取1084个。还可滚动3268次，下一页id为4821151560500839。
2024-08-06 07:32:21 - INFO - 内蒙古生态环境(5491398313) 共发表7934条微博，本页抓取10个符合要求的item。已下滚113页，总共已抓取1094个。还可滚动680次，下一页id为4946288589144722。
2024-08-06 07:32:35 - INFO - 山西省生态环境厅(6083457940) 共发表15840条微博，本页抓取10个符合要求的item。已下滚107页，总共已抓取1061个。还可滚动1477次，下一页id为4988363112711736。
2024-08-06 07:32:40 - INFO - 天津生态环境(3250739191) 共发表33782条微博，本页抓取10个符合要求的item。已下滚111页，总共已抓取1094个。还可滚动3267次，下一页id为4819694119290658。
2024-08-06 07:33:20 - INFO - 内蒙古生态环境(5491398313) 共发表7934条微博，本页抓取10个符合要求的item。已下滚114页，总共已抓取1104个。还可滚动679次，下一页id为4945554774689902。
2024-08-06 07:33:47 - INFO - 天津生态环境(3250739191) 共发表33782条微博，本页抓取10个符合要求的item。已下滚112页，总共已抓取1104个。还可滚动3266次，下一页id为4818905522504435。
2024-08-06 07:33:56 - INFO - 山西省生态环境厅(6083457940) 共发表15840条微博，本页抓取10个符合要求的item。已下滚108页，总共已抓取1071个。还可滚动1476次，下一页id为4986921308655999。
2024-08-06 07:34:07 - INFO - 内蒙古生态环境(5491398313) 共发表7934条微博，本页抓取10个符合要求的item。已下滚115页，总共已抓取1114个。还可滚动678次，下一页id为4944786815975917。
2024-08-06 07:34:29 - INFO - 天津生态环境(3250739191) 共发表33782条微博，本页抓取10个符合要求的item。已下滚113页，总共已抓取1114个。还可滚动3265次，下一页id为4818283893360347。
2024-08-06 07:35:05 - INFO - 山西省生态环境厅(6083457940) 共发表15840条微博，本页抓取10个符合要求的item。已下滚109页，总共已抓取1081个。还可滚动1475次，下一页id为4986552394195383。
2024-08-06 07:35:05 - INFO - 内蒙古生态环境(5491398313) 共发表7934条微博，本页抓取10个符合要求的item。已下滚116页，总共已抓取1124个。还可滚动677次，下一页id为4944786185520821。
2024-08-06 07:35:15 - INFO - 天津生态环境(3250739191) 共发表33782条微博，本页抓取10个符合要求的item。已下滚114页，总共已抓取1124个。还可滚动3264次，下一页id为4817355202627350。
2024-08-06 07:35:33 - INFO - 内蒙古生态环境(5491398313) 共发表7934条微博，本页抓取10个符合要求的item。已下滚117页，总共已抓取1134个。还可滚动676次，下一页id为4943005096084002。
2024-08-06 07:35:56 - INFO - 山西省生态环境厅(6083457940) 共发表15840条微博，本页抓取10个符合要求的item。已下滚110页，总共已抓取1091个。还可滚动1474次，下一页id为4986197610337639。
2024-08-06 07:36:05 - INFO - 天津生态环境(3250739191) 共发表33782条微博，本页抓取10个符合要求的item。已下滚115页，总共已抓取1134个。还可滚动3263次，下一页id为4816041635479967。
2024-08-06 07:36:19 - INFO - 内蒙古生态环境(5491398313) 共发表7934条微博，本页抓取10个符合要求的item。已下滚118页，总共已抓取1144个。还可滚动675次，下一页id为4942277229937916。
2024-08-06 07:36:49 - INFO - 山西省生态环境厅(6083457940) 共发表15840条微博，本页抓取10个符合要求的item。已下滚111页，总共已抓取1101个。还可滚动1473次，下一页id为4985828939403633。
2024-08-06 07:36:54 - INFO - 天津生态环境(3250739191) 共发表33782条微博，本页抓取10个符合要求的item。已下滚116页，总共已抓取1144个。还可滚动3262次，下一页id为4814712041374768。
2024-08-06 07:37:03 - INFO - 内蒙古生态环境(5491398313) 共发表7934条微博，本页抓取10个符合要求的item。已下滚119页，总共已抓取1154个。还可滚动674次，下一页id为4942276498294838。
2024-08-06 07:37:55 - INFO - 山西省生态环境厅(6083457940) 共发表15840条微博，本页抓取10个符合要求的item。已下滚112页，总共已抓取1111个。还可滚动1472次，下一页id为4984347209238622。
2024-08-06 07:37:55 - INFO - 天津生态环境(3250739191) 共发表33782条微博，本页抓取10个符合要求的item。已下滚117页，总共已抓取1154个。还可滚动3261次，下一页id为4813392215540761。
2024-08-06 07:38:14 - INFO - 内蒙古生态环境(5491398313) 共发表7934条微博，本页抓取10个符合要求的item。已下滚120页，总共已抓取1164个。还可滚动673次，下一页id为4941258747547283。
2024-08-06 07:38:33 - INFO - 天津生态环境(3250739191) 共发表33782条微博，本页抓取10个符合要求的item。已下滚118页，总共已抓取1164个。还可滚动3260次，下一页id为4812093859826225。
2024-08-06 07:38:47 - INFO - 山西省生态环境厅(6083457940) 共发表15840条微博，本页抓取10个符合要求的item。已下滚113页，总共已抓取1121个。还可滚动1471次，下一页id为4983637179111127。
2024-08-06 07:39:15 - INFO - 内蒙古生态环境(5491398313) 共发表7934条微博，本页抓取10个符合要求的item。已下滚121页，总共已抓取1174个。还可滚动672次，下一页id为4940467395625721。
2024-08-06 07:39:19 - INFO - 天津生态环境(3250739191) 共发表33782条微博，本页抓取10个符合要求的item。已下滚119页，总共已抓取1174个。还可滚动3259次，下一页id为4810713934074268。
2024-08-06 07:39:59 - INFO - 山西省生态环境厅(6083457940) 共发表15840条微博，本页抓取10个符合要求的item。已下滚114页，总共已抓取1131个。还可滚动1470次，下一页id为4983268692728579。
2024-08-06 07:40:04 - INFO - 内蒙古生态环境(5491398313) 共发表7934条微博，本页抓取10个符合要求的item。已下滚122页，总共已抓取1184个。还可滚动671次，下一页id为4940465876504252。
2024-08-06 07:40:09 - INFO - 天津生态环境(3250739191) 共发表33782条微博，本页抓取10个符合要求的item。已下滚120页，总共已抓取1184个。还可滚动3258次，下一页id为4808821782352605。
2024-08-06 07:41:02 - INFO - 山西省生态环境厅(6083457940) 共发表15840条微博，本页抓取10个符合要求的item。已下滚115页，总共已抓取1141个。还可滚动1469次，下一页id为4982845375775401。
2024-08-06 07:41:11 - INFO - 内蒙古生态环境(5491398313) 共发表7934条微博，本页抓取10个符合要求的item。已下滚123页，总共已抓取1194个。还可滚动670次，下一页id为4939640059987629。
2024-08-06 07:41:20 - INFO - 天津生态环境(3250739191) 共发表33782条微博，本页抓取10个符合要求的item。已下滚121页，总共已抓取1194个。还可滚动3257次，下一页id为4807500308154083。
2024-08-06 07:41:46 - INFO - 山西省生态环境厅(6083457940) 共发表15840条微博，本页抓取10个符合要求的item。已下滚116页，总共已抓取1151个。还可滚动1468次，下一页id为4981474006928709。
2024-08-06 07:41:59 - INFO - 内蒙古生态环境(5491398313) 共发表7934条微博，本页抓取10个符合要求的item。已下滚124页，总共已抓取1204个。还可滚动669次，下一页id为4937928852113503。
2024-08-06 07:42:04 - INFO - 天津生态环境(3250739191) 共发表33782条微博，本页抓取10个符合要求的item。已下滚122页，总共已抓取1204个。还可滚动3256次，下一页id为4805942535261222。
2024-08-06 07:42:25 - INFO - 山西省生态环境厅(6083457940) 共发表15840条微博，本页抓取10个符合要求的item。已下滚117页，总共已抓取1161个。还可滚动1467次，下一页id为4981125428807294。
2024-08-06 07:42:42 - INFO - 内蒙古生态环境(5491398313) 共发表7934条微博，本页抓取10个符合要求的item。已下滚125页，总共已抓取1214个。还可滚动668次，下一页id为4937138775265222。
2024-08-06 07:42:56 - INFO - 天津生态环境(3250739191) 共发表33782条微博，本页抓取10个符合要求的item。已下滚123页，总共已抓取1214个。还可滚动3255次，下一页id为4804893481899745。
2024-08-06 07:43:26 - INFO - 山西省生态环境厅(6083457940) 共发表15840条微博，本页抓取10个符合要求的item。已下滚118页，总共已抓取1171个。还可滚动1466次，下一页id为4980393094684827。
2024-08-06 07:43:40 - INFO - 内蒙古生态环境(5491398313) 共发表7934条微博，本页抓取10个符合要求的item。已下滚126页，总共已抓取1224个。还可滚动667次，下一页id为4936141848184426。
2024-08-06 07:43:52 - INFO - 天津生态环境(3250739191) 共发表33782条微博，本页抓取10个符合要求的item。已下滚124页，总共已抓取1224个。还可滚动3254次，下一页id为4803371356391799。
2024-08-06 07:44:37 - INFO - 山西省生态环境厅(6083457940) 共发表15840条微博，本页抓取10个符合要求的item。已下滚119页，总共已抓取1181个。还可滚动1465次，下一页id为4978957449173651。
2024-08-06 07:44:42 - INFO - 内蒙古生态环境(5491398313) 共发表7934条微博，本页抓取10个符合要求的item。已下滚127页，总共已抓取1234个。还可滚动666次，下一页id为4935389201041936。
2024-08-06 07:44:51 - INFO - 天津生态环境(3250739191) 共发表33782条微博，本页抓取10个符合要求的item。已下滚125页，总共已抓取1234个。还可滚动3253次，下一页id为4801912484401983。
2024-08-06 07:45:33 - INFO - 山西省生态环境厅(6083457940) 共发表15840条微博，本页抓取10个符合要求的item。已下滚120页，总共已抓取1191个。还可滚动1464次，下一页id为4978581738622118。
2024-08-06 07:45:33 - INFO - 内蒙古生态环境(5491398313) 共发表7934条微博，本页抓取10个符合要求的item。已下滚128页，总共已抓取1244个。还可滚动665次，下一页id为4935032487283874。
2024-08-06 07:45:46 - INFO - 天津生态环境(3250739191) 共发表33782条微博，本页抓取10个符合要求的item。已下滚126页，总共已抓取1244个。还可滚动3252次，下一页id为4798283287102828。
2024-08-06 07:46:09 - INFO - 内蒙古生态环境(5491398313) 共发表7934条微博，本页抓取10个符合要求的item。已下滚129页，总共已抓取1254个。还可滚动664次，下一页id为4934777209885532。
2024-08-06 07:46:32 - INFO - 天津生态环境(3250739191) 共发表33782条微博，本页抓取10个符合要求的item。已下滚127页，总共已抓取1254个。还可滚动3251次，下一页id为4796478163255535。
2024-08-06 07:46:45 - INFO - 山西省生态环境厅(6083457940) 共发表15840条微博，本页抓取10个符合要求的item。已下滚121页，总共已抓取1201个。还可滚动1463次，下一页id为4977836043539087。
2024-08-06 07:46:59 - INFO - 内蒙古生态环境(5491398313) 共发表7934条微博，本页抓取10个符合要求的item。已下滚130页，总共已抓取1264个。还可滚动663次，下一页id为4933222082810908。
2024-08-06 07:47:07 - INFO - 天津生态环境(3250739191) 共发表33782条微博，本页抓取10个符合要求的item。已下滚128页，总共已抓取1264个。还可滚动3250次，下一页id为4794784995084074。
2024-08-06 07:47:42 - INFO - 山西省生态环境厅(6083457940) 共发表15840条微博，本页抓取10个符合要求的item。已下滚122页，总共已抓取1211个。还可滚动1462次，下一页id为4977803726946397。
2024-08-06 07:47:47 - INFO - 内蒙古生态环境(5491398313) 共发表7934条微博，本页抓取10个符合要求的item。已下滚131页，总共已抓取1274个。还可滚动662次，下一页id为4932140146362995。
2024-08-06 07:48:01 - INFO - 天津生态环境(3250739191) 共发表33782条微博，本页抓取10个符合要求的item。已下滚129页，总共已抓取1274个。还可滚动3249次，下一页id为4793204727351051。
2024-08-06 07:48:34 - INFO - 山西省生态环境厅(6083457940) 共发表15840条微博，本页抓取10个符合要求的item。已下滚123页，总共已抓取1221个。还可滚动1461次，下一页id为4976055561487915。
2024-08-06 07:48:48 - INFO - 内蒙古生态环境(5491398313) 共发表7934条微博，本页抓取10个符合要求的item。已下滚132页，总共已抓取1284个。还可滚动661次，下一页id为4931060884309759。
2024-08-06 07:48:53 - INFO - 天津生态环境(3250739191) 共发表33782条微博，本页抓取10个符合要求的item。已下滚130页，总共已抓取1284个。还可滚动3248次，下一页id为4791922587866451。
2024-08-06 07:49:42 - INFO - 山西省生态环境厅(6083457940) 共发表15840条微博，本页抓取10个符合要求的item。已下滚124页，总共已抓取1231个。还可滚动1460次，下一页id为4975689784366455。
2024-08-06 07:49:51 - INFO - 天津生态环境(3250739191) 共发表33782条微博，本页抓取10个符合要求的item。已下滚131页，总共已抓取1294个。还可滚动3247次，下一页id为4789983674894514。
2024-08-06 07:50:00 - INFO - 内蒙古生态环境(5491398313) 共发表7934条微博，本页抓取10个符合要求的item。已下滚133页，总共已抓取1294个。还可滚动660次，下一页id为4929688999040377。
2024-08-06 07:50:42 - INFO - 山西省生态环境厅(6083457940) 共发表15840条微博，本页抓取10个符合要求的item。已下滚125页，总共已抓取1241个。还可滚动1459次，下一页id为4975326977854164。
2024-08-06 07:50:46 - INFO - 天津生态环境(3250739191) 共发表33782条微博，本页抓取10个符合要求的item。已下滚132页，总共已抓取1304个。还可滚动3246次，下一页id为4788142432847140。
2024-08-06 07:51:05 - INFO - 内蒙古生态环境(5491398313) 共发表7934条微博，本页抓取10个符合要求的item。已下滚134页，总共已抓取1304个。还可滚动659次，下一页id为4928146904711704。
2024-08-06 07:51:33 - INFO - 山西省生态环境厅(6083457940) 共发表15840条微博，本页抓取10个符合要求的item。已下滚126页，总共已抓取1251个。还可滚动1458次，下一页id为4973865661629800。
2024-08-06 07:51:38 - INFO - 天津生态环境(3250739191) 共发表33782条微博，本页抓取10个符合要求的item。已下滚133页，总共已抓取1314个。还可滚动3245次，下一页id为4786865976380858。
2024-08-06 07:51:54 - INFO - 内蒙古生态环境(5491398313) 共发表7934条微博，本页抓取9个符合要求的item。已下滚135页，总共已抓取1313个。还可滚动658次，下一页id为4927428760437756。
2024-08-06 07:52:20 - INFO - 山西省生态环境厅(6083457940) 共发表15840条微博，本页抓取10个符合要求的item。已下滚127页，总共已抓取1261个。还可滚动1457次，下一页id为4973452354651679。
2024-08-06 07:52:24 - INFO - 天津生态环境(3250739191) 共发表33782条微博，本页抓取10个符合要求的item。已下滚134页，总共已抓取1324个。还可滚动3244次，下一页id为4785257595276194。
2024-08-06 07:52:39 - INFO - 内蒙古生态环境(5491398313) 共发表7934条微博，本页抓取10个符合要求的item。已下滚136页，总共已抓取1323个。还可滚动657次，下一页id为4926627089483204。
2024-08-06 07:53:25 - INFO - 天津生态环境(3250739191) 共发表33782条微博，本页抓取10个符合要求的item。已下滚135页，总共已抓取1334个。还可滚动3243次，下一页id为4784162676932988。
2024-08-06 07:53:39 - INFO - 山西省生态环境厅(6083457940) 共发表15840条微博，本页抓取10个符合要求的item。已下滚128页，总共已抓取1271个。还可滚动1456次，下一页id为4971684622503725。
2024-08-06 07:53:48 - INFO - 内蒙古生态环境(5491398313) 共发表7934条微博，本页抓取10个符合要求的item。已下滚137页，总共已抓取1333个。还可滚动656次，下一页id为4925969384870616。
2024-08-06 07:54:12 - INFO - 天津生态环境(3250739191) 共发表33782条微博，本页抓取10个符合要求的item。已下滚136页，总共已抓取1344个。还可滚动3242次，下一页id为4782719685100064。
2024-08-06 07:54:34 - INFO - 山西省生态环境厅(6083457940) 共发表15840条微博，本页抓取10个符合要求的item。已下滚129页，总共已抓取1281个。还可滚动1455次，下一页id为4971341129978616。
2024-08-06 07:54:38 - INFO - 内蒙古生态环境(5491398313) 共发表7934条微博，本页抓取10个符合要求的item。已下滚138页，总共已抓取1343个。还可滚动655次，下一页id为4925622826307155。
2024-08-06 07:54:43 - INFO - 天津生态环境(3250739191) 共发表33782条微博，本页抓取10个符合要求的item。已下滚137页，总共已抓取1354个。还可滚动3241次，下一页id为4781286318672683。
2024-08-06 07:55:31 - INFO - 山西省生态环境厅(6083457940) 共发表15840条微博，本页抓取10个符合要求的item。已下滚130页，总共已抓取1291个。还可滚动1454次，下一页id为4970825140930808。
2024-08-06 07:55:40 - INFO - 内蒙古生态环境(5491398313) 共发表7934条微博，本页抓取9个符合要求的item。已下滚139页，总共已抓取1352个。还可滚动654次，下一页id为4925251580595151。
2024-08-06 07:55:44 - INFO - 天津生态环境(3250739191) 共发表33782条微博，本页抓取10个符合要求的item。已下滚138页，总共已抓取1364个。还可滚动3240次，下一页id为4780695258403516。
2024-08-06 07:56:27 - INFO - 山西省生态环境厅(6083457940) 共发表15840条微博，本页抓取10个符合要求的item。已下滚131页，总共已抓取1301个。还可滚动1453次，下一页id为4969169481112664。
2024-08-06 07:56:36 - INFO - 内蒙古生态环境(5491398313) 共发表7934条微博，本页抓取10个符合要求的item。已下滚140页，总共已抓取1362个。还可滚动653次，下一页id为4924882649878478。
2024-08-06 07:56:41 - INFO - 天津生态环境(3250739191) 共发表33782条微博，本页抓取10个符合要求的item。已下滚139页，总共已抓取1374个。还可滚动3239次，下一页id为4779971896415849。
2024-08-06 07:57:28 - INFO - 天津生态环境(3250739191) 共发表33782条微博，本页抓取10个符合要求的item。已下滚140页，总共已抓取1384个。还可滚动3238次，下一页id为4779556697800740。
2024-08-06 07:57:42 - INFO - 山西省生态环境厅(6083457940) 共发表15840条微博，本页抓取10个符合要求的item。已下滚132页，总共已抓取1311个。还可滚动1452次，下一页id为4968695924261667。
2024-08-06 07:57:42 - INFO - 内蒙古生态环境(5491398313) 共发表7934条微博，本页抓取10个符合要求的item。已下滚141页，总共已抓取1372个。还可滚动652次，下一页id为4923423908169848。
2024-08-06 07:58:20 - INFO - 天津生态环境(3250739191) 共发表33782条微博，本页抓取10个符合要求的item。已下滚141页，总共已抓取1394个。还可滚动3237次，下一页id为4778708164938036。
2024-08-06 07:58:34 - INFO - 内蒙古生态环境(5491398313) 共发表7934条微博，本页抓取10个符合要求的item。已下滚142页，总共已抓取1382个。还可滚动651次，下一页id为4922661195482145。
2024-08-06 07:59:10 - INFO - 山西省生态环境厅(6083457940) 共发表15840条微博，本页抓取10个符合要求的item。已下滚133页，总共已抓取1321个。还可滚动1451次，下一页id为4967692248549676。
2024-08-06 07:59:19 - INFO - 天津生态环境(3250739191) 共发表33782条微博，本页抓取10个符合要求的item。已下滚142页，总共已抓取1404个。还可滚动3236次，下一页id为4777670598197939。
2024-08-06 07:59:47 - INFO - 内蒙古生态环境(5491398313) 共发表7934条微博，本页抓取10个符合要求的item。已下滚143页，总共已抓取1392个。还可滚动650次，下一页id为4921294028014451。
2024-08-06 08:00:25 - INFO - 山西省生态环境厅(6083457940) 共发表15840条微博，本页抓取10个符合要求的item。已下滚134页，总共已抓取1331个。还可滚动1450次，下一页id为4965898242754031。
2024-08-06 08:00:29 - INFO - 天津生态环境(3250739191) 共发表33782条微博，本页抓取10个符合要求的item。已下滚143页，总共已抓取1414个。还可滚动3235次，下一页id为4777283409414636。
2024-08-06 08:00:51 - INFO - 内蒙古生态环境(5491398313) 共发表7934条微博，本页抓取10个符合要求的item。已下滚144页，总共已抓取1402个。还可滚动649次，下一页id为4919711931827175。
2024-08-06 08:01:17 - INFO - 山西省生态环境厅(6083457940) 共发表15840条微博，本页抓取10个符合要求的item。已下滚135页，总共已抓取1341个。还可滚动1449次，下一页id为4965511000759337。
2024-08-06 08:01:27 - INFO - 天津生态环境(3250739191) 共发表33782条微博，本页抓取10个符合要求的item。已下滚144页，总共已抓取1424个。还可滚动3234次，下一页id为4777117814886864。
2024-08-06 08:01:43 - INFO - 内蒙古生态环境(5491398313) 共发表7934条微博，本页抓取10个符合要求的item。已下滚145页，总共已抓取1412个。还可滚动648次，下一页id为4918460582994133。
2024-08-06 08:02:23 - INFO - 山西省生态环境厅(6083457940) 共发表15840条微博，本页抓取10个符合要求的item。已下滚136页，总共已抓取1351个。还可滚动1448次，下一页id为4965504039258387。
2024-08-06 08:02:41 - INFO - 天津生态环境(3250739191) 共发表33782条微博，本页抓取10个符合要求的item。已下滚145页，总共已抓取1434个。还可滚动3233次，下一页id为4776748841963010。
2024-08-06 08:03:14 - INFO - 内蒙古生态环境(5491398313) 共发表7934条微博，本页抓取10个符合要求的item。已下滚146页，总共已抓取1422个。还可滚动647次，下一页id为4917286727581709。
2024-08-06 08:03:52 - INFO - 山西省生态环境厅(6083457940) 共发表15840条微博，本页抓取10个符合要求的item。已下滚137页，总共已抓取1361个。还可滚动1447次，下一页id为4963989567311358。
2024-08-06 08:04:33 - INFO - 天津生态环境(3250739191) 共发表33782条微博，本页抓取10个符合要求的item。已下滚146页，总共已抓取1444个。还可滚动3232次，下一页id为4776276587973951。
2024-08-06 08:05:05 - INFO - 内蒙古生态环境(5491398313) 共发表7934条微博，本页抓取10个符合要求的item。已下滚147页，总共已抓取1432个。还可滚动646次，下一页id为4916573875737074。
2024-08-06 08:05:37 - INFO - 山西省生态环境厅(6083457940) 共发表15840条微博，本页抓取10个符合要求的item。已下滚138页，总共已抓取1371个。还可滚动1446次，下一页id为4962964736316005。
2024-08-06 08:05:44 - INFO - 天津生态环境(3250739191) 共发表33782条微博，本页抓取10个符合要求的item。已下滚147页，总共已抓取1454个。还可滚动3231次，下一页id为4775973814276718。
2024-08-06 08:06:16 - INFO - 内蒙古生态环境(5491398313) 共发表7934条微博，本页抓取10个符合要求的item。已下滚148页，总共已抓取1442个。还可滚动645次，下一页id为4912560786378117。
2024-08-06 08:07:03 - INFO - 山西省生态环境厅(6083457940) 共发表15840条微博，本页抓取10个符合要求的item。已下滚139页，总共已抓取1381个。还可滚动1445次，下一页id为4962587392082202。
2024-08-06 08:07:07 - INFO - 天津生态环境(3250739191) 共发表33782条微博，本页抓取10个符合要求的item。已下滚148页，总共已抓取1464个。还可滚动3230次，下一页id为4775097748947332。
2024-08-06 08:07:31 - INFO - 内蒙古生态环境(5491398313) 共发表7934条微博，本页抓取9个符合要求的item。已下滚149页，总共已抓取1451个。还可滚动644次，下一页id为4911155036294865。
2024-08-06 08:08:00 - INFO - 山西省生态环境厅(6083457940) 共发表15840条微博，本页抓取10个符合要求的item。已下滚140页，总共已抓取1391个。还可滚动1444次，下一页id为4961455074181608。
2024-08-06 08:08:14 - INFO - 天津生态环境(3250739191) 共发表33782条微博，本页抓取10个符合要求的item。已下滚149页，总共已抓取1474个。还可滚动3229次，下一页id为4774413301449784。
2024-08-06 08:08:20 - INFO - 内蒙古生态环境(5491398313) 共发表7934条微博，本页抓取10个符合要求的item。已下滚150页，总共已抓取1461个。还可滚动643次，下一页id为4910084100723411。
2024-08-06 08:08:53 - INFO - 山西省生态环境厅(6083457940) 共发表15840条微博，本页抓取10个符合要求的item。已下滚141页，总共已抓取1401个。还可滚动1443次，下一页id为4961114786105540。
2024-08-06 08:09:07 - INFO - 天津生态环境(3250739191) 共发表33782条微博，本页抓取9个符合要求的item。已下滚150页，总共已抓取1483个。还可滚动3228次，下一页id为4773677722501351。
2024-08-06 08:09:21 - INFO - 内蒙古生态环境(5491398313) 共发表7934条微博，本页抓取10个符合要求的item。已下滚151页，总共已抓取1471个。还可滚动642次，下一页id为4909681120122159。
2024-08-06 08:09:49 - INFO - 山西省生态环境厅(6083457940) 共发表15840条微博，本页抓取10个符合要求的item。已下滚142页，总共已抓取1411个。还可滚动1442次，下一页id为4960117113225507。
2024-08-06 08:09:59 - INFO - 天津生态环境(3250739191) 共发表33782条微博，本页抓取10个符合要求的item。已下滚151页，总共已抓取1493个。还可滚动3227次，下一页id为4772835358671456。
2024-08-06 08:10:25 - INFO - 内蒙古生态环境(5491398313) 共发表7934条微博，本页抓取10个符合要求的item。已下滚152页，总共已抓取1481个。还可滚动641次，下一页id为4909282623493669。
2024-08-06 08:10:49 - INFO - 山西省生态环境厅(6083457940) 共发表15840条微博，本页抓取10个符合要求的item。已下滚143页，总共已抓取1421个。还可滚动1441次，下一页id为4958685950380168。
2024-08-06 08:10:58 - INFO - 天津生态环境(3250739191) 共发表33782条微博，本页抓取10个符合要求的item。已下滚152页，总共已抓取1503个。还可滚动3226次，下一页id为4771366577113101。
2024-08-06 08:11:24 - INFO - 内蒙古生态环境(5491398313) 共发表7934条微博，本页抓取10个符合要求的item。已下滚153页，总共已抓取1491个。还可滚动640次，下一页id为4907480703834424。
2024-08-06 08:11:56 - INFO - 山西省生态环境厅(6083457940) 共发表15840条微博，本页抓取10个符合要求的item。已下滚144页，总共已抓取1431个。还可滚动1440次，下一页id为4958669982141316。
2024-08-06 08:12:01 - INFO - 天津生态环境(3250739191) 共发表33782条微博，本页抓取10个符合要求的item。已下滚153页，总共已抓取1513个。还可滚动3225次，下一页id为4769441235862438。
2024-08-06 08:12:31 - INFO - 内蒙古生态环境(5491398313) 共发表7934条微博，本页抓取10个符合要求的item。已下滚154页，总共已抓取1501个。还可滚动639次，下一页id为4906453074184148。
2024-08-06 08:13:14 - INFO - 山西省生态环境厅(6083457940) 共发表15840条微博，本页抓取10个符合要求的item。已下滚145页，总共已抓取1441个。还可滚动1439次，下一页id为4957547616273148。
2024-08-06 08:13:14 - INFO - 天津生态环境(3250739191) 共发表33782条微博，本页抓取9个符合要求的item。已下滚154页，总共已抓取1522个。还可滚动3224次，下一页id为4766867602543809。
2024-08-06 08:13:42 - INFO - 内蒙古生态环境(5491398313) 共发表7934条微博，本页抓取9个符合要求的item。已下滚155页，总共已抓取1510个。还可滚动638次，下一页id为4904330114634430。
2024-08-06 08:13:58 - INFO - 天津生态环境(3250739191) 共发表33782条微博，本页抓取10个符合要求的item。已下滚155页，总共已抓取1532个。还可滚动3223次，下一页id为4766035720799212。
2024-08-06 08:14:31 - INFO - 山西省生态环境厅(6083457940) 共发表15840条微博，本页抓取10个符合要求的item。已下滚146页，总共已抓取1451个。还可滚动1438次，下一页id为4956150225178897。
2024-08-06 08:14:36 - INFO - 内蒙古生态环境(5491398313) 共发表7934条微博，本页抓取10个符合要求的item。已下滚156页，总共已抓取1520个。还可滚动637次，下一页id为4903911943837333。
2024-08-06 08:14:45 - INFO - 天津生态环境(3250739191) 共发表33782条微博，本页抓取10个符合要求的item。已下滚156页，总共已抓取1542个。还可滚动3222次，下一页id为4765093470405782。
2024-08-06 08:15:26 - INFO - 山西省生态环境厅(6083457940) 共发表15840条微博，本页抓取10个符合要求的item。已下滚147页，总共已抓取1461个。还可滚动1437次，下一页id为4955351280519942。
2024-08-06 08:15:40 - INFO - 天津生态环境(3250739191) 共发表33782条微博，本页抓取9个符合要求的item。已下滚157页，总共已抓取1551个。还可滚动3221次，下一页id为4763122952568950。
2024-08-06 08:16:03 - INFO - 内蒙古生态环境(5491398313) 共发表7934条微博，本页抓取9个符合要求的item。已下滚157页，总共已抓取1529个。还可滚动636次，下一页id为4902783696768678。
2024-08-06 08:16:23 - INFO - 山西省生态环境厅(6083457940) 共发表15840条微博，本页抓取10个符合要求的item。已下滚148页，总共已抓取1471个。还可滚动1436次，下一页id为4951089793732876。
2024-08-06 08:16:41 - INFO - 天津生态环境(3250739191) 共发表33782条微博，本页抓取10个符合要求的item。已下滚158页，总共已抓取1561个。还可滚动3220次，下一页id为4761412150756351。
2024-08-06 08:17:28 - INFO - 内蒙古生态环境(5491398313) 共发表7934条微博，本页抓取8个符合要求的item。已下滚158页，总共已抓取1537个。还可滚动635次，下一页id为4899898152981966。
2024-08-06 08:17:46 - INFO - 山西省生态环境厅(6083457940) 共发表15840条微博，本页抓取10个符合要求的item。已下滚149页，总共已抓取1481个。还可滚动1435次，下一页id为4950295630315777。
2024-08-06 08:17:55 - INFO - 天津生态环境(3250739191) 共发表33782条微博，本页抓取10个符合要求的item。已下滚159页，总共已抓取1571个。还可滚动3219次，下一页id为4760248629859404。
2024-08-06 08:18:24 - INFO - 内蒙古生态环境(5491398313) 共发表7934条微博，本页抓取10个符合要求的item。已下滚159页，总共已抓取1547个。还可滚动634次，下一页id为4899525406233603。
2024-08-06 08:18:52 - INFO - 山西省生态环境厅(6083457940) 共发表15840条微博，本页抓取10个符合要求的item。已下滚150页，总共已抓取1491个。还可滚动1434次，下一页id为4948871229473108。
2024-08-06 08:19:06 - INFO - 天津生态环境(3250739191) 共发表33782条微博，本页抓取10个符合要求的item。已下滚160页，总共已抓取1581个。还可滚动3218次，下一页id为4758544492006009。
2024-08-06 08:19:20 - INFO - 内蒙古生态环境(5491398313) 共发表7934条微博，本页抓取10个符合要求的item。已下滚160页，总共已抓取1557个。还可滚动633次，下一页id为4898416897037029。
2024-08-06 08:19:59 - INFO - 山西省生态环境厅(6083457940) 共发表15840条微博，本页抓取10个符合要求的item。已下滚151页，总共已抓取1501个。还可滚动1433次，下一页id为4948478972395937。
2024-08-06 08:20:04 - INFO - 天津生态环境(3250739191) 共发表33782条微博，本页抓取10个符合要求的item。已下滚161页，总共已抓取1591个。还可滚动3217次，下一页id为4756300905318398。
2024-08-06 08:20:18 - INFO - 内蒙古生态环境(5491398313) 共发表7934条微博，本页抓取10个符合要求的item。已下滚161页，总共已抓取1567个。还可滚动632次，下一页id为4896169936814639。
2024-08-06 08:21:04 - INFO - 山西省生态环境厅(6083457940) 共发表15840条微博，本页抓取10个符合要求的item。已下滚152页，总共已抓取1511个。还可滚动1432次，下一页id为4947762585272925。
2024-08-06 08:21:13 - INFO - 天津生态环境(3250739191) 共发表33782条微博，本页抓取10个符合要求的item。已下滚162页，总共已抓取1601个。还可滚动3216次，下一页id为4754843044152074。
2024-08-06 08:21:54 - INFO - 内蒙古生态环境(5491398313) 共发表7934条微博，本页抓取10个符合要求的item。已下滚162页，总共已抓取1577个。还可滚动631次，下一页id为4894844981874399。
2024-08-06 08:22:08 - INFO - 天津生态环境(3250739191) 共发表33782条微博，本页抓取9个符合要求的item。已下滚163页，总共已抓取1610个。还可滚动3215次，下一页id为4754206043406445。
2024-08-06 08:22:44 - INFO - 山西省生态环境厅(6083457940) 共发表15840条微博，本页抓取10个符合要求的item。已下滚153页，总共已抓取1521个。还可滚动1431次，下一页id为4947095687535246。
2024-08-06 08:23:21 - INFO - 天津生态环境(3250739191) 共发表33782条微博，本页抓取10个符合要求的item。已下滚164页，总共已抓取1620个。还可滚动3214次，下一页id为4753029709171110。
2024-08-06 08:23:30 - INFO - 内蒙古生态环境(5491398313) 共发表7934条微博，本页抓取10个符合要求的item。已下滚163页，总共已抓取1587个。还可滚动630次，下一页id为4893007784450958。
2024-08-06 08:24:05 - INFO - 山西省生态环境厅(6083457940) 共发表15840条微博，本页抓取10个符合要求的item。已下滚154页，总共已抓取1531个。还可滚动1430次，下一页id为4945989199731733。
2024-08-06 08:24:32 - INFO - 天津生态环境(3250739191) 共发表33782条微博，本页抓取10个符合要求的item。已下滚165页，总共已抓取1630个。还可滚动3213次，下一页id为4752637612526911。
2024-08-06 08:24:54 - INFO - 内蒙古生态环境(5491398313) 共发表7934条微博，本页抓取8个符合要求的item。已下滚164页，总共已抓取1595个。还可滚动629次，下一页id为4891521545931903。
2024-08-06 08:25:25 - INFO - 山西省生态环境厅(6083457940) 共发表15840条微博，本页抓取10个符合要求的item。已下滚155页，总共已抓取1541个。还可滚动1429次，下一页id为4944888553278266。
2024-08-06 08:25:37 - INFO - 天津生态环境(3250739191) 共发表33782条微博，本页抓取10个符合要求的item。已下滚166页，总共已抓取1640个。还可滚动3212次，下一页id为4751385008013798。
2024-08-06 08:26:04 - INFO - 内蒙古生态环境(5491398313) 共发表7934条微博，本页抓取9个符合要求的item。已下滚165页，总共已抓取1604个。还可滚动628次，下一页id为4890461066233668。
2024-08-06 08:26:41 - INFO - 山西省生态环境厅(6083457940) 共发表15840条微博，本页抓取10个符合要求的item。已下滚156页，总共已抓取1551个。还可滚动1428次，下一页id为4944541906115067。
2024-08-06 08:27:08 - INFO - 天津生态环境(3250739191) 共发表33782条微博，本页抓取10个符合要求的item。已下滚167页，总共已抓取1650个。还可滚动3211次，下一页id为4750437506876489。
2024-08-06 08:27:31 - INFO - 内蒙古生态环境(5491398313) 共发表7934条微博，本页抓取9个符合要求的item。已下滚166页，总共已抓取1613个。还可滚动627次，下一页id为4889012152045176。
2024-08-06 08:27:59 - INFO - 山西省生态环境厅(6083457940) 共发表15840条微博，本页抓取10个符合要求的item。已下滚157页，总共已抓取1561个。还可滚动1427次，下一页id为4943066894437238。
2024-08-06 08:28:12 - INFO - 天津生态环境(3250739191) 共发表33782条微博，本页抓取10个符合要求的item。已下滚168页，总共已抓取1660个。还可滚动3210次，下一页id为4748772456796848。
2024-08-06 08:28:19 - INFO - 内蒙古生态环境(5491398313) 共发表7934条微博，本页抓取10个符合要求的item。已下滚167页，总共已抓取1623个。还可滚动626次，下一页id为4887572746603550。
2024-08-06 08:29:04 - INFO - 山西省生态环境厅(6083457940) 共发表15840条微博，本页抓取10个符合要求的item。已下滚158页，总共已抓取1571个。还可滚动1426次，下一页id为4942601985720846。
2024-08-06 08:29:08 - INFO - 天津生态环境(3250739191) 共发表33782条微博，本页抓取10个符合要求的item。已下滚169页，总共已抓取1670个。还可滚动3209次，下一页id为4747579538280419。
2024-08-06 08:29:31 - INFO - 内蒙古生态环境(5491398313) 共发表7934条微博，本页抓取10个符合要求的item。已下滚168页，总共已抓取1633个。还可滚动625次，下一页id为4886481632761016。
2024-08-06 08:30:04 - INFO - 山西省生态环境厅(6083457940) 共发表15840条微博，本页抓取10个符合要求的item。已下滚159页，总共已抓取1581个。还可滚动1425次，下一页id为4940522865299662。
2024-08-06 08:30:13 - INFO - 天津生态环境(3250739191) 共发表33782条微博，本页抓取10个符合要求的item。已下滚170页，总共已抓取1680个。还可滚动3208次，下一页id为4746545301556434。
2024-08-06 08:30:23 - INFO - 内蒙古生态环境(5491398313) 共发表7934条微博，本页抓取10个符合要求的item。已下滚169页，总共已抓取1643个。还可滚动624次，下一页id为4885390551681277。
2024-08-06 08:31:24 - INFO - 天津生态环境(3250739191) 共发表33782条微博，本页抓取10个符合要求的item。已下滚171页，总共已抓取1690个。还可滚动3207次，下一页id为4745386303163292。
2024-08-06 08:31:34 - INFO - 山西省生态环境厅(6083457940) 共发表15840条微博，本页抓取10个符合要求的item。已下滚160页，总共已抓取1591个。还可滚动1424次，下一页id为4939818759098535。
2024-08-06 08:31:57 - INFO - 内蒙古生态环境(5491398313) 共发表7934条微博，本页抓取10个符合要求的item。已下滚170页，总共已抓取1653个。还可滚动623次，下一页id为4883645372564650。
2024-08-06 08:32:11 - INFO - 天津生态环境(3250739191) 共发表33782条微博，本页抓取10个符合要求的item。已下滚172页，总共已抓取1700个。还可滚动3206次，下一页id为4744096097243158。
2024-08-06 08:32:39 - INFO - 山西省生态环境厅(6083457940) 共发表15840条微博，本页抓取10个符合要求的item。已下滚161页，总共已抓取1601个。还可滚动1423次，下一页id为4938719837559912。
2024-08-06 08:32:53 - INFO - 内蒙古生态环境(5491398313) 共发表7934条微博，本页抓取10个符合要求的item。已下滚171页，总共已抓取1663个。还可滚动622次，下一页id为4882473969778832。
2024-08-06 08:33:03 - INFO - 天津生态环境(3250739191) 共发表33782条微博，本页抓取9个符合要求的item。已下滚173页，总共已抓取1709个。还可滚动3205次，下一页id为4742839386506425。
2024-08-06 08:33:40 - INFO - 山西省生态环境厅(6083457940) 共发表15840条微博，本页抓取10个符合要求的item。已下滚162页，总共已抓取1611个。还可滚动1422次，下一页id为4937995649555937。
2024-08-06 08:33:54 - INFO - 内蒙古生态环境(5491398313) 共发表7934条微博，本页抓取9个符合要求的item。已下滚172页，总共已抓取1672个。还可滚动621次，下一页id为4881430855289080。
2024-08-06 08:33:58 - INFO - 天津生态环境(3250739191) 共发表33782条微博，本页抓取10个符合要求的item。已下滚174页，总共已抓取1719个。还可滚动3204次，下一页id为4741429593377977。
2024-08-06 08:34:37 - INFO - 山西省生态环境厅(6083457940) 共发表15840条微博，本页抓取10个符合要求的item。已下滚163页，总共已抓取1621个。还可滚动1421次，下一页id为4937295956805133。
2024-08-06 08:34:51 - INFO - 天津生态环境(3250739191) 共发表33782条微博，本页抓取10个符合要求的item。已下滚175页，总共已抓取1729个。还可滚动3203次，下一页id为4740827665138145。
2024-08-06 08:35:00 - INFO - 内蒙古生态环境(5491398313) 共发表7934条微博，本页抓取10个符合要求的item。已下滚173页，总共已抓取1682个。还可滚动620次，下一页id为4879962870646585。
2024-08-06 08:35:44 - INFO - 山西省生态环境厅(6083457940) 共发表15840条微博，本页抓取10个符合要求的item。已下滚164页，总共已抓取1631个。还可滚动1420次，下一页id为4935804310525375。
2024-08-06 08:35:49 - INFO - 天津生态环境(3250739191) 共发表33782条微博，本页抓取10个符合要求的item。已下滚176页，总共已抓取1739个。还可滚动3202次，下一页id为4738628195977619。
2024-08-06 08:36:12 - INFO - 内蒙古生态环境(5491398313) 共发表7934条微博，本页抓取10个符合要求的item。已下滚174页，总共已抓取1692个。还可滚动619次，下一页id为4878876851308842。
2024-08-06 08:36:55 - INFO - 山西省生态环境厅(6083457940) 共发表15840条微博，本页抓取10个符合要求的item。已下滚165页，总共已抓取1641个。还可滚动1419次，下一页id为4935796941915071。
2024-08-06 08:36:59 - INFO - 天津生态环境(3250739191) 共发表33782条微博，本页抓取10个符合要求的item。已下滚177页，总共已抓取1749个。还可滚动3201次，下一页id为4737068586242055。
2024-08-06 08:37:31 - INFO - 内蒙古生态环境(5491398313) 共发表7934条微博，本页抓取10个符合要求的item。已下滚175页，总共已抓取1702个。还可滚动618次，下一页id为4877792111495698。
2024-08-06 08:38:02 - INFO - 山西省生态环境厅(6083457940) 共发表15840条微博，本页抓取10个符合要求的item。已下滚166页，总共已抓取1651个。还可滚动1418次，下一页id为4935303795839085。
2024-08-06 08:38:16 - INFO - 天津生态环境(3250739191) 共发表33782条微博，本页抓取10个符合要求的item。已下滚178页，总共已抓取1759个。还可滚动3200次，下一页id为4736363687579919。
2024-08-06 08:38:47 - INFO - 内蒙古生态环境(5491398313) 共发表7934条微博，本页抓取10个符合要求的item。已下滚176页，总共已抓取1712个。还可滚动617次，下一页id为4876977780298325。
2024-08-06 08:38:55 - INFO - 山西省生态环境厅(6083457940) 共发表15840条微博，本页抓取10个符合要求的item。已下滚167页，总共已抓取1661个。还可滚动1417次，下一页id为4935303485463125。
2024-08-06 08:39:04 - INFO - 天津生态环境(3250739191) 共发表33782条微博，本页抓取10个符合要求的item。已下滚179页，总共已抓取1769个。还可滚动3199次，下一页id为4735327475861560。
2024-08-06 08:39:40 - INFO - 内蒙古生态环境(5491398313) 共发表7934条微博，本页抓取10个符合要求的item。已下滚177页，总共已抓取1722个。还可滚动616次，下一页id为4875697351561796。
2024-08-06 08:40:03 - INFO - 山西省生态环境厅(6083457940) 共发表15840条微博，本页抓取10个符合要求的item。已下滚168页，总共已抓取1671个。还可滚动1416次，下一页id为4934744926330555。
2024-08-06 08:40:26 - INFO - 天津生态环境(3250739191) 共发表33782条微博，本页抓取10个符合要求的item。已下滚180页，总共已抓取1779个。还可滚动3198次，下一页id为4734653632876054。
2024-08-06 08:40:49 - INFO - 内蒙古生态环境(5491398313) 共发表7934条微博，本页抓取10个符合要求的item。已下滚178页，总共已抓取1732个。还可滚动615次，下一页id为4874177703575843。
2024-08-06 08:41:12 - INFO - 山西省生态环境厅(6083457940) 共发表15840条微博，本页抓取10个符合要求的item。已下滚169页，总共已抓取1681个。还可滚动1415次，下一页id为4933637176302989。
2024-08-06 08:41:26 - INFO - 天津生态环境(3250739191) 共发表33782条微博，本页抓取10个符合要求的item。已下滚181页，总共已抓取1789个。还可滚动3197次，下一页id为4733087219450723。
2024-08-06 08:41:54 - INFO - 内蒙古生态环境(5491398313) 共发表7934条微博，本页抓取9个符合要求的item。已下滚179页，总共已抓取1741个。还可滚动614次，下一页id为4872634296178511。
2024-08-06 08:42:26 - INFO - 山西省生态环境厅(6083457940) 共发表15840条微博，本页抓取10个符合要求的item。已下滚170页，总共已抓取1691个。还可滚动1414次，下一页id为4932931942099590。
2024-08-06 08:42:40 - INFO - 天津生态环境(3250739191) 共发表33782条微博，本页抓取10个符合要求的item。已下滚182页，总共已抓取1799个。还可滚动3196次，下一页id为4731750599102198。
2024-08-06 08:43:02 - INFO - 内蒙古生态环境(5491398313) 共发表7934条微博，本页抓取10个符合要求的item。已下滚180页，总共已抓取1751个。还可滚动613次，下一页id为4870945246544132。
2024-08-06 08:43:41 - INFO - 山西省生态环境厅(6083457940) 共发表15840条微博，本页抓取10个符合要求的item。已下滚171页，总共已抓取1701个。还可滚动1413次，下一页id为4932576563699265。
2024-08-06 08:43:55 - INFO - 天津生态环境(3250739191) 共发表33782条微博，本页抓取10个符合要求的item。已下滚183页，总共已抓取1809个。还可滚动3195次，下一页id为4730671245824684。
2024-08-06 08:44:14 - INFO - 内蒙古生态环境(5491398313) 共发表7934条微博，本页抓取10个符合要求的item。已下滚181页，总共已抓取1761个。还可滚动612次，下一页id为4869088982077754。
2024-08-06 08:44:50 - INFO - 山西省生态环境厅(6083457940) 共发表15840条微博，本页抓取10个符合要求的item。已下滚172页，总共已抓取1711个。还可滚动1412次，下一页id为4930744076470990。
2024-08-06 08:44:54 - INFO - 天津生态环境(3250739191) 共发表33782条微博，本页抓取10个符合要求的item。已下滚184页，总共已抓取1819个。还可滚动3194次，下一页id为4729566406380383。
2024-08-06 08:45:27 - INFO - 内蒙古生态环境(5491398313) 共发表7934条微博，本页抓取10个符合要求的item。已下滚182页，总共已抓取1771个。还可滚动611次，下一页id为4866469349820039。
2024-08-06 08:46:07 - INFO - 天津生态环境(3250739191) 共发表33782条微博，本页抓取10个符合要求的item。已下滚185页，总共已抓取1829个。还可滚动3193次，下一页id为4728766745807558。
2024-08-06 08:46:07 - INFO - 山西省生态环境厅(6083457940) 共发表15840条微博，本页抓取10个符合要求的item。已下滚173页，总共已抓取1721个。还可滚动1411次，下一页id为4930362617105094。
2024-08-06 08:46:51 - INFO - 天津生态环境(3250739191) 共发表33782条微博，本页抓取10个符合要求的item。已下滚186页，总共已抓取1839个。还可滚动3192次，下一页id为4728079190069260。
2024-08-06 08:47:33 - INFO - 山西省生态环境厅(6083457940) 共发表15840条微博，本页抓取10个符合要求的item。已下滚174页，总共已抓取1731个。还可滚动1410次，下一页id为4930348955734126。
2024-08-06 08:47:42 - INFO - 天津生态环境(3250739191) 共发表33782条微博，本页抓取10个符合要求的item。已下滚187页，总共已抓取1849个。还可滚动3191次，下一页id为4726933126909191。
2024-08-06 08:48:29 - INFO - 山西省生态环境厅(6083457940) 共发表15840条微博，本页抓取10个符合要求的item。已下滚175页，总共已抓取1741个。还可滚动1409次，下一页id为4928173509446553。
2024-08-06 08:48:29 - INFO - 天津生态环境(3250739191) 共发表33782条微博，本页抓取10个符合要求的item。已下滚188页，总共已抓取1859个。还可滚动3190次，下一页id为4725311214454888。
2024-08-06 08:48:41 - INFO - 天津生态环境(3250739191) 共发表33782条微博，本页抓取10个符合要求的item。已下滚189页，总共已抓取1869个。还可滚动3189次，下一页id为4724212608012924。
2024-08-06 08:49:14 - INFO - 山西省生态环境厅(6083457940) 共发表15840条微博，本页抓取10个符合要求的item。已下滚176页，总共已抓取1751个。还可滚动1408次，下一页id为4927481544966936。
2024-08-06 08:49:27 - INFO - 天津生态环境(3250739191) 共发表33782条微博，本页抓取10个符合要求的item。已下滚190页，总共已抓取1879个。还可滚动3188次，下一页id为4723698613878982。
2024-08-06 08:50:12 - INFO - 山西省生态环境厅(6083457940) 共发表15840条微博，本页抓取10个符合要求的item。已下滚177页，总共已抓取1761个。还可滚动1407次，下一页id为4926410231383805。
2024-08-06 08:50:16 - INFO - 天津生态环境(3250739191) 共发表33782条微博，本页抓取10个符合要求的item。已下滚191页，总共已抓取1889个。还可滚动3187次，下一页id为4723384334681126。
2024-08-06 08:50:47 - INFO - 山西省生态环境厅(6083457940) 共发表15840条微博，本页抓取10个符合要求的item。已下滚178页，总共已抓取1771个。还可滚动1406次，下一页id为4925694121612529。
2024-08-06 08:51:01 - INFO - 天津生态环境(3250739191) 共发表33782条微博，本页抓取10个符合要求的item。已下滚192页，总共已抓取1899个。还可滚动3186次，下一页id为4722923090478120。
2024-08-06 08:51:33 - INFO - 山西省生态环境厅(6083457940) 共发表15840条微博，本页抓取10个符合要求的item。已下滚179页，总共已抓取1781个。还可滚动1405次，下一页id为4924922948228458。
2024-08-06 08:51:38 - INFO - 天津生态环境(3250739191) 共发表33782条微博，本页抓取10个符合要求的item。已下滚193页，总共已抓取1909个。还可滚动3185次，下一页id为4722231219586935。
2024-08-06 08:52:11 - INFO - 山西省生态环境厅(6083457940) 共发表15840条微博，本页抓取10个符合要求的item。已下滚180页，总共已抓取1791个。还可滚动1404次，下一页id为4923457006207692。
2024-08-06 08:52:15 - INFO - 天津生态环境(3250739191) 共发表33782条微博，本页抓取10个符合要求的item。已下滚194页，总共已抓取1919个。还可滚动3184次，下一页id为4721148510340306。
2024-08-06 08:52:45 - INFO - 山西省生态环境厅(6083457940) 共发表15840条微博，本页抓取10个符合要求的item。已下滚181页，总共已抓取1801个。还可滚动1403次，下一页id为4923163365869596。
2024-08-06 08:52:59 - INFO - 天津生态环境(3250739191) 共发表33782条微博，本页抓取10个符合要求的item。已下滚195页，总共已抓取1929个。还可滚动3183次，下一页id为4720384426116297。
2024-08-06 08:53:36 - INFO - 山西省生态环境厅(6083457940) 共发表15840条微博，本页抓取10个符合要求的item。已下滚182页，总共已抓取1811个。还可滚动1402次，下一页id为4922374468928112。
2024-08-06 08:53:41 - INFO - 天津生态环境(3250739191) 共发表33782条微博，本页抓取10个符合要求的item。已下滚196页，总共已抓取1939个。还可滚动3182次，下一页id为4718927894806540。
2024-08-06 08:54:24 - INFO - 山西省生态环境厅(6083457940) 共发表15840条微博，本页抓取10个符合要求的item。已下滚183页，总共已抓取1821个。还可滚动1401次，下一页id为4920292255990451。
2024-08-06 08:54:28 - INFO - 天津生态环境(3250739191) 共发表33782条微博，本页抓取10个符合要求的item。已下滚197页，总共已抓取1949个。还可滚动3181次，下一页id为4718281128675179。
2024-08-06 08:55:07 - INFO - 山西省生态环境厅(6083457940) 共发表15840条微博，本页抓取10个符合要求的item。已下滚184页，总共已抓取1831个。还可滚动1400次，下一页id为4919836645525986。
2024-08-06 08:55:37 - INFO - 山西省生态环境厅(6083457940) 共发表15840条微博，本页抓取10个符合要求的item。已下滚185页，总共已抓取1841个。还可滚动1399次，下一页id为4917693428008762。
2024-08-06 08:56:32 - INFO - 山西省生态环境厅(6083457940) 共发表15840条微博，本页抓取10个符合要求的item。已下滚186页，总共已抓取1851个。还可滚动1398次，下一页id为4917304725345817。
2024-08-06 08:56:47 - INFO - 山西省生态环境厅(6083457940) 共发表15840条微博，本页抓取10个符合要求的item。已下滚187页，总共已抓取1861个。还可滚动1397次，下一页id为4916917683623961。
2024-08-06 08:57:15 - INFO - 山西省生态环境厅(6083457940) 共发表15840条微博，本页抓取10个符合要求的item。已下滚188页，总共已抓取1871个。还可滚动1396次，下一页id为4915180716957932。
2024-08-06 08:57:51 - INFO - 山西省生态环境厅(6083457940) 共发表15840条微博，本页抓取10个符合要求的item。已下滚189页，总共已抓取1881个。还可滚动1395次，下一页id为4914483049008309。
2024-08-06 08:58:22 - INFO - 山西省生态环境厅(6083457940) 共发表15840条微博，本页抓取10个符合要求的item。已下滚190页，总共已抓取1891个。还可滚动1394次，下一页id为4912642265976830。
2024-08-06 08:58:57 - INFO - 山西省生态环境厅(6083457940) 共发表15840条微博，本页抓取10个符合要求的item。已下滚191页，总共已抓取1901个。还可滚动1393次，下一页id为4911965102672252。
2024-08-06 08:59:23 - INFO - 山西省生态环境厅(6083457940) 共发表15840条微博，本页抓取10个符合要求的item。已下滚192页，总共已抓取1911个。还可滚动1392次，下一页id为4910478193594962。
2024-08-06 08:59:48 - INFO - 山西省生态环境厅(6083457940) 共发表15840条微博，本页抓取10个符合要求的item。已下滚193页，总共已抓取1921个。还可滚动1391次，下一页id为4910091515990637。
2024-08-06 09:00:13 - INFO - 山西省生态环境厅(6083457940) 共发表15840条微博，本页抓取10个符合要求的item。已下滚194页，总共已抓取1931个。还可滚动1390次，下一页id为4908302645335514。
2024-08-06 09:00:51 - INFO - 山西省生态环境厅(6083457940) 共发表15840条微博，本页抓取10个符合要求的item。已下滚195页，总共已抓取1941个。还可滚动1389次，下一页id为4907606193996649。
2024-08-06 09:01:15 - INFO - 山西省生态环境厅(6083457940) 共发表15840条微博，本页抓取10个符合要求的item。已下滚196页，总共已抓取1951个。还可滚动1388次，下一页id为4907214588872400。
2024-08-06 09:01:32 - INFO - 山西省生态环境厅(6083457940) 共发表15840条微博，本页抓取10个符合要求的item。已下滚197页，总共已抓取1961个。还可滚动1387次，下一页id为4907031196337536。
2024-08-06 09:01:44 - INFO - 山西省生态环境厅(6083457940) 共发表15840条微博，本页抓取10个符合要求的item。已下滚198页，总共已抓取1971个。还可滚动1386次，下一页id为4907030999992454。
2024-08-06 09:01:54 - INFO - 山西省生态环境厅(6083457940) 共发表15840条微博，本页抓取10个符合要求的item。已下滚199页，总共已抓取1981个。还可滚动1385次，下一页id为4905676092998044。
2024-08-06 09:01:58 - INFO - 山西省生态环境厅(6083457940) 共发表15840条微博，本页抓取0个符合要求的item。已下滚200页，总共已抓取1981个。还可滚动1384次，下一页id为None。
