2024-08-07 06:29:20 - INFO - ----------开始爬虫，当前时间是：2024-08-07 06:29:20.764603----------
2024-08-07 06:30:07 - INFO - 生态河北(1630430145) 共发表14859条微博，已下滚0页。本页抓取0个符合要求的item，总共已抓取0个。还可滚动1485次，下一页id为5063381157681249。
2024-08-07 06:30:16 - INFO - 山西省生态环境厅(6083457940) 共发表15873条微博，已下滚0页。本页抓取1个符合要求的item，总共已抓取1个。还可滚动1587次，下一页id为5064356828025390。
2024-08-07 06:30:30 - INFO - 北京生态环境(2050142347) 共发表19146条微博，已下滚0页。本页抓取2个符合要求的item，总共已抓取2个。还可滚动1914次，下一页id为5064028877494565。
2024-08-07 06:30:30 - INFO - 内蒙古生态环境(5491398313) 共发表7937条微博，已下滚0页。本页抓取0个符合要求的item，总共已抓取0个。还可滚动793次，下一页id为5062492575500262。
2024-08-07 06:30:30 - INFO - 天津生态环境(3250739191) 共发表33787条微博，已下滚0页。本页抓取0个符合要求的item，总共已抓取0个。还可滚动3378次，下一页id为5062939290109227。
2024-08-07 06:30:44 - INFO - 生态河北(1630430145) 共发表14859条微博，已下滚1页。本页抓取1个符合要求的item，总共已抓取1个。还可滚动1484次，下一页id为5061877646497125。
2024-08-07 06:30:49 - INFO - 山西省生态环境厅(6083457940) 共发表15873条微博，已下滚1页。本页抓取0个符合要求的item，总共已抓取1个。还可滚动1586次，下一页id为5064346422218358。
2024-08-07 06:30:53 - INFO - 北京生态环境(2050142347) 共发表19146条微博，已下滚1页。本页抓取0个符合要求的item，总共已抓取2个。还可滚动1913次，下一页id为5063210793439523。
2024-08-07 06:30:58 - INFO - 天津生态环境(3250739191) 共发表33787条微博，已下滚1页。本页抓取0个符合要求的item，总共已抓取0个。还可滚动3377次，下一页id为5062667104419954。
2024-08-07 06:31:03 - INFO - 内蒙古生态环境(5491398313) 共发表7937条微博，已下滚1页。本页抓取2个符合要求的item，总共已抓取2个。还可滚动792次，下一页id为5061791224432896。
2024-08-07 06:31:08 - INFO - 生态河北(1630430145) 共发表14859条微博，已下滚2页。本页抓取10个符合要求的item，总共已抓取11个。还可滚动1483次，下一页id为5061425880373393。
2024-08-07 06:31:17 - INFO - 山西省生态环境厅(6083457940) 共发表15873条微博，已下滚2页。本页抓取0个符合要求的item，总共已抓取1个。还可滚动1585次，下一页id为5064332744595814。
2024-08-07 06:31:22 - INFO - 北京生态环境(2050142347) 共发表19146条微博，已下滚2页。本页抓取0个符合要求的item，总共已抓取2个。还可滚动1912次，下一页id为5062596158031074。
2024-08-07 06:31:27 - INFO - 天津生态环境(3250739191) 共发表33787条微博，已下滚2页。本页抓取4个符合要求的item，总共已抓取4个。还可滚动3376次，下一页id为5061769965866792。
2024-08-07 06:31:32 - INFO - 内蒙古生态环境(5491398313) 共发表7937条微博，已下滚2页。本页抓取10个符合要求的item，总共已抓取12个。还可滚动791次，下一页id为5059699022495957。
2024-08-07 06:31:49 - INFO - 生态河北(1630430145) 共发表14859条微博，已下滚3页。本页抓取10个符合要求的item，总共已抓取21个。还可滚动1482次，下一页id为5060318772072856。
2024-08-07 06:31:53 - INFO - 山西省生态环境厅(6083457940) 共发表15873条微博，已下滚3页。本页抓取0个符合要求的item，总共已抓取1个。还可滚动1584次，下一页id为5062696371756352。
2024-08-07 06:31:58 - INFO - 北京生态环境(2050142347) 共发表19146条微博，已下滚3页。本页抓取0个符合要求的item，总共已抓取2个。还可滚动1911次，下一页id为5062259426725377。
2024-08-07 06:32:03 - INFO - 天津生态环境(3250739191) 共发表33787条微博，已下滚3页。本页抓取9个符合要求的item，总共已抓取13个。还可滚动3375次，下一页id为5059410061951855。
2024-08-07 06:32:12 - INFO - 内蒙古生态环境(5491398313) 共发表7937条微博，已下滚3页。本页抓取10个符合要求的item，总共已抓取22个。还可滚动790次，下一页id为5059334470631742。
2024-08-07 06:32:28 - INFO - 生态河北(1630430145) 共发表14859条微博，已下滚4页。本页抓取10个符合要求的item，总共已抓取31个。还可滚动1481次，下一页id为5059227170898714。
2024-08-07 06:32:37 - INFO - 山西省生态环境厅(6083457940) 共发表15873条微博，已下滚4页。本页抓取0个符合要求的item，总共已抓取1个。还可滚动1583次，下一页id为5062301495592295。
2024-08-07 06:32:42 - INFO - 北京生态环境(2050142347) 共发表19146条微博，已下滚4页。本页抓取1个符合要求的item，总共已抓取3个。还可滚动1910次，下一页id为5061779365560737。
2024-08-07 06:33:00 - INFO - 天津生态环境(3250739191) 共发表33787条微博，已下滚4页。本页抓取10个符合要求的item，总共已抓取23个。还可滚动3374次，下一页id为5058144868500072。
2024-08-07 06:33:05 - INFO - 内蒙古生态环境(5491398313) 共发表7937条微博，已下滚4页。本页抓取10个符合要求的item，总共已抓取32个。还可滚动789次，下一页id为5057441504954267。
2024-08-07 06:33:10 - INFO - 生态河北(1630430145) 共发表14859条微博，已下滚5页。本页抓取10个符合要求的item，总共已抓取41个。还可滚动1480次，下一页id为5058581158432611。
2024-08-07 06:33:35 - INFO - 山西省生态环境厅(6083457940) 共发表15873条微博，已下滚5页。本页抓取8个符合要求的item，总共已抓取9个。还可滚动1582次，下一页id为5061602583775267。
2024-08-07 06:33:39 - INFO - 北京生态环境(2050142347) 共发表19146条微博，已下滚5页。本页抓取8个符合要求的item，总共已抓取11个。还可滚动1909次，下一页id为5060696872586540。
2024-08-07 06:34:05 - INFO - 天津生态环境(3250739191) 共发表33787条微博，已下滚5页。本页抓取10个符合要求的item，总共已抓取33个。还可滚动3373次，下一页id为5056783835988561。
2024-08-07 06:34:10 - INFO - 内蒙古生态环境(5491398313) 共发表7937条微博，已下滚5页。本页抓取10个符合要求的item，总共已抓取42个。还可滚动788次，下一页id为5054538485075015。
2024-08-07 06:34:15 - INFO - 生态河北(1630430145) 共发表14859条微博，已下滚6页。本页抓取10个符合要求的item，总共已抓取51个。还可滚动1479次，下一页id为5057409669923265。
2024-08-07 06:34:38 - INFO - 山西省生态环境厅(6083457940) 共发表15873条微博，已下滚6页。本页抓取10个符合要求的item，总共已抓取19个。还可滚动1581次，下一页id为5061594656808543。
2024-08-07 06:34:56 - INFO - 北京生态环境(2050142347) 共发表19146条微博，已下滚6页。本页抓取10个符合要求的item，总共已抓取21个。还可滚动1908次，下一页id为5060321430996869。
2024-08-07 06:35:33 - INFO - 天津生态环境(3250739191) 共发表33787条微博，已下滚6页。本页抓取10个符合要求的item，总共已抓取43个。还可滚动3372次，下一页id为5055236961733504。
2024-08-07 06:35:38 - INFO - 内蒙古生态环境(5491398313) 共发表7937条微博，已下滚6页。本页抓取10个符合要求的item，总共已抓取52个。还可滚动787次，下一页id为5054004275188638。
2024-08-07 06:35:42 - INFO - 生态河北(1630430145) 共发表14859条微博，已下滚7页。本页抓取10个符合要求的item，总共已抓取61个。还可滚动1478次，下一页id为5056419126843470。
2024-08-07 06:36:08 - INFO - 山西省生态环境厅(6083457940) 共发表15873条微博，已下滚7页。本页抓取10个符合要求的item，总共已抓取29个。还可滚动1580次，下一页id为5060546506003284。
2024-08-07 06:36:27 - INFO - 北京生态环境(2050142347) 共发表19146条微博，已下滚7页。本页抓取10个符合要求的item，总共已抓取31个。还可滚动1907次，下一页id为5059708211957201。
2024-08-07 06:36:59 - INFO - 天津生态环境(3250739191) 共发表33787条微博，已下滚7页。本页抓取10个符合要求的item，总共已抓取53个。还可滚动3371次，下一页id为5053483689183542。
2024-08-07 06:37:08 - INFO - 内蒙古生态环境(5491398313) 共发表7937条微博，已下滚7页。本页抓取10个符合要求的item，总共已抓取62个。还可滚动786次，下一页id为5052114841637713。
2024-08-07 06:37:17 - INFO - 生态河北(1630430145) 共发表14859条微博，已下滚8页。本页抓取10个符合要求的item，总共已抓取71个。还可滚动1477次，下一页id为5055758312145214。
2024-08-07 06:37:43 - INFO - 山西省生态环境厅(6083457940) 共发表15873条微博，已下滚8页。本页抓取10个符合要求的item，总共已抓取39个。还可滚动1579次，下一页id为5060146784896022。
2024-08-07 06:37:52 - INFO - 北京生态环境(2050142347) 共发表19146条微博，已下滚8页。本页抓取10个符合要求的item，总共已抓取41个。还可滚动1906次，下一页id为5058876170307078。
2024-08-07 06:38:19 - INFO - 天津生态环境(3250739191) 共发表33787条微博，已下滚8页。本页抓取10个符合要求的item，总共已抓取63个。还可滚动3370次，下一页id为5051972109467870。
2024-08-07 06:38:28 - INFO - 内蒙古生态环境(5491398313) 共发表7937条微博，已下滚8页。本页抓取10个符合要求的item，总共已抓取72个。还可滚动785次，下一页id为5051356551317440。
2024-08-07 06:38:37 - INFO - 生态河北(1630430145) 共发表14859条微博，已下滚9页。本页抓取10个符合要求的item，总共已抓取81个。还可滚动1476次，下一页id为5054643914934395。
2024-08-07 06:39:05 - INFO - 北京生态环境(2050142347) 共发表19146条微博，已下滚9页。本页抓取10个符合要求的item，总共已抓取51个。还可滚动1905次，下一页id为5057910098887104。
2024-08-07 06:39:28 - INFO - 山西省生态环境厅(6083457940) 共发表15873条微博，已下滚9页。本页抓取10个符合要求的item，总共已抓取49个。还可滚动1578次，下一页id为5060135313216726。
2024-08-07 06:39:47 - INFO - 天津生态环境(3250739191) 共发表33787条微博，已下滚9页。本页抓取10个符合要求的item，总共已抓取73个。还可滚动3369次，下一页id为5049837800393724。
2024-08-07 06:39:52 - INFO - 内蒙古生态环境(5491398313) 共发表7937条微博，已下滚9页。本页抓取8个符合要求的item，总共已抓取80个。还可滚动784次，下一页id为5045189234657092。
2024-08-07 06:40:01 - INFO - 生态河北(1630430145) 共发表14859条微博，已下滚10页。本页抓取10个符合要求的item，总共已抓取91个。还可滚动1475次，下一页id为5054156488050240。
2024-08-07 06:40:34 - INFO - 北京生态环境(2050142347) 共发表19146条微博，已下滚10页。本页抓取10个符合要求的item，总共已抓取61个。还可滚动1904次，下一页id为5056714217358541。
2024-08-07 06:41:05 - INFO - 山西省生态环境厅(6083457940) 共发表15873条微博，已下滚10页。本页抓取10个符合要求的item，总共已抓取59个。还可滚动1577次，下一页id为5059438369309105。
2024-08-07 06:41:19 - INFO - 天津生态环境(3250739191) 共发表33787条微博，已下滚10页。本页抓取10个符合要求的item，总共已抓取83个。还可滚动3368次，下一页id为5049129581419488。
2024-08-07 06:41:19 - INFO - 内蒙古生态环境(5491398313) 共发表7937条微博，已下滚10页。本页抓取9个符合要求的item，总共已抓取89个。还可滚动783次，下一页id为5044375472574060。
2024-08-07 06:41:28 - INFO - 生态河北(1630430145) 共发表14859条微博，已下滚11页。本页抓取10个符合要求的item，总共已抓取101个。还可滚动1474次，下一页id为5053268550751241。
2024-08-07 06:41:53 - INFO - 北京生态环境(2050142347) 共发表19146条微博，已下滚11页。本页抓取10个符合要求的item，总共已抓取71个。还可滚动1903次，下一页id为5055371066476370。
2024-08-07 06:42:37 - INFO - 山西省生态环境厅(6083457940) 共发表15873条微博，已下滚11页。本页抓取10个符合要求的item，总共已抓取69个。还可滚动1576次，下一页id为5059075110600957。
2024-08-07 06:42:55 - INFO - 内蒙古生态环境(5491398313) 共发表7937条微博，已下滚11页。本页抓取9个符合要求的item，总共已抓取98个。还可滚动782次，下一页id为5042954428744616。
2024-08-07 06:42:55 - INFO - 天津生态环境(3250739191) 共发表33787条微博，已下滚11页。本页抓取10个符合要求的item，总共已抓取93个。还可滚动3367次，下一页id为5047642831454293。
2024-08-07 06:43:04 - INFO - 生态河北(1630430145) 共发表14859条微博，已下滚12页。本页抓取10个符合要求的item，总共已抓取111个。还可滚动1473次，下一页id为5052090240206094。
2024-08-07 06:43:22 - INFO - 北京生态环境(2050142347) 共发表19146条微博，已下滚12页。本页抓取10个符合要求的item，总共已抓取81个。还可滚动1902次，下一页id为5054304534401906。
2024-08-07 06:43:59 - INFO - 山西省生态环境厅(6083457940) 共发表15873条微博，已下滚12页。本页抓取10个符合要求的item，总共已抓取79个。还可滚动1575次，下一页id为5059065221227528。
2024-08-07 06:44:17 - INFO - 内蒙古生态环境(5491398313) 共发表7937条微博，已下滚12页。本页抓取10个符合要求的item，总共已抓取108个。还可滚动781次，下一页id为5041936838953776。
2024-08-07 06:44:22 - INFO - 天津生态环境(3250739191) 共发表33787条微博，已下滚12页。本页抓取10个符合要求的item，总共已抓取103个。还可滚动3366次，下一页id为5046308509058929。
2024-08-07 06:44:27 - INFO - 生态河北(1630430145) 共发表14859条微博，已下滚13页。本页抓取10个符合要求的item，总共已抓取121个。还可滚动1472次，下一页id为5051344545122394。
2024-08-07 06:44:55 - INFO - 北京生态环境(2050142347) 共发表19146条微博，已下滚13页。本页抓取10个符合要求的item，总共已抓取91个。还可滚动1901次，下一页id为5053086009132944。
2024-08-07 06:45:17 - INFO - 内蒙古生态环境(5491398313) 共发表7937条微博，已下滚13页。本页抓取10个符合要求的item，总共已抓取118个。还可滚动780次，下一页id为5041215143413677。
2024-08-07 06:46:04 - INFO - 生态河北(1630430145) 共发表14859条微博，已下滚14页。本页抓取10个符合要求的item，总共已抓取131个。还可滚动1471次，下一页id为5050186730047323。
2024-08-07 06:46:04 - INFO - 天津生态环境(3250739191) 共发表33787条微博，已下滚13页。本页抓取10个符合要求的item，总共已抓取113个。还可滚动3365次，下一页id为5044493032095948。
2024-08-07 06:46:22 - INFO - 山西省生态环境厅(6083457940) 共发表15873条微博，已下滚13页。本页抓取10个符合要求的item，总共已抓取89个。还可滚动1574次，下一页id为5057993041252501。
2024-08-07 06:46:45 - INFO - 北京生态环境(2050142347) 共发表19146条微博，已下滚14页。本页抓取10个符合要求的item，总共已抓取101个。还可滚动1900次，下一页id为5052348934130470。
2024-08-07 06:46:45 - INFO - 内蒙古生态环境(5491398313) 共发表7937条微博，已下滚14页。本页抓取10个符合要求的item，总共已抓取128个。还可滚动779次，下一页id为5039155422169904。
2024-08-07 06:47:05 - INFO - 生态河北(1630430145) 共发表14859条微博，已下滚15页。本页抓取10个符合要求的item，总共已抓取141个。还可滚动1470次，下一页id为5050184086062972。
2024-08-07 06:47:43 - INFO - 天津生态环境(3250739191) 共发表33787条微博，已下滚14页。本页抓取10个符合要求的item，总共已抓取123个。还可滚动3364次，下一页id为5042982514066575。
2024-08-07 06:48:06 - INFO - 山西省生态环境厅(6083457940) 共发表15873条微博，已下滚14页。本页抓取10个符合要求的item，总共已抓取99个。还可滚动1573次，下一页id为5057858278524822。
2024-08-07 06:48:10 - INFO - 内蒙古生态环境(5491398313) 共发表7937条微博，已下滚15页。本页抓取10个符合要求的item，总共已抓取138个。还可滚动778次，下一页id为5037593319967563。
2024-08-07 06:48:24 - INFO - 北京生态环境(2050142347) 共发表19146条微博，已下滚15页。本页抓取10个符合要求的item，总共已抓取111个。还可滚动1899次，下一页id为5051261208757834。
2024-08-07 06:48:33 - INFO - 生态河北(1630430145) 共发表14859条微博，已下滚16页。本页抓取10个符合要求的item，总共已抓取151个。还可滚动1469次，下一页id为5048749753368774。
2024-08-07 06:49:08 - INFO - 天津生态环境(3250739191) 共发表33787条微博，已下滚15页。本页抓取10个符合要求的item，总共已抓取133个。还可滚动3363次，下一页id为5041936963210023。
2024-08-07 06:49:26 - INFO - 山西省生态环境厅(6083457940) 共发表15873条微博，已下滚15页。本页抓取10个符合要求的item，总共已抓取109个。还可滚动1572次，下一页id为5057200076362133。
2024-08-07 06:49:35 - INFO - 内蒙古生态环境(5491398313) 共发表7937条微博，已下滚16页。本页抓取10个符合要求的item，总共已抓取148个。还可滚动777次，下一页id为5036512338772011。
2024-08-07 06:49:45 - INFO - 北京生态环境(2050142347) 共发表19146条微博，已下滚16页。本页抓取10个符合要求的item，总共已抓取121个。还可滚动1898次，下一页id为5050283342959914。
2024-08-07 06:49:54 - INFO - 生态河北(1630430145) 共发表14859条微博，已下滚17页。本页抓取10个符合要求的item，总共已抓取161个。还可滚动1468次，下一页id为5047661369493625。
2024-08-07 06:50:36 - INFO - 天津生态环境(3250739191) 共发表33787条微博，已下滚16页。本页抓取10个符合要求的item，总共已抓取143个。还可滚动3362次，下一页id为5041235452494216。
2024-08-07 06:50:48 - INFO - 内蒙古生态环境(5491398313) 共发表7937条微博，已下滚17页。本页抓取10个符合要求的item，总共已抓取158个。还可滚动776次，下一页id为5036169190707972。
2024-08-07 06:51:02 - INFO - 北京生态环境(2050142347) 共发表19146条微博，已下滚17页。本页抓取10个符合要求的item，总共已抓取131个。还可滚动1897次，下一页id为5049456326870725。
2024-08-07 06:51:21 - INFO - 山西省生态环境厅(6083457940) 共发表15873条微博，已下滚16页。本页抓取10个符合要求的item，总共已抓取119个。还可滚动1571次，下一页id为5056880618243618。
2024-08-07 06:51:30 - INFO - 生态河北(1630430145) 共发表14859条微博，已下滚18页。本页抓取10个符合要求的item，总共已抓取171个。还可滚动1467次，下一页id为5046901814595359。
2024-08-07 06:52:05 - INFO - 天津生态环境(3250739191) 共发表33787条微博，已下滚17页。本页抓取10个符合要求的item，总共已抓取153个。还可滚动3361次，下一页id为5040130171868020。
2024-08-07 06:52:15 - INFO - 内蒙古生态环境(5491398313) 共发表7937条微博，已下滚18页。本页抓取10个符合要求的item，总共已抓取168个。还可滚动775次，下一页id为5034701676874742。
2024-08-07 06:52:29 - INFO - 北京生态环境(2050142347) 共发表19146条微博，已下滚18页。本页抓取10个符合要求的item，总共已抓取141个。还可滚动1896次，下一页id为5048844734173214。
2024-08-07 06:52:50 - INFO - 山西省生态环境厅(6083457940) 共发表15873条微博，已下滚17页。本页抓取10个符合要求的item，总共已抓取129个。还可滚动1570次，下一页id为5056501317634132。
2024-08-07 06:52:55 - INFO - 生态河北(1630430145) 共发表14859条微博，已下滚19页。本页抓取10个符合要求的item，总共已抓取181个。还可滚动1466次，下一页id为5046262560195807。
2024-08-07 06:53:24 - INFO - 天津生态环境(3250739191) 共发表33787条微博，已下滚18页。本页抓取10个符合要求的item，总共已抓取163个。还可滚动3360次，下一页id为5038677856092577。
2024-08-07 06:53:33 - INFO - 内蒙古生态环境(5491398313) 共发表7937条微博，已下滚19页。本页抓取10个符合要求的item，总共已抓取178个。还可滚动774次，下一页id为5033616671769483。
2024-08-07 06:53:54 - INFO - 北京生态环境(2050142347) 共发表19146条微博，已下滚19页。本页抓取10个符合要求的item，总共已抓取151个。还可滚动1895次，下一页id为5047779191951530。
2024-08-07 06:54:26 - INFO - 山西省生态环境厅(6083457940) 共发表15873条微博，已下滚18页。本页抓取10个符合要求的item，总共已抓取139个。还可滚动1569次，下一页id为5055398170068738。
2024-08-07 06:54:26 - INFO - 生态河北(1630430145) 共发表14859条微博，已下滚20页。本页抓取10个符合要求的item，总共已抓取191个。还可滚动1465次，下一页id为5044759722987034。
2024-08-07 06:54:54 - INFO - 天津生态环境(3250739191) 共发表33787条微博，已下滚19页。本页抓取10个符合要求的item，总共已抓取173个。还可滚动3359次，下一页id为5036836949068440。
2024-08-07 06:54:59 - INFO - 内蒙古生态环境(5491398313) 共发表7937条微博，已下滚20页。本页抓取7个符合要求的item，总共已抓取185个。还可滚动773次，下一页id为5032887486778816。
2024-08-07 06:55:21 - INFO - 北京生态环境(2050142347) 共发表19146条微博，已下滚20页。本页抓取10个符合要求的item，总共已抓取161个。还可滚动1894次，下一页id为5047285157204051。
2024-08-07 06:55:31 - INFO - 生态河北(1630430145) 共发表14859条微博，已下滚21页。本页抓取10个符合要求的item，总共已抓取201个。还可滚动1464次，下一页id为5044055915893867。
2024-08-07 06:55:54 - INFO - 山西省生态环境厅(6083457940) 共发表15873条微博，已下滚19页。本页抓取10个符合要求的item，总共已抓取149个。还可滚动1568次，下一页id为5055320638621439。
2024-08-07 06:56:17 - INFO - 天津生态环境(3250739191) 共发表33787条微博，已下滚20页。本页抓取10个符合要求的item，总共已抓取183个。还可滚动3358次，下一页id为5035325090956404。
2024-08-07 06:56:22 - INFO - 内蒙古生态环境(5491398313) 共发表7937条微博，已下滚21页。本页抓取10个符合要求的item，总共已抓取195个。还可滚动772次，下一页id为5031427500675103。
2024-08-07 06:56:51 - INFO - 北京生态环境(2050142347) 共发表19146条微博，已下滚21页。本页抓取10个符合要求的item，总共已抓取171个。还可滚动1893次，下一页id为5046192127869089。
2024-08-07 06:57:05 - INFO - 生态河北(1630430145) 共发表14859条微博，已下滚22页。本页抓取10个符合要求的item，总共已抓取211个。还可滚动1463次，下一页id为5042969704925737。
2024-08-07 06:57:35 - INFO - 山西省生态环境厅(6083457940) 共发表15873条微博，已下滚20页。本页抓取10个符合要求的item，总共已抓取159个。还可滚动1567次，下一页id为5054653559213597。
2024-08-07 06:57:57 - INFO - 天津生态环境(3250739191) 共发表33787条微博，已下滚21页。本页抓取10个符合要求的item，总共已抓取193个。还可滚动3357次，下一页id为5033516035214213。
2024-08-07 06:57:58 - INFO - 内蒙古生态环境(5491398313) 共发表7937条微博，已下滚22页。本页抓取10个符合要求的item，总共已抓取205个。还可滚动771次，下一页id为5030966626877839。
2024-08-07 06:58:16 - INFO - 北京生态环境(2050142347) 共发表19146条微博，已下滚22页。本页抓取10个符合要求的item，总共已抓取181个。还可滚动1892次，下一页id为5045183462509818。
2024-08-07 06:58:34 - INFO - 生态河北(1630430145) 共发表14859条微博，已下滚23页。本页抓取10个符合要求的item，总共已抓取221个。还可滚动1462次，下一页id为5042354841195040。
2024-08-07 06:59:14 - INFO - 山西省生态环境厅(6083457940) 共发表15873条微博，已下滚21页。本页抓取10个符合要求的item，总共已抓取169个。还可滚动1566次，下一页id为5054337297155555。
2024-08-07 06:59:23 - INFO - 天津生态环境(3250739191) 共发表33787条微博，已下滚22页。本页抓取10个符合要求的item，总共已抓取203个。还可滚动3356次，下一页id为5032534142879009。
2024-08-07 06:59:32 - INFO - 内蒙古生态环境(5491398313) 共发表7937条微博，已下滚23页。本页抓取9个符合要求的item，总共已抓取214个。还可滚动770次，下一页id为5028918300772466。
2024-08-07 06:59:51 - INFO - 北京生态环境(2050142347) 共发表19146条微博，已下滚23页。本页抓取10个符合要求的item，总共已抓取191个。还可滚动1891次，下一页id为5044468199982136。
2024-08-07 07:00:13 - INFO - 生态河北(1630430145) 共发表14859条微博，已下滚24页。本页抓取10个符合要求的item，总共已抓取231个。还可滚动1461次，下一页id为5041554830133575。
2024-08-07 07:00:34 - INFO - 山西省生态环境厅(6083457940) 共发表15873条微博，已下滚22页。本页抓取10个符合要求的item，总共已抓取179个。还可滚动1565次，下一页id为5053977245523130。
2024-08-07 07:00:43 - INFO - 天津生态环境(3250739191) 共发表33787条微博，已下滚23页。本页抓取10个符合要求的item，总共已抓取213个。还可滚动3355次，下一页id为5031064636490370。
2024-08-07 07:00:52 - INFO - 内蒙古生态环境(5491398313) 共发表7937条微博，已下滚24页。本页抓取10个符合要求的item，总共已抓取224个。还可滚动769次，下一页id为5027786336767525。
2024-08-07 07:01:04 - INFO - 北京生态环境(2050142347) 共发表19146条微博，已下滚24页。本页抓取10个符合要求的item，总共已抓取201个。还可滚动1890次，下一页id为5043625971681712。
2024-08-07 07:01:29 - INFO - 生态河北(1630430145) 共发表14859条微博，已下滚25页。本页抓取10个符合要求的item，总共已抓取241个。还可滚动1460次，下一页id为5041106649614763。
2024-08-07 07:02:02 - INFO - 山西省生态环境厅(6083457940) 共发表15873条微博，已下滚23页。本页抓取10个符合要求的item，总共已抓取189个。还可滚动1564次，下一页id为5053967749090732。
2024-08-07 07:02:16 - INFO - 天津生态环境(3250739191) 共发表33787条微博，已下滚24页。本页抓取10个符合要求的item，总共已抓取223个。还可滚动3354次，下一页id为5029611865899494。
2024-08-07 07:02:20 - INFO - 内蒙古生态环境(5491398313) 共发表7937条微博，已下滚25页。本页抓取10个符合要求的item，总共已抓取234个。还可滚动768次，下一页id为5026258090203003。
2024-08-07 07:02:25 - INFO - 北京生态环境(2050142347) 共发表19146条微博，已下滚25页。本页抓取10个符合要求的item，总共已抓取211个。还可滚动1889次，下一页id为5042325467958089。
2024-08-07 07:02:49 - INFO - 生态河北(1630430145) 共发表14859条微博，已下滚26页。本页抓取9个符合要求的item，总共已抓取250个。还可滚动1459次，下一页id为5040498439884404。
2024-08-07 07:03:22 - INFO - 山西省生态环境厅(6083457940) 共发表15873条微博，已下滚24页。本页抓取10个符合要求的item，总共已抓取199个。还可滚动1563次，下一页id为5052519866435255。
2024-08-07 07:03:41 - INFO - 天津生态环境(3250739191) 共发表33787条微博，已下滚25页。本页抓取10个符合要求的item，总共已抓取233个。还可滚动3353次，下一页id为5028469258323339。
2024-08-07 07:03:50 - INFO - 内蒙古生态环境(5491398313) 共发表7937条微博，已下滚26页。本页抓取10个符合要求的item，总共已抓取244个。还可滚动767次，下一页id为5024918452306702。
2024-08-07 07:04:09 - INFO - 北京生态环境(2050142347) 共发表19146条微博，已下滚26页。本页抓取9个符合要求的item，总共已抓取220个。还可滚动1888次，下一页id为5041906713363866。
2024-08-07 07:04:22 - INFO - 生态河北(1630430145) 共发表14859条微博，已下滚27页。本页抓取10个符合要求的item，总共已抓取260个。还可滚动1458次，下一页id为5039789082412819。
2024-08-07 07:04:41 - INFO - 山西省生态环境厅(6083457940) 共发表15873条微博，已下滚25页。本页抓取10个符合要求的item，总共已抓取209个。还可滚动1562次，下一页id为5052168049006269。
2024-08-07 07:04:59 - INFO - 天津生态环境(3250739191) 共发表33787条微博，已下滚26页。本页抓取10个符合要求的item，总共已抓取243个。还可滚动3352次，下一页id为5026323402068105。
2024-08-07 07:05:09 - INFO - 内蒙古生态环境(5491398313) 共发表7937条微博，已下滚27页。本页抓取10个符合要求的item，总共已抓取254个。还可滚动766次，下一页id为5024190714874537。
2024-08-07 07:05:25 - INFO - 北京生态环境(2050142347) 共发表19146条微博，已下滚27页。本页抓取10个符合要求的item，总共已抓取230个。还可滚动1887次，下一页id为5040896282466347。
2024-08-07 07:05:35 - INFO - 生态河北(1630430145) 共发表14859条微博，已下滚28页。本页抓取10个符合要求的item，总共已抓取270个。还可滚动1457次，下一页id为5038953843655292。
2024-08-07 07:06:06 - INFO - 天津生态环境(3250739191) 共发表33787条微博，已下滚27页。本页抓取10个符合要求的item，总共已抓取253个。还可滚动3351次，下一页id为5023888901409785。
2024-08-07 07:06:34 - INFO - 内蒙古生态环境(5491398313) 共发表7937条微博，已下滚28页。本页抓取9个符合要求的item，总共已抓取263个。还可滚动765次，下一页id为5023870559980320。
2024-08-07 07:06:52 - INFO - 山西省生态环境厅(6083457940) 共发表15873条微博，已下滚26页。本页抓取10个符合要求的item，总共已抓取219个。还可滚动1561次，下一页id为5051803848937677。
2024-08-07 07:07:06 - INFO - 北京生态环境(2050142347) 共发表19146条微博，已下滚28页。本页抓取10个符合要求的item，总共已抓取240个。还可滚动1886次，下一页id为5040391594184077。
2024-08-07 07:07:11 - INFO - 生态河北(1630430145) 共发表14859条微博，已下滚29页。本页抓取10个符合要求的item，总共已抓取280个。还可滚动1456次，下一页id为5037931828085106。
2024-08-07 07:07:15 - INFO - 天津生态环境(3250739191) 共发表33787条微博，已下滚28页。本页抓取10个符合要求的item，总共已抓取263个。还可滚动3350次，下一页id为5023138440023742。
2024-08-07 07:07:37 - INFO - 内蒙古生态环境(5491398313) 共发表7937条微博，已下滚29页。本页抓取10个符合要求的item，总共已抓取273个。还可滚动764次，下一页id为5023503491537151。
2024-08-07 07:08:10 - INFO - 山西省生态环境厅(6083457940) 共发表15873条微博，已下滚27页。本页抓取10个符合要求的item，总共已抓取229个。还可滚动1560次，下一页id为5051417633492201。
2024-08-07 07:08:19 - INFO - 北京生态环境(2050142347) 共发表19146条微博，已下滚29页。本页抓取10个符合要求的item，总共已抓取250个。还可滚动1885次，下一页id为5039787977213590。
2024-08-07 07:08:28 - INFO - 生态河北(1630430145) 共发表14859条微博，已下滚30页。本页抓取10个符合要求的item，总共已抓取290个。还可滚动1455次，下一页id为5036859299988565。
2024-08-07 07:08:33 - INFO - 天津生态环境(3250739191) 共发表33787条微博，已下滚29页。本页抓取9个符合要求的item，总共已抓取272个。还可滚动3349次，下一页id为5022297293586567。
2024-08-07 07:08:33 - INFO - 内蒙古生态环境(5491398313) 共发表7937条微博，已下滚30页。本页抓取10个符合要求的item，总共已抓取283个。还可滚动763次，下一页id为5022273800768582。
2024-08-07 07:09:24 - INFO - 山西省生态环境厅(6083457940) 共发表15873条微博，已下滚28页。本页抓取10个符合要求的item，总共已抓取239个。还可滚动1559次，下一页id为5051407557722874。
2024-08-07 07:09:43 - INFO - 生态河北(1630430145) 共发表14859条微博，已下滚31页。本页抓取10个符合要求的item，总共已抓取300个。还可滚动1454次，下一页id为5036114669471239。
2024-08-07 07:09:56 - INFO - 内蒙古生态环境(5491398313) 共发表7937条微博，已下滚31页。本页抓取9个符合要求的item，总共已抓取292个。还可滚动762次，下一页id为5021630093067234。
2024-08-07 07:09:56 - INFO - 北京生态环境(2050142347) 共发表19146条微博，已下滚30页。本页抓取10个符合要求的item，总共已抓取260个。还可滚动1884次，下一页id为5039440464708455。
2024-08-07 07:10:05 - INFO - 天津生态环境(3250739191) 共发表33787条微博，已下滚30页。本页抓取10个符合要求的item，总共已抓取282个。还可滚动3348次，下一页id为5021913426428938。
2024-08-07 07:10:44 - INFO - 山西省生态环境厅(6083457940) 共发表15873条微博，已下滚29页。本页抓取10个符合要求的item，总共已抓取249个。还可滚动1558次，下一页id为5050322689461868。
2024-08-07 07:10:49 - INFO - 生态河北(1630430145) 共发表14859条微博，已下滚32页。本页抓取10个符合要求的item，总共已抓取310个。还可滚动1453次，下一页id为5035035413709250。
2024-08-07 07:10:58 - INFO - 北京生态环境(2050142347) 共发表19146条微博，已下滚31页。本页抓取10个符合要求的item，总共已抓取270个。还可滚动1883次，下一页id为5039027332319661。
2024-08-07 07:11:03 - INFO - 内蒙古生态环境(5491398313) 共发表7937条微博，已下滚32页。本页抓取10个符合要求的item，总共已抓取302个。还可滚动761次，下一页id为5020922718979329。
2024-08-07 07:11:17 - INFO - 天津生态环境(3250739191) 共发表33787条微博，已下滚31页。本页抓取10个符合要求的item，总共已抓取292个。还可滚动3347次，下一页id为5020839306855783。
2024-08-07 07:11:56 - INFO - 山西省生态环境厅(6083457940) 共发表15873条微博，已下滚30页。本页抓取10个符合要求的item，总共已抓取259个。还可滚动1557次，下一页id为5050012055113731。
2024-08-07 07:12:00 - INFO - 生态河北(1630430145) 共发表14859条微博，已下滚33页。本页抓取10个符合要求的item，总共已抓取320个。还可滚动1452次，下一页id为5034237577400070。
2024-08-07 07:12:05 - INFO - 内蒙古生态环境(5491398313) 共发表7937条微博，已下滚33页。本页抓取9个符合要求的item，总共已抓取311个。还可滚动760次，下一页id为5019914566108819。
2024-08-07 07:12:19 - INFO - 北京生态环境(2050142347) 共发表19146条微博，已下滚32页。本页抓取10个符合要求的item，总共已抓取280个。还可滚动1882次，下一页id为5038337935806568。
2024-08-07 07:12:23 - INFO - 天津生态环境(3250739191) 共发表33787条微博，已下滚32页。本页抓取10个符合要求的item，总共已抓取302个。还可滚动3346次，下一页id为5019526055858504。
2024-08-07 07:12:51 - INFO - 山西省生态环境厅(6083457940) 共发表15873条微博，已下滚31页。本页抓取10个符合要求的item，总共已抓取269个。还可滚动1556次，下一页id为5049606268261592。
2024-08-07 07:13:05 - INFO - 生态河北(1630430145) 共发表14859条微博，已下滚34页。本页抓取10个符合要求的item，总共已抓取330个。还可滚动1451次，下一页id为5032894202121077。
2024-08-07 07:13:09 - INFO - 内蒙古生态环境(5491398313) 共发表7937条微博，已下滚34页。本页抓取9个符合要求的item，总共已抓取320个。还可滚动759次，下一页id为5018774155560153。
2024-08-07 07:13:14 - INFO - 北京生态环境(2050142347) 共发表19146条微博，已下滚33页。本页抓取10个符合要求的item，总共已抓取290个。还可滚动1881次，下一页id为5036887876307526。
2024-08-07 07:13:23 - INFO - 天津生态环境(3250739191) 共发表33787条微博，已下滚33页。本页抓取10个符合要求的item，总共已抓取312个。还可滚动3345次，下一页id为5016918117320678。
2024-08-07 07:13:55 - INFO - 山西省生态环境厅(6083457940) 共发表15873条微博，已下滚32页。本页抓取10个符合要求的item，总共已抓取279个。还可滚动1555次，下一页id为5049227200434489。
2024-08-07 07:14:04 - INFO - 内蒙古生态环境(5491398313) 共发表7937条微博，已下滚35页。本页抓取10个符合要求的item，总共已抓取330个。还可滚动758次，下一页id为5016919108748428。
2024-08-07 07:14:09 - INFO - 生态河北(1630430145) 共发表14859条微博，已下滚35页。本页抓取10个符合要求的item，总共已抓取340个。还可滚动1450次，下一页id为5032153102159138。
2024-08-07 07:14:36 - INFO - 北京生态环境(2050142347) 共发表19146条微博，已下滚34页。本页抓取10个符合要求的item，总共已抓取300个。还可滚动1880次，下一页id为5036407157950720。
2024-08-07 07:14:41 - INFO - 天津生态环境(3250739191) 共发表33787条微博，已下滚34页。本页抓取10个符合要求的item，总共已抓取322个。还可滚动3344次，下一页id为5012441488687297。
2024-08-07 07:15:21 - INFO - 山西省生态环境厅(6083457940) 共发表15873条微博，已下滚33页。本页抓取10个符合要求的item，总共已抓取289个。还可滚动1554次，下一页id为5048870878844778。
2024-08-07 07:15:26 - INFO - 内蒙古生态环境(5491398313) 共发表7937条微博，已下滚36页。本页抓取10个符合要求的item，总共已抓取340个。还可滚动757次，下一页id为5014425855852793。
2024-08-07 07:15:30 - INFO - 生态河北(1630430145) 共发表14859条微博，已下滚36页。本页抓取10个符合要求的item，总共已抓取350个。还可滚动1449次，下一页id为5031343537000602。
2024-08-07 07:15:42 - INFO - 北京生态环境(2050142347) 共发表19146条微博，已下滚35页。本页抓取10个符合要求的item，总共已抓取310个。还可滚动1879次，下一页id为5035715308558161。
2024-08-07 07:15:52 - INFO - 天津生态环境(3250739191) 共发表33787条微博，已下滚35页。本页抓取10个符合要求的item，总共已抓取332个。还可滚动3343次，下一页id为5008665298340688。
2024-08-07 07:16:35 - INFO - 山西省生态环境厅(6083457940) 共发表15873条微博，已下滚34页。本页抓取10个符合要求的item，总共已抓取299个。还可滚动1553次，下一页id为5048531213356687。
2024-08-07 07:16:39 - INFO - 内蒙古生态环境(5491398313) 共发表7937条微博，已下滚37页。本页抓取10个符合要求的item，总共已抓取350个。还可滚动756次，下一页id为5013316500721108。
2024-08-07 07:16:44 - INFO - 生态河北(1630430145) 共发表14859条微博，已下滚37页。本页抓取10个符合要求的item，总共已抓取360个。还可滚动1448次，下一页id为5030731380429533。
2024-08-07 07:17:02 - INFO - 北京生态环境(2050142347) 共发表19146条微博，已下滚36页。本页抓取10个符合要求的item，总共已抓取320个。还可滚动1878次，下一页id为5035045288414039。
2024-08-07 07:17:07 - INFO - 天津生态环境(3250739191) 共发表33787条微博，已下滚36页。本页抓取9个符合要求的item，总共已抓取341个。还可滚动3342次，下一页id为5005046594671695。
2024-08-07 07:17:39 - INFO - 山西省生态环境厅(6083457940) 共发表15873条微博，已下滚35页。本页抓取10个符合要求的item，总共已抓取309个。还可滚动1552次，下一页id为5047703690284085。
2024-08-07 07:17:48 - INFO - 内蒙古生态环境(5491398313) 共发表7937条微博，已下滚38页。本页抓取8个符合要求的item，总共已抓取358个。还可滚动755次，下一页id为5010788094052374。
2024-08-07 07:17:53 - INFO - 生态河北(1630430145) 共发表14859条微博，已下滚38页。本页抓取10个符合要求的item，总共已抓取370个。还可滚动1447次，下一页id为5028788205521658。
2024-08-07 07:18:16 - INFO - 北京生态环境(2050142347) 共发表19146条微博，已下滚37页。本页抓取10个符合要求的item，总共已抓取330个。还可滚动1877次，下一页id为5034585950258863。
2024-08-07 07:18:20 - INFO - 天津生态环境(3250739191) 共发表33787条微博，已下滚37页。本页抓取10个符合要求的item，总共已抓取351个。还可滚动3341次，下一页id为4999065246893649。
2024-08-07 07:19:05 - INFO - 山西省生态环境厅(6083457940) 共发表15873条微博，已下滚36页。本页抓取10个符合要求的item，总共已抓取319个。还可滚动1551次，下一页id为5047463553011679。
2024-08-07 07:19:05 - INFO - 内蒙古生态环境(5491398313) 共发表7937条微博，已下滚39页。本页抓取10个符合要求的item，总共已抓取368个。还可滚动754次，下一页id为5010669246349681。
2024-08-07 07:19:14 - INFO - 生态河北(1630430145) 共发表14859条微博，已下滚39页。本页抓取10个符合要求的item，总共已抓取380个。还可滚动1446次，下一页id为5028068895490238。
2024-08-07 07:19:26 - INFO - 北京生态环境(2050142347) 共发表19146条微博，已下滚38页。本页抓取10个符合要求的item，总共已抓取340个。还可滚动1876次，下一页id为5034240095816563。
2024-08-07 07:19:36 - INFO - 天津生态环境(3250739191) 共发表33787条微博，已下滚38页。本页抓取10个符合要求的item，总共已抓取361个。还可滚动3340次，下一页id为4996122664501869。
2024-08-07 07:19:55 - INFO - 内蒙古生态环境(5491398313) 共发表7937条微博，已下滚40页。本页抓取10个符合要求的item，总共已抓取378个。还可滚动753次，下一页id为5009332433588627。
2024-08-07 07:20:28 - INFO - 山西省生态环境厅(6083457940) 共发表15873条微博，已下滚37页。本页抓取10个符合要求的item，总共已抓取329个。还可滚动1550次，下一页id为5047098104616992。
2024-08-07 07:20:37 - INFO - 生态河北(1630430145) 共发表14859条微博，已下滚40页。本页抓取10个符合要求的item，总共已抓取390个。还可滚动1445次，下一页id为5027054968641094。
2024-08-07 07:20:51 - INFO - 北京生态环境(2050142347) 共发表19146条微博，已下滚39页。本页抓取10个符合要求的item，总共已抓取350个。还可滚动1875次，下一页id为5033969212982016。
2024-08-07 07:21:00 - INFO - 内蒙古生态环境(5491398313) 共发表7937条微博，已下滚41页。本页抓取8个符合要求的item，总共已抓取386个。还可滚动752次，下一页id为5008607537793324。
2024-08-07 07:21:13 - INFO - 天津生态环境(3250739191) 共发表33787条微博，已下滚39页。本页抓取9个符合要求的item，总共已抓取370个。还可滚动3339次，下一页id为4993730664729553。
2024-08-07 07:21:46 - INFO - 山西省生态环境厅(6083457940) 共发表15873条微博，已下滚38页。本页抓取10个符合要求的item，总共已抓取339个。还可滚动1549次，下一页id为5046382062996561。
2024-08-07 07:21:50 - INFO - 生态河北(1630430145) 共发表14859条微博，已下滚41页。本页抓取10个符合要求的item，总共已抓取400个。还可滚动1444次，下一页id为5026345895854532。
2024-08-07 07:22:09 - INFO - 北京生态环境(2050142347) 共发表19146条微博，已下滚40页。本页抓取10个符合要求的item，总共已抓取360个。还可滚动1874次，下一页id为5033178022809031。
2024-08-07 07:22:13 - INFO - 内蒙古生态环境(5491398313) 共发表7937条微博，已下滚42页。本页抓取9个符合要求的item，总共已抓取395个。还可滚动751次，下一页id为5008168216168051。
2024-08-07 07:22:18 - INFO - 天津生态环境(3250739191) 共发表33787条微博，已下滚40页。本页抓取10个符合要求的item，总共已抓取380个。还可滚动3338次，下一页id为4991475526145949。
2024-08-07 07:22:54 - INFO - 山西省生态环境厅(6083457940) 共发表15873条微博，已下滚39页。本页抓取10个符合要求的item，总共已抓取349个。还可滚动1548次，下一页id为5045277610478478。
2024-08-07 07:22:59 - INFO - 生态河北(1630430145) 共发表14859条微博，已下滚42页。本页抓取10个符合要求的item，总共已抓取410个。还可滚动1443次，下一页id为5025911401612675。
2024-08-07 07:23:20 - INFO - 北京生态环境(2050142347) 共发表19146条微博，已下滚41页。本页抓取10个符合要求的item，总共已抓取370个。还可滚动1873次，下一页id为5032518975493404。
2024-08-07 07:23:29 - INFO - 内蒙古生态环境(5491398313) 共发表7937条微博，已下滚43页。本页抓取10个符合要求的item，总共已抓取405个。还可滚动750次，下一页id为5006785016235586。
2024-08-07 07:23:34 - INFO - 天津生态环境(3250739191) 共发表33787条微博，已下滚41页。本页抓取9个符合要求的item，总共已抓取389个。还可滚动3337次，下一页id为4988661695256694。
2024-08-07 07:24:10 - INFO - 山西省生态环境厅(6083457940) 共发表15873条微博，已下滚40页。本页抓取10个符合要求的item，总共已抓取359个。还可滚动1547次，下一页id为5044877746504407。
2024-08-07 07:24:15 - INFO - 生态河北(1630430145) 共发表14859条微博，已下滚43页。本页抓取10个符合要求的item，总共已抓取420个。还可滚动1442次，下一页id为5024202639804482。
2024-08-07 07:24:24 - INFO - 北京生态环境(2050142347) 共发表19146条微博，已下滚42页。本页抓取10个符合要求的item，总共已抓取380个。还可滚动1872次，下一页id为5031453753349168。
2024-08-07 07:24:34 - INFO - 内蒙古生态环境(5491398313) 共发表7937条微博，已下滚44页。本页抓取10个符合要求的item，总共已抓取415个。还可滚动749次，下一页id为5005713381002064。
2024-08-07 07:24:38 - INFO - 天津生态环境(3250739191) 共发表33787条微博，已下滚42页。本页抓取10个符合要求的item，总共已抓取399个。还可滚动3336次，下一页id为4985051281885796。
2024-08-07 07:25:01 - INFO - 山西省生态环境厅(6083457940) 共发表15873条微博，已下滚41页。本页抓取10个符合要求的item，总共已抓取369个。还可滚动1546次，下一页id为5044512739820045。
2024-08-07 07:25:11 - INFO - 生态河北(1630430145) 共发表14859条微博，已下滚44页。本页抓取10个符合要求的item，总共已抓取430个。还可滚动1441次，下一页id为5023714431470329。
2024-08-07 07:25:31 - INFO - 北京生态环境(2050142347) 共发表19146条微博，已下滚43页。本页抓取10个符合要求的item，总共已抓取390个。还可滚动1871次，下一页id为5030751462230605。
2024-08-07 07:25:40 - INFO - 内蒙古生态环境(5491398313) 共发表7937条微博，已下滚45页。本页抓取10个符合要求的item，总共已抓取425个。还可滚动748次，下一页id为5003529825813278。
2024-08-07 07:25:45 - INFO - 天津生态环境(3250739191) 共发表33787条微博，已下滚43页。本页抓取10个符合要求的item，总共已抓取409个。还可滚动3335次，下一页id为4981756319240501。
2024-08-07 07:26:12 - INFO - 山西省生态环境厅(6083457940) 共发表15873条微博，已下滚42页。本页抓取10个符合要求的item，总共已抓取379个。还可滚动1545次，下一页id为5044178333732752。
2024-08-07 07:26:17 - INFO - 生态河北(1630430145) 共发表14859条微博，已下滚45页。本页抓取10个符合要求的item，总共已抓取440个。还可滚动1440次，下一页id为5023347052387094。
2024-08-07 07:26:26 - INFO - 北京生态环境(2050142347) 共发表19146条微博，已下滚44页。本页抓取10个符合要求的item，总共已抓取400个。还可滚动1870次，下一页id为5029306323965135。
2024-08-07 07:26:31 - INFO - 内蒙古生态环境(5491398313) 共发表7937条微博，已下滚46页。本页抓取10个符合要求的item，总共已抓取435个。还可滚动747次，下一页id为5000366999470408。
2024-08-07 07:26:36 - INFO - 天津生态环境(3250739191) 共发表33787条微博，已下滚44页。本页抓取10个符合要求的item，总共已抓取419个。还可滚动3334次，下一页id为4979492575773759。
2024-08-07 07:27:23 - INFO - 山西省生态环境厅(6083457940) 共发表15873条微博，已下滚43页。本页抓取10个符合要求的item，总共已抓取389个。还可滚动1544次，下一页id为5044162876146974。
2024-08-07 07:27:32 - INFO - 生态河北(1630430145) 共发表14859条微博，已下滚46页。本页抓取9个符合要求的item，总共已抓取449个。还可滚动1439次，下一页id为5021617340023624。
2024-08-07 07:27:41 - INFO - 北京生态环境(2050142347) 共发表19146条微博，已下滚45页。本页抓取10个符合要求的item，总共已抓取410个。还可滚动1869次，下一页id为5028428875042248。
2024-08-07 07:27:45 - INFO - 内蒙古生态环境(5491398313) 共发表7937条微博，已下滚47页。本页抓取10个符合要求的item，总共已抓取445个。还可滚动746次，下一页id为4998829940411142。
2024-08-07 07:27:55 - INFO - 天津生态环境(3250739191) 共发表33787条微博，已下滚45页。本页抓取10个符合要求的item，总共已抓取429个。还可滚动3333次，下一页id为4969873912892047。
2024-08-07 07:28:25 - INFO - 山西省生态环境厅(6083457940) 共发表15873条微博，已下滚44页。本页抓取10个符合要求的item，总共已抓取399个。还可滚动1543次，下一页id为5042730840097936。
2024-08-07 07:28:29 - INFO - 生态河北(1630430145) 共发表14859条微博，已下滚47页。本页抓取10个符合要求的item，总共已抓取459个。还可滚动1438次，下一页id为5020907226268217。
2024-08-07 07:28:34 - INFO - 内蒙古生态环境(5491398313) 共发表7937条微博，已下滚48页。本页抓取10个符合要求的item，总共已抓取455个。还可滚动745次，下一页id为4997990525698387。
2024-08-07 07:28:38 - INFO - 北京生态环境(2050142347) 共发表19146条微博，已下滚46页。本页抓取10个符合要求的item，总共已抓取420个。还可滚动1868次，下一页id为5028165347183871。
2024-08-07 07:28:52 - INFO - 天津生态环境(3250739191) 共发表33787条微博，已下滚46页。本页抓取10个符合要求的item，总共已抓取439个。还可滚动3332次，下一页id为4961911338959306。
2024-08-07 07:29:25 - INFO - 山西省生态环境厅(6083457940) 共发表15873条微博，已下滚45页。本页抓取10个符合要求的item，总共已抓取409个。还可滚动1542次，下一页id为5042394282331976。
2024-08-07 07:29:25 - INFO - 生态河北(1630430145) 共发表14859条微博，已下滚48页。本页抓取10个符合要求的item，总共已抓取469个。还可滚动1437次，下一页id为5020254115987632。
2024-08-07 07:29:26 - INFO - 内蒙古生态环境(5491398313) 共发表7937条微博，已下滚49页。本页抓取10个符合要求的item，总共已抓取465个。还可滚动744次，下一页id为4997000875737361。
2024-08-07 07:29:26 - INFO - 北京生态环境(2050142347) 共发表19146条微博，已下滚47页。本页抓取10个符合要求的item，总共已抓取430个。还可滚动1867次，下一页id为5027362951922811。
2024-08-07 07:29:32 - INFO - 天津生态环境(3250739191) 共发表33787条微博，已下滚47页。本页抓取10个符合要求的item，总共已抓取449个。还可滚动3331次，下一页id为4958843312801172。
2024-08-07 10:29:18 - INFO - ----------开始爬虫，当前时间是：2024-08-07 10:29:18.172381----------
2024-08-07 10:30:54 - INFO - 生态河北(1630430145) 共发表14859条微博，已下滚49页。本页抓取10个符合要求的item，总共已抓取10个。还可滚动1436次，下一页id为5018718065132497。
2024-08-07 10:30:58 - INFO - 北京生态环境(2050142347) 共发表19146条微博，已下滚48页。本页抓取10个符合要求的item，总共已抓取10个。还可滚动1866次，下一页id为5026378649700508。
2024-08-07 10:31:12 - INFO - 内蒙古生态环境(5491398313) 共发表7937条微博，已下滚50页。本页抓取8个符合要求的item，总共已抓取8个。还可滚动743次，下一页id为4996652584665964。
2024-08-07 10:31:21 - INFO - 天津生态环境(3250739191) 共发表33787条微博，已下滚48页。本页抓取10个符合要求的item，总共已抓取10个。还可滚动3330次，下一页id为4954761768468730。
2024-08-07 10:31:21 - INFO - 山西省生态环境厅(6083457940) 共发表15873条微博，已下滚46页。本页抓取10个符合要求的item，总共已抓取10个。还可滚动1541次，下一页id为5041642530146851。
2024-08-07 10:32:06 - INFO - 生态河北(1630430145) 共发表14859条微博，已下滚50页。本页抓取10个符合要求的item，总共已抓取20个。还可滚动1435次，下一页id为5018295629512799。
2024-08-07 10:32:20 - INFO - 北京生态环境(2050142347) 共发表19146条微博，已下滚49页。本页抓取10个符合要求的item，总共已抓取20个。还可滚动1865次，下一页id为5025291449667149。
2024-08-07 10:32:25 - INFO - 内蒙古生态环境(5491398313) 共发表7937条微博，已下滚51页。本页抓取10个符合要求的item，总共已抓取18个。还可滚动742次，下一页id为4996273328098019。
2024-08-07 10:32:41 - INFO - 天津生态环境(3250739191) 共发表33787条微博，已下滚49页。本页抓取10个符合要求的item，总共已抓取20个。还可滚动3329次，下一页id为4950178870067217。
2024-08-07 10:32:59 - INFO - 山西省生态环境厅(6083457940) 共发表15873条微博，已下滚47页。本页抓取10个符合要求的item，总共已抓取20个。还可滚动1540次，下一页id为5041627956250225。
2024-08-07 10:33:10 - INFO - 生态河北(1630430145) 共发表14859条微博，已下滚51页。本页抓取10个符合要求的item，总共已抓取30个。还可滚动1434次，下一页id为5016920850433940。
2024-08-07 10:33:47 - INFO - 北京生态环境(2050142347) 共发表19146条微博，已下滚50页。本页抓取10个符合要求的item，总共已抓取30个。还可滚动1864次，下一页id为5024815866183952。
2024-08-07 10:33:51 - INFO - 内蒙古生态环境(5491398313) 共发表7937条微博，已下滚52页。本页抓取10个符合要求的item，总共已抓取28个。还可滚动741次，下一页id为4995904434080452。
2024-08-07 10:34:37 - INFO - 天津生态环境(3250739191) 共发表33787条微博，已下滚50页。本页抓取10个符合要求的item，总共已抓取30个。还可滚动3328次，下一页id为4945880832278935。
2024-08-07 10:34:37 - INFO - 生态河北(1630430145) 共发表14859条微博，已下滚52页。本页抓取10个符合要求的item，总共已抓取40个。还可滚动1433次，下一页id为5016227393052242。
2024-08-07 10:34:46 - INFO - 山西省生态环境厅(6083457940) 共发表15873条微博，已下滚48页。本页抓取10个符合要求的item，总共已抓取30个。还可滚动1539次，下一页id为5041179368360261。
2024-08-07 10:34:56 - INFO - 内蒙古生态环境(5491398313) 共发表7937条微博，已下滚53页。本页抓取10个符合要求的item，总共已抓取38个。还可滚动740次，下一页id为4995465177729862。
2024-08-07 10:35:05 - INFO - 北京生态环境(2050142347) 共发表19146条微博，已下滚51页。本页抓取10个符合要求的item，总共已抓取40个。还可滚动1863次，下一页id为5024199217515022。
2024-08-07 10:35:32 - INFO - 生态河北(1630430145) 共发表14859条微博，已下滚53页。本页抓取10个符合要求的item，总共已抓取50个。还可滚动1432次，下一页id为5015176535606652。
2024-08-07 10:36:09 - INFO - 天津生态环境(3250739191) 共发表33787条微博，已下滚51页。本页抓取10个符合要求的item，总共已抓取40个。还可滚动3327次，下一页id为4941465140330560。
2024-08-07 10:36:18 - INFO - 山西省生态环境厅(6083457940) 共发表15873条微博，已下滚49页。本页抓取9个符合要求的item，总共已抓取39个。还可滚动1538次，下一页id为5039827533695377。
2024-08-07 10:36:18 - INFO - 内蒙古生态环境(5491398313) 共发表7937条微博，已下滚54页。本页抓取9个符合要求的item，总共已抓取47个。还可滚动739次，下一页id为4994447776941790。
2024-08-07 10:36:41 - INFO - 北京生态环境(2050142347) 共发表19146条微博，已下滚52页。本页抓取10个符合要求的item，总共已抓取50个。还可滚动1862次，下一页id为5023838661777769。
2024-08-07 10:36:46 - INFO - 生态河北(1630430145) 共发表14859条微博，已下滚54页。本页抓取10个符合要求的item，总共已抓取60个。还可滚动1431次，下一页id为5014286737083985。
2024-08-07 10:37:05 - INFO - 天津生态环境(3250739191) 共发表33787条微博，已下滚52页。本页抓取10个符合要求的item，总共已抓取50个。还可滚动3326次，下一页id为4935410873013412。
2024-08-07 10:37:14 - INFO - 内蒙古生态环境(5491398313) 共发表7937条微博，已下滚55页。本页抓取10个符合要求的item，总共已抓取57个。还可滚动738次，下一页id为4994083150364956。
2024-08-07 10:37:33 - INFO - 山西省生态环境厅(6083457940) 共发表15873条微博，已下滚50页。本页抓取10个符合要求的item，总共已抓取49个。还可滚动1537次，下一页id为5039486067278240。
2024-08-07 10:37:50 - INFO - 北京生态环境(2050142347) 共发表19146条微博，已下滚53页。本页抓取10个符合要求的item，总共已抓取60个。还可滚动1861次，下一页id为5023457728008693。
2024-08-07 10:37:55 - INFO - 生态河北(1630430145) 共发表14859条微博，已下滚55页。本页抓取9个符合要求的item，总共已抓取69个。还可滚动1430次，下一页id为5013562611469445。
2024-08-07 10:38:36 - INFO - 内蒙古生态环境(5491398313) 共发表7937条微博，已下滚56页。本页抓取8个符合要求的item，总共已抓取65个。还可滚动737次，下一页id为4993659802225574。
2024-08-07 10:38:45 - INFO - 天津生态环境(3250739191) 共发表33787条微博，已下滚53页。本页抓取10个符合要求的item，总共已抓取60个。还可滚动3325次，下一页id为4934739489988414。
2024-08-07 10:39:08 - INFO - 山西省生态环境厅(6083457940) 共发表15873条微博，已下滚51页。本页抓取10个符合要求的item，总共已抓取59个。还可滚动1536次，下一页id为5039112212715196。
2024-08-07 10:39:17 - INFO - 北京生态环境(2050142347) 共发表19146条微博，已下滚54页。本页抓取10个符合要求的item，总共已抓取70个。还可滚动1860次，下一页id为5023132335473561。
2024-08-07 10:39:26 - INFO - 生态河北(1630430145) 共发表14859条微博，已下滚56页。本页抓取10个符合要求的item，总共已抓取79个。还可滚动1429次，下一页id为5012689262742849。
2024-08-07 10:39:39 - INFO - 内蒙古生态环境(5491398313) 共发表7937条微博，已下滚57页。本页抓取10个符合要求的item，总共已抓取75个。还可滚动736次，下一页id为4993011963135725。
2024-08-07 10:39:46 - INFO - 天津生态环境(3250739191) 共发表33787条微博，已下滚54页。本页抓取10个符合要求的item，总共已抓取70个。还可滚动3324次，下一页id为4930603620767143。
2024-08-07 10:40:21 - INFO - 山西省生态环境厅(6083457940) 共发表15873条微博，已下滚52页。本页抓取10个符合要求的item，总共已抓取69个。还可滚动1535次，下一页id为5038019757474774。
2024-08-07 10:40:30 - INFO - 生态河北(1630430145) 共发表14859条微博，已下滚57页。本页抓取10个符合要求的item，总共已抓取89个。还可滚动1428次，下一页id为5011880806973915。
2024-08-07 10:40:44 - INFO - 北京生态环境(2050142347) 共发表19146条微博，已下滚55页。本页抓取10个符合要求的item，总共已抓取80个。还可滚动1859次，下一页id为5022856280541414。
2024-08-07 10:40:49 - INFO - 内蒙古生态环境(5491398313) 共发表7937条微博，已下滚58页。本页抓取10个符合要求的item，总共已抓取85个。还可滚动735次，下一页id为4991131374322031。
2024-08-07 10:41:02 - INFO - 天津生态环境(3250739191) 共发表33787条微博，已下滚55页。本页抓取10个符合要求的item，总共已抓取80个。还可滚动3323次，下一页id为4928143721502432。
2024-08-07 10:41:43 - INFO - 山西省生态环境厅(6083457940) 共发表15873条微博，已下滚53页。本页抓取10个符合要求的item，总共已抓取79个。还可滚动1534次，下一页id为5037267665816571。
2024-08-07 10:41:47 - INFO - 生态河北(1630430145) 共发表14859条微博，已下滚58页。本页抓取10个符合要求的item，总共已抓取99个。还可滚动1427次，下一页id为5011030293349044。
2024-08-07 10:41:52 - INFO - 内蒙古生态环境(5491398313) 共发表7937条微博，已下滚59页。本页抓取7个符合要求的item，总共已抓取92个。还可滚动734次，下一页id为4990230772061443。
2024-08-07 10:41:57 - INFO - 天津生态环境(3250739191) 共发表33787条微博，已下滚56页。本页抓取10个符合要求的item，总共已抓取90个。还可滚动3322次，下一页id为4925149972796757。
2024-08-07 10:42:54 - INFO - 山西省生态环境厅(6083457940) 共发表15873条微博，已下滚54页。本页抓取10个符合要求的item，总共已抓取89个。还可滚动1533次，下一页id为5036579359818723。
2024-08-07 10:42:54 - INFO - 生态河北(1630430145) 共发表14859条微博，已下滚59页。本页抓取10个符合要求的item，总共已抓取109个。还可滚动1426次，下一页id为5010515927498888。
2024-08-07 10:43:04 - INFO - 内蒙古生态环境(5491398313) 共发表7937条微博，已下滚60页。本页抓取9个符合要求的item，总共已抓取101个。还可滚动733次，下一页id为4989352561606814。
2024-08-07 10:43:08 - INFO - 天津生态环境(3250739191) 共发表33787条微博，已下滚57页。本页抓取10个符合要求的item，总共已抓取100个。还可滚动3321次，下一页id为4922579989564046。
2024-08-07 10:43:21 - INFO - 生态河北(1630430145) 共发表14859条微博，已下滚60页。本页抓取10个符合要求的item，总共已抓取119个。还可滚动1425次，下一页id为5009633479494740。
2024-08-07 10:43:53 - INFO - 山西省生态环境厅(6083457940) 共发表15873条微博，已下滚55页。本页抓取10个符合要求的item，总共已抓取99个。还可滚动1532次，下一页id为5035130417061918。
2024-08-07 10:43:53 - INFO - 内蒙古生态环境(5491398313) 共发表7937条微博，已下滚61页。本页抓取9个符合要求的item，总共已抓取110个。还可滚动732次，下一页id为4988313251350036。
2024-08-07 10:44:07 - INFO - 天津生态环境(3250739191) 共发表33787条微博，已下滚58页。本页抓取10个符合要求的item，总共已抓取110个。还可滚动3320次，下一页id为4919349221002923。
2024-08-07 10:44:12 - INFO - 生态河北(1630430145) 共发表14859条微博，已下滚61页。本页抓取10个符合要求的item，总共已抓取129个。还可滚动1424次，下一页id为5008955325549217。
2024-08-07 10:44:18 - INFO - 内蒙古生态环境(5491398313) 共发表7937条微博，已下滚62页。本页抓取10个符合要求的item，总共已抓取120个。还可滚动731次，下一页id为4987932556133775。
2024-08-07 10:45:05 - INFO - 山西省生态环境厅(6083457940) 共发表15873条微博，已下滚56页。本页抓取10个符合要求的item，总共已抓取109个。还可滚动1531次，下一页id为5034787380926533。
2024-08-07 10:45:23 - INFO - 生态河北(1630430145) 共发表14859条微博，已下滚62页。本页抓取10个符合要求的item，总共已抓取139个。还可滚动1423次，下一页id为5008217574999262。
2024-08-07 10:45:32 - INFO - 内蒙古生态环境(5491398313) 共发表7937条微博，已下滚63页。本页抓取10个符合要求的item，总共已抓取130个。还可滚动730次，下一页id为4986850066567493。
2024-08-07 10:45:41 - INFO - 天津生态环境(3250739191) 共发表33787条微博，已下滚59页。本页抓取10个符合要求的item，总共已抓取120个。还可滚动3319次，下一页id为4918287425605477。
2024-08-07 10:46:18 - INFO - 山西省生态环境厅(6083457940) 共发表15873条微博，已下滚57页。本页抓取10个符合要求的item，总共已抓取119个。还可滚动1530次，下一页id为5034018002701296。
2024-08-07 10:46:27 - INFO - 生态河北(1630430145) 共发表14859条微博，已下滚63页。本页抓取10个符合要求的item，总共已抓取149个。还可滚动1422次，下一页id为5007056077065312。
2024-08-07 10:46:32 - INFO - 内蒙古生态环境(5491398313) 共发表7937条微博，已下滚64页。本页抓取8个符合要求的item，总共已抓取138个。还可滚动729次，下一页id为4985845934984251。
2024-08-07 10:46:37 - INFO - 天津生态环境(3250739191) 共发表33787条微博，已下滚60页。本页抓取10个符合要求的item，总共已抓取130个。还可滚动3318次，下一页id为4916471082256494。
2024-08-07 10:47:20 - INFO - 山西省生态环境厅(6083457940) 共发表15873条微博，已下滚58页。本页抓取10个符合要求的item，总共已抓取129个。还可滚动1529次，下一页id为5033663521886046。
2024-08-07 10:47:25 - INFO - 生态河北(1630430145) 共发表14859条微博，已下滚64页。本页抓取10个符合要求的item，总共已抓取159个。还可滚动1421次，下一页id为5005951042850221。
2024-08-07 10:47:25 - INFO - 内蒙古生态环境(5491398313) 共发表7937条微博，已下滚65页。本页抓取10个符合要求的item，总共已抓取148个。还可滚动728次，下一页id为4984317963665522。
2024-08-07 10:47:48 - INFO - 天津生态环境(3250739191) 共发表33787条微博，已下滚61页。本页抓取10个符合要求的item，总共已抓取140个。还可滚动3317次，下一页id为4916102293360398。
2024-08-07 10:48:27 - INFO - 山西省生态环境厅(6083457940) 共发表15873条微博，已下滚59页。本页抓取10个符合要求的item，总共已抓取139个。还可滚动1528次，下一页id为5032570902023575。
2024-08-07 10:48:27 - INFO - 生态河北(1630430145) 共发表14859条微博，已下滚65页。本页抓取10个符合要求的item，总共已抓取169个。还可滚动1420次，下一页id为5004255905450094。
2024-08-07 10:48:36 - INFO - 内蒙古生态环境(5491398313) 共发表7937条微博，已下滚66页。本页抓取10个符合要求的item，总共已抓取158个。还可滚动727次，下一页id为4983576913514374。
2024-08-07 10:48:54 - INFO - 天津生态环境(3250739191) 共发表33787条微博，已下滚62页。本页抓取10个符合要求的item，总共已抓取150个。还可滚动3316次，下一页id为4914641660808205。
2024-08-07 10:49:08 - INFO - 生态河北(1630430145) 共发表14859条微博，已下滚66页。本页抓取10个符合要求的item，总共已抓取179个。还可滚动1419次，下一页id为5003541311915838。
2024-08-07 10:49:22 - INFO - 山西省生态环境厅(6083457940) 共发表15873条微博，已下滚60页。本页抓取10个符合要求的item，总共已抓取149个。还可滚动1527次，下一页id为5032185746687148。
2024-08-07 10:49:26 - INFO - 内蒙古生态环境(5491398313) 共发表7937条微博，已下滚67页。本页抓取10个符合要求的item，总共已抓取168个。还可滚动726次，下一页id为4982876087520439。
2024-08-07 10:49:36 - INFO - 天津生态环境(3250739191) 共发表33787条微博，已下滚63页。本页抓取10个符合要求的item，总共已抓取160个。还可滚动3315次，下一页id为4913523878004970。
2024-08-07 10:49:41 - INFO - 生态河北(1630430145) 共发表14859条微博，已下滚67页。本页抓取10个符合要求的item，总共已抓取189个。还可滚动1418次，下一页id为5002452263239836。
2024-08-07 10:50:09 - INFO - 山西省生态环境厅(6083457940) 共发表15873条微博，已下滚61页。本页抓取10个符合要求的item，总共已抓取159个。还可滚动1526次，下一页id为5031498690855239。
2024-08-07 10:50:14 - INFO - 内蒙古生态环境(5491398313) 共发表7937条微博，已下滚68页。本页抓取10个符合要求的item，总共已抓取178个。还可滚动725次，下一页id为4981068593105927。
2024-08-07 10:50:18 - INFO - 天津生态环境(3250739191) 共发表33787条微博，已下滚64页。本页抓取10个符合要求的item，总共已抓取170个。还可滚动3314次，下一页id为4910649631312189。
2024-08-07 10:50:23 - INFO - 生态河北(1630430145) 共发表14859条微博，已下滚68页。本页抓取10个符合要求的item，总共已抓取199个。还可滚动1417次，下一页id为4999078828051338。
2024-08-07 10:50:43 - INFO - 山西省生态环境厅(6083457940) 共发表15873条微博，已下滚62页。本页抓取10个符合要求的item，总共已抓取169个。还可滚动1525次，下一页id为5031125552730499。
2024-08-07 10:50:57 - INFO - 内蒙古生态环境(5491398313) 共发表7937条微博，已下滚69页。本页抓取10个符合要求的item，总共已抓取188个。还可滚动724次，下一页id为4979227601142403。
2024-08-07 10:50:57 - INFO - 天津生态环境(3250739191) 共发表33787条微博，已下滚65页。本页抓取10个符合要求的item，总共已抓取180个。还可滚动3313次，下一页id为4908440612506166。
2024-08-07 10:51:06 - INFO - 生态河北(1630430145) 共发表14859条微博，已下滚69页。本页抓取10个符合要求的item，总共已抓取209个。还可滚动1416次，下一页id为4998469008491886。
2024-08-07 10:51:37 - INFO - 山西省生态环境厅(6083457940) 共发表15873条微博，已下滚63页。本页抓取10个符合要求的item，总共已抓取179个。还可滚动1524次，下一页id为5030403133671617。
2024-08-07 10:51:41 - INFO - 天津生态环境(3250739191) 共发表33787条微博，已下滚66页。本页抓取10个符合要求的item，总共已抓取190个。还可滚动3312次，下一页id为4905942095757441。
2024-08-07 10:51:55 - INFO - 内蒙古生态环境(5491398313) 共发表7937条微博，已下滚70页。本页抓取10个符合要求的item，总共已抓取198个。还可滚动723次，下一页id为4977838732611011。
2024-08-07 10:52:00 - INFO - 生态河北(1630430145) 共发表14859条微博，已下滚70页。本页抓取10个符合要求的item，总共已抓取219个。还可滚动1415次，下一页id为4997628418588862。
2024-08-07 10:52:25 - INFO - 山西省生态环境厅(6083457940) 共发表15873条微博，已下滚64页。本页抓取10个符合要求的item，总共已抓取189个。还可滚动1523次，下一页id为5028589928188627。
2024-08-07 10:52:30 - INFO - 天津生态环境(3250739191) 共发表33787条微博，已下滚67页。本页抓取10个符合要求的item，总共已抓取200个。还可滚动3311次，下一页id为4902487280063578。
2024-08-07 10:52:42 - INFO - 内蒙古生态环境(5491398313) 共发表7937条微博，已下滚71页。本页抓取10个符合要求的item，总共已抓取208个。还可滚动722次，下一页id为4976708818043241。
2024-08-07 10:52:54 - INFO - 生态河北(1630430145) 共发表14859条微博，已下滚71页。本页抓取10个符合要求的item，总共已抓取229个。还可滚动1414次，下一页id为4996531348046241。
2024-08-07 10:53:17 - INFO - 山西省生态环境厅(6083457940) 共发表15873条微博，已下滚65页。本页抓取10个符合要求的item，总共已抓取199个。还可滚动1522次，下一页id为5028240873491890。
2024-08-07 10:53:26 - INFO - 天津生态环境(3250739191) 共发表33787条微博，已下滚68页。本页抓取10个符合要求的item，总共已抓取210个。还可滚动3310次，下一页id为4899766393637349。
2024-08-07 10:53:31 - INFO - 内蒙古生态环境(5491398313) 共发表7937条微博，已下滚72页。本页抓取10个符合要求的item，总共已抓取218个。还可滚动721次，下一页id为4975979770938600。
2024-08-07 10:54:16 - INFO - 山西省生态环境厅(6083457940) 共发表15873条微博，已下滚66页。本页抓取10个符合要求的item，总共已抓取209个。还可滚动1521次，下一页id为5027485378675664。
2024-08-07 10:54:44 - INFO - 内蒙古生态环境(5491398313) 共发表7937条微博，已下滚73页。本页抓取10个符合要求的item，总共已抓取228个。还可滚动720次，下一页id为4975617664090313。
2024-08-07 10:54:53 - INFO - 天津生态环境(3250739191) 共发表33787条微博，已下滚69页。本页抓取10个符合要求的item，总共已抓取220个。还可滚动3309次，下一页id为4897705027440429。
2024-08-07 10:55:25 - INFO - 山西省生态环境厅(6083457940) 共发表15873条微博，已下滚67页。本页抓取10个符合要求的item，总共已抓取219个。还可滚动1520次，下一页id为5027203735881511。
2024-08-07 10:55:39 - INFO - 内蒙古生态环境(5491398313) 共发表7937条微博，已下滚74页。本页抓取10个符合要求的item，总共已抓取238个。还可滚动719次，下一页id为4975616237503005。
2024-08-07 10:55:53 - INFO - 天津生态环境(3250739191) 共发表33787条微博，已下滚70页。本页抓取10个符合要求的item，总共已抓取230个。还可滚动3308次，下一页id为4895400206532677。
2024-08-07 10:56:07 - INFO - 山西省生态环境厅(6083457940) 共发表15873条微博，已下滚68页。本页抓取10个符合要求的item，总共已抓取229个。还可滚动1519次，下一页id为5026402258389447。
2024-08-07 10:56:22 - INFO - 内蒙古生态环境(5491398313) 共发表7937条微博，已下滚75页。本页抓取10个符合要求的item，总共已抓取248个。还可滚动718次，下一页id为4975164255373003。
2024-08-07 10:56:36 - INFO - 天津生态环境(3250739191) 共发表33787条微博，已下滚71页。本页抓取10个符合要求的item，总共已抓取240个。还可滚动3307次，下一页id为4892138377315265。
2024-08-07 10:56:56 - INFO - 山西省生态环境厅(6083457940) 共发表15873条微博，已下滚69页。本页抓取10个符合要求的item，总共已抓取239个。还可滚动1518次，下一页id为5026037514111642。
2024-08-07 10:57:01 - INFO - 内蒙古生态环境(5491398313) 共发表7937条微博，已下滚76页。本页抓取10个符合要求的item，总共已抓取258个。还可滚动717次，下一页id为4975163088830963。
2024-08-07 10:57:15 - INFO - 天津生态环境(3250739191) 共发表33787条微博，已下滚72页。本页抓取10个符合要求的item，总共已抓取250个。还可滚动3306次，下一页id为4890405377936102。
2024-08-07 10:57:34 - INFO - 山西省生态环境厅(6083457940) 共发表15873条微博，已下滚70页。本页抓取10个符合要求的item，总共已抓取249个。还可滚动1517次，下一页id为5024989164868072。
2024-08-07 10:57:43 - INFO - 内蒙古生态环境(5491398313) 共发表7937条微博，已下滚77页。本页抓取10个符合要求的item，总共已抓取268个。还可滚动716次，下一页id为4974176655378251。
2024-08-07 10:57:54 - INFO - 天津生态环境(3250739191) 共发表33787条微博，已下滚73页。本页抓取10个符合要求的item，总共已抓取260个。还可滚动3305次，下一页id为4889268398851558。
2024-08-07 10:58:34 - INFO - 山西省生态环境厅(6083457940) 共发表15873条微博，已下滚71页。本页抓取10个符合要求的item，总共已抓取259个。还可滚动1516次，下一页id为5024259030386954。
2024-08-07 10:58:48 - INFO - 内蒙古生态环境(5491398313) 共发表7937条微博，已下滚78页。本页抓取10个符合要求的item，总共已抓取278个。还可滚动715次，下一页id为4973828453960867。
2024-08-07 10:59:06 - INFO - 天津生态环境(3250739191) 共发表33787条微博，已下滚74页。本页抓取10个符合要求的item，总共已抓取270个。还可滚动3304次，下一页id为4886731456777952。
2024-08-07 10:59:38 - INFO - 山西省生态环境厅(6083457940) 共发表15873条微博，已下滚72页。本页抓取10个符合要求的item，总共已抓取269个。还可滚动1515次，下一页id为5023846099058759。
2024-08-07 10:59:43 - INFO - 内蒙古生态环境(5491398313) 共发表7937条微博，已下滚79页。本页抓取10个符合要求的item，总共已抓取288个。还可滚动714次，下一页id为4973443793292498。
2024-08-07 11:00:07 - INFO - 天津生态环境(3250739191) 共发表33787条微博，已下滚75页。本页抓取10个符合要求的item，总共已抓取280个。还可滚动3303次，下一页id为4884891970568904。
2024-08-07 11:00:54 - INFO - 山西省生态环境厅(6083457940) 共发表15873条微博，已下滚73页。本页抓取10个符合要求的item，总共已抓取279个。还可滚动1514次，下一页id为5022437213211943。
2024-08-07 11:01:08 - INFO - 内蒙古生态环境(5491398313) 共发表7937条微博，已下滚80页。本页抓取10个符合要求的item，总共已抓取298个。还可滚动713次，下一页id为4972714058060214。
2024-08-07 11:01:13 - INFO - 天津生态环境(3250739191) 共发表33787条微博，已下滚76页。本页抓取10个符合要求的item，总共已抓取290个。还可滚动3302次，下一页id为4882378491694867。
2024-08-07 11:01:42 - INFO - 山西省生态环境厅(6083457940) 共发表15873条微博，已下滚74页。本页抓取10个符合要求的item，总共已抓取289个。还可滚动1513次，下一页id为5021726450913569。
2024-08-07 11:01:50 - INFO - 内蒙古生态环境(5491398313) 共发表7937条微博，已下滚81页。本页抓取10个符合要求的item，总共已抓取308个。还可滚动712次，下一页id为4971639574104542。
2024-08-07 11:02:18 - INFO - 天津生态环境(3250739191) 共发表33787条微博，已下滚77页。本页抓取10个符合要求的item，总共已抓取300个。还可滚动3301次，下一页id为4881778332144055。
2024-08-07 11:02:41 - INFO - 山西省生态环境厅(6083457940) 共发表15873条微博，已下滚75页。本页抓取10个符合要求的item，总共已抓取299个。还可滚动1512次，下一页id为5020973201363557。
2024-08-07 11:02:50 - INFO - 内蒙古生态环境(5491398313) 共发表7937条微博，已下滚82页。本页抓取10个符合要求的item，总共已抓取318个。还可滚动711次，下一页id为4970178284882571。
2024-08-07 11:03:22 - INFO - 天津生态环境(3250739191) 共发表33787条微博，已下滚78页。本页抓取10个符合要求的item，总共已抓取310个。还可滚动3300次，下一页id为4879835433797124。
2024-08-07 11:03:46 - INFO - 山西省生态环境厅(6083457940) 共发表15873条微博，已下滚76页。本页抓取10个符合要求的item，总共已抓取309个。还可滚动1511次，下一页id为5020254873064217。
2024-08-07 11:03:51 - INFO - 内蒙古生态环境(5491398313) 共发表7937条微博，已下滚83页。本页抓取10个符合要求的item，总共已抓取328个。还可滚动710次，下一页id为4969109127170693。
2024-08-07 11:04:04 - INFO - 天津生态环境(3250739191) 共发表33787条微博，已下滚79页。本页抓取10个符合要求的item，总共已抓取320个。还可滚动3299次，下一页id为4876572244316582。
2024-08-07 11:04:48 - INFO - 山西省生态环境厅(6083457940) 共发表15873条微博，已下滚77页。本页抓取10个符合要求的item，总共已抓取319个。还可滚动1510次，下一页id为5018789492032100。
2024-08-07 11:05:02 - INFO - 内蒙古生态环境(5491398313) 共发表7937条微博，已下滚84页。本页抓取10个符合要求的item，总共已抓取338个。还可滚动709次，下一页id为4968739451700835。
2024-08-07 11:05:02 - INFO - 天津生态环境(3250739191) 共发表33787条微博，已下滚80页。本页抓取10个符合要求的item，总共已抓取330个。还可滚动3298次，下一页id为4874763098391416。
2024-08-07 11:05:47 - INFO - 山西省生态环境厅(6083457940) 共发表15873条微博，已下滚78页。本页抓取10个符合要求的item，总共已抓取329个。还可滚动1509次，下一页id为5017751205446461。
2024-08-07 11:05:51 - INFO - 天津生态环境(3250739191) 共发表33787条微博，已下滚81页。本页抓取10个符合要求的item，总共已抓取340个。还可滚动3297次，下一页id为4870958097111632。
2024-08-07 11:06:00 - INFO - 内蒙古生态环境(5491398313) 共发表7937条微博，已下滚85页。本页抓取10个符合要求的item，总共已抓取348个。还可滚动708次，下一页id为4968016628418532。
2024-08-07 11:06:42 - INFO - 山西省生态环境厅(6083457940) 共发表15873条微博，已下滚79页。本页抓取10个符合要求的item，总共已抓取339个。还可滚动1508次，下一页id为5016969382201378。
2024-08-07 11:06:42 - INFO - 天津生态环境(3250739191) 共发表33787条微博，已下滚82页。本页抓取10个符合要求的item，总共已抓取350个。还可滚动3296次，下一页id为4869305252971713。
2024-08-07 11:06:56 - INFO - 内蒙古生态环境(5491398313) 共发表7937条微博，已下滚86页。本页抓取10个符合要求的item，总共已抓取358个。还可滚动707次，下一页id为4966570063299045。
2024-08-07 11:07:05 - INFO - 天津生态环境(3250739191) 共发表33787条微博，已下滚83页。本页抓取10个符合要求的item，总共已抓取360个。还可滚动3295次，下一页id为4865943665378415。
2024-08-07 11:07:38 - INFO - 山西省生态环境厅(6083457940) 共发表15873条微博，已下滚80页。本页抓取10个符合要求的item，总共已抓取349个。还可滚动1507次，下一页id为5016336868312767。
2024-08-07 11:07:42 - INFO - 内蒙古生态环境(5491398313) 共发表7937条微博，已下滚87页。本页抓取10个符合要求的item，总共已抓取368个。还可滚动706次，下一页id为4966568956788879。
2024-08-07 11:07:47 - INFO - 天津生态环境(3250739191) 共发表33787条微博，已下滚84页。本页抓取10个符合要求的item，总共已抓取370个。还可滚动3294次，下一页id为4862475864903851。
2024-08-07 11:08:18 - INFO - 山西省生态环境厅(6083457940) 共发表15873条微博，已下滚81页。本页抓取10个符合要求的item，总共已抓取359个。还可滚动1506次，下一页id为5015911310032989。
2024-08-07 11:08:27 - INFO - 天津生态环境(3250739191) 共发表33787条微博，已下滚85页。本页抓取10个符合要求的item，总共已抓取380个。还可滚动3293次，下一页id为4859571190892246。
2024-08-07 11:08:27 - INFO - 内蒙古生态环境(5491398313) 共发表7937条微博，已下滚88页。本页抓取10个符合要求的item，总共已抓取378个。还可滚动705次，下一页id为4966115228780479。
2024-08-07 11:09:02 - INFO - 山西省生态环境厅(6083457940) 共发表15873条微博，已下滚82页。本页抓取10个符合要求的item，总共已抓取369个。还可滚动1505次，下一页id为5015212935610670。
2024-08-07 11:09:06 - INFO - 天津生态环境(3250739191) 共发表33787条微博，已下滚86页。本页抓取10个符合要求的item，总共已抓取390个。还可滚动3292次，下一页id为4855897613926574。
2024-08-07 11:09:20 - INFO - 内蒙古生态环境(5491398313) 共发表7937条微博，已下滚89页。本页抓取10个符合要求的item，总共已抓取388个。还可滚动704次，下一页id为4965147280148478。
2024-08-07 11:09:46 - INFO - 山西省生态环境厅(6083457940) 共发表15873条微博，已下滚83页。本页抓取10个符合要求的item，总共已抓取379个。还可滚动1504次，下一页id为5013924490249817。
2024-08-07 11:10:04 - INFO - 天津生态环境(3250739191) 共发表33787条微博，已下滚87页。本页抓取10个符合要求的item，总共已抓取400个。还可滚动3291次，下一页id为4854500777527267。
2024-08-07 11:10:09 - INFO - 内蒙古生态环境(5491398313) 共发表7937条微博，已下滚90页。本页抓取10个符合要求的item，总共已抓取398个。还可滚动703次，下一页id为4965015820960927。
2024-08-07 11:10:47 - INFO - 山西省生态环境厅(6083457940) 共发表15873条微博，已下滚84页。本页抓取10个符合要求的item，总共已抓取389个。还可滚动1503次，下一页id为5012274408590308。
2024-08-07 11:10:52 - INFO - 天津生态环境(3250739191) 共发表33787条微博，已下滚88页。本页抓取10个符合要求的item，总共已抓取410个。还可滚动3290次，下一页id为4853041398811561。
2024-08-07 11:11:15 - INFO - 内蒙古生态环境(5491398313) 共发表7937条微博，已下滚91页。本页抓取10个符合要求的item，总共已抓取408个。还可滚动702次，下一页id为4963921601761019。
2024-08-07 11:11:47 - INFO - 山西省生态环境厅(6083457940) 共发表15873条微博，已下滚85页。本页抓取10个符合要求的item，总共已抓取399个。还可滚动1502次，下一页id为5011577151166867。
2024-08-07 11:11:52 - INFO - 天津生态环境(3250739191) 共发表33787条微博，已下滚89页。本页抓取10个符合要求的item，总共已抓取420个。还可滚动3289次，下一页id为4850818257259027。
2024-08-07 11:12:04 - INFO - 内蒙古生态环境(5491398313) 共发表7937条微博，已下滚92页。本页抓取10个符合要求的item，总共已抓取418个。还可滚动701次，下一页id为4963210755309756。
2024-08-07 11:12:56 - INFO - 山西省生态环境厅(6083457940) 共发表15873条微博，已下滚86页。本页抓取10个符合要求的item，总共已抓取409个。还可滚动1501次，下一页id为5011202166229759。
2024-08-07 11:12:56 - INFO - 天津生态环境(3250739191) 共发表33787条微博，已下滚90页。本页抓取10个符合要求的item，总共已抓取430个。还可滚动3288次，下一页id为4847604393839274。
2024-08-07 11:13:32 - INFO - 内蒙古生态环境(5491398313) 共发表7937条微博，已下滚93页。本页抓取10个符合要求的item，总共已抓取428个。还可滚动700次，下一页id为4962490498680085。
2024-08-07 11:13:37 - INFO - 天津生态环境(3250739191) 共发表33787条微博，已下滚91页。本页抓取10个符合要求的item，总共已抓取440个。还可滚动3287次，下一页id为4845704784642172。
2024-08-07 11:14:18 - INFO - 山西省生态环境厅(6083457940) 共发表15873条微博，已下滚87页。本页抓取10个符合要求的item，总共已抓取419个。还可滚动1500次，下一页id为5010738827755757。
2024-08-07 11:14:23 - INFO - 天津生态环境(3250739191) 共发表33787条微博，已下滚92页。本页抓取10个符合要求的item，总共已抓取450个。还可滚动3286次，下一页id为4844283398718001。
2024-08-07 11:14:37 - INFO - 内蒙古生态环境(5491398313) 共发表7937条微博，已下滚94页。本页抓取10个符合要求的item，总共已抓取438个。还可滚动699次，下一页id为4962489063179410。
2024-08-07 11:15:08 - INFO - 山西省生态环境厅(6083457940) 共发表15873条微博，已下滚88页。本页抓取10个符合要求的item，总共已抓取429个。还可滚动1499次，下一页id为5009020133837422。
2024-08-07 11:15:26 - INFO - 天津生态环境(3250739191) 共发表33787条微博，已下滚93页。本页抓取10个符合要求的item，总共已抓取460个。还可滚动3285次，下一页id为4842967192049689。
2024-08-07 11:15:31 - INFO - 内蒙古生态环境(5491398313) 共发表7937条微博，已下滚95页。本页抓取9个符合要求的item，总共已抓取447个。还可滚动698次，下一页id为4961387468557058。
2024-08-07 11:16:09 - INFO - 山西省生态环境厅(6083457940) 共发表15873条微博，已下滚89页。本页抓取10个符合要求的item，总共已抓取439个。还可滚动1498次，下一页id为5008287517118492。
2024-08-07 11:16:13 - INFO - 天津生态环境(3250739191) 共发表33787条微博，已下滚94页。本页抓取10个符合要求的item，总共已抓取470个。还可滚动3284次，下一页id为4841664428902047。
2024-08-07 11:16:32 - INFO - 内蒙古生态环境(5491398313) 共发表7937条微博，已下滚96页。本页抓取10个符合要求的item，总共已抓取457个。还可滚动697次，下一页id为4961037767672608。
2024-08-07 11:17:19 - INFO - 山西省生态环境厅(6083457940) 共发表15873条微博，已下滚90页。本页抓取10个符合要求的item，总共已抓取449个。还可滚动1497次，下一页id为5006844411513729。
2024-08-07 11:17:23 - INFO - 天津生态环境(3250739191) 共发表33787条微博，已下滚95页。本页抓取10个符合要求的item，总共已抓取480个。还可滚动3283次，下一页id为4840799567617307。
2024-08-07 11:17:37 - INFO - 内蒙古生态环境(5491398313) 共发表7937条微博，已下滚97页。本页抓取10个符合要求的item，总共已抓取467个。还可滚动696次，下一页id为4960429615088866。
2024-08-07 11:18:21 - INFO - 山西省生态环境厅(6083457940) 共发表15873条微博，已下滚91页。本页抓取10个符合要求的item，总共已抓取459个。还可滚动1496次，下一页id为5006125940608764。
2024-08-07 11:18:26 - INFO - 天津生态环境(3250739191) 共发表33787条微博，已下滚96页。本页抓取10个符合要求的item，总共已抓取490个。还可滚动3282次，下一页id为4838865053419409。
2024-08-07 11:18:30 - INFO - 内蒙古生态环境(5491398313) 共发表7937条微博，已下滚98页。本页抓取10个符合要求的item，总共已抓取477个。还可滚动695次，下一页id为4959939685519134。
2024-08-07 11:19:01 - INFO - 山西省生态环境厅(6083457940) 共发表15873条微博，已下滚92页。本页抓取10个符合要求的item，总共已抓取469个。还可滚动1495次，下一页id为5004659896616721。
2024-08-07 11:19:11 - INFO - 天津生态环境(3250739191) 共发表33787条微博，已下滚97页。本页抓取10个符合要求的item，总共已抓取500个。还可滚动3281次，下一页id为4836706538491456。
2024-08-07 11:19:29 - INFO - 内蒙古生态环境(5491398313) 共发表7937条微博，已下滚99页。本页抓取10个符合要求的item，总共已抓取487个。还可滚动694次，下一页id为4959225871337909。
2024-08-07 11:20:04 - INFO - 山西省生态环境厅(6083457940) 共发表15873条微博，已下滚93页。本页抓取10个符合要求的item，总共已抓取479个。还可滚动1494次，下一页id为5004303830616628。
2024-08-07 11:20:08 - INFO - 天津生态环境(3250739191) 共发表33787条微博，已下滚98页。本页抓取10个符合要求的item，总共已抓取510个。还可滚动3280次，下一页id为4834546288167428。
2024-08-07 11:20:13 - INFO - 内蒙古生态环境(5491398313) 共发表7937条微博，已下滚100页。本页抓取9个符合要求的item，总共已抓取496个。还可滚动693次，下一页id为4959225248745824。
2024-08-07 11:20:44 - INFO - 山西省生态环境厅(6083457940) 共发表15873条微博，已下滚94页。本页抓取10个符合要求的item，总共已抓取489个。还可滚动1493次，下一页id为5002873835881173。
2024-08-07 11:20:53 - INFO - 天津生态环境(3250739191) 共发表33787条微博，已下滚99页。本页抓取10个符合要求的item，总共已抓取520个。还可滚动3279次，下一页id为4833816336140518。
2024-08-07 11:20:58 - INFO - 内蒙古生态环境(5491398313) 共发表7937条微博，已下滚101页。本页抓取10个符合要求的item，总共已抓取506个。还可滚动692次，下一页id为4958110310466489。
2024-08-07 11:21:16 - INFO - 山西省生态环境厅(6083457940) 共发表15873条微博，已下滚95页。本页抓取10个符合要求的item，总共已抓取499个。还可滚动1492次，下一页id为5000686348009570。
2024-08-07 11:21:21 - INFO - 天津生态环境(3250739191) 共发表33787条微博，已下滚100页。本页抓取10个符合要求的item，总共已抓取530个。还可滚动3278次，下一页id为4832760319182484。
2024-08-07 11:21:40 - INFO - 内蒙古生态环境(5491398313) 共发表7937条微博，已下滚102页。本页抓取10个符合要求的item，总共已抓取516个。还可滚动691次，下一页id为4957524187418636。
2024-08-07 11:21:54 - INFO - 山西省生态环境厅(6083457940) 共发表15873条微博，已下滚96页。本页抓取10个符合要求的item，总共已抓取509个。还可滚动1491次，下一页id为4999267988802726。
2024-08-07 11:22:03 - INFO - 天津生态环境(3250739191) 共发表33787条微博，已下滚101页。本页抓取10个符合要求的item，总共已抓取540个。还可滚动3277次，下一页id为4831633057777327。
2024-08-07 11:22:26 - INFO - 内蒙古生态环境(5491398313) 共发表7937条微博，已下滚103页。本页抓取10个符合要求的item，总共已抓取526个。还可滚动690次，下一页id为4956698995591984。
2024-08-07 11:22:43 - INFO - 山西省生态环境厅(6083457940) 共发表15873条微博，已下滚97页。本页抓取10个符合要求的item，总共已抓取519个。还可滚动1490次，下一页id为4998888436269747。
2024-08-07 11:22:48 - INFO - 天津生态环境(3250739191) 共发表33787条微博，已下滚102页。本页抓取10个符合要求的item，总共已抓取550个。还可滚动3276次，下一页id为4830904885709430。
2024-08-07 11:22:57 - INFO - 内蒙古生态环境(5491398313) 共发表7937条微博，已下滚104页。本页抓取10个符合要求的item，总共已抓取536个。还可滚动689次，下一页id为4956046013236273。
2024-08-07 11:23:34 - INFO - 山西省生态环境厅(6083457940) 共发表15873条微博，已下滚98页。本页抓取10个符合要求的item，总共已抓取529个。还可滚动1489次，下一页id为4998143694082853。
2024-08-07 11:23:43 - INFO - 天津生态环境(3250739191) 共发表33787条微博，已下滚103页。本页抓取10个符合要求的item，总共已抓取560个。还可滚动3275次，下一页id为4829897468678253。
2024-08-07 11:23:43 - INFO - 内蒙古生态环境(5491398313) 共发表7937条微博，已下滚105页。本页抓取10个符合要求的item，总共已抓取546个。还可滚动688次，下一页id为4955322294208035。
2024-08-07 11:24:29 - INFO - 山西省生态环境厅(6083457940) 共发表15873条微博，已下滚99页。本页抓取10个符合要求的item，总共已抓取539个。还可滚动1488次，下一页id为4997425775510797。
2024-08-07 11:24:38 - INFO - 天津生态环境(3250739191) 共发表33787条微博，已下滚104页。本页抓取10个符合要求的item，总共已抓取570个。还可滚动3274次，下一页id为4828742919130926。
2024-08-07 11:24:52 - INFO - 内蒙古生态环境(5491398313) 共发表7937条微博，已下滚106页。本页抓取10个符合要求的item，总共已抓取556个。还可滚动687次，下一页id为4954592465388035。
2024-08-07 11:25:13 - INFO - 山西省生态环境厅(6083457940) 共发表15873条微博，已下滚100页。本页抓取10个符合要求的item，总共已抓取549个。还可滚动1487次，下一页id为4996373588477677。
2024-08-07 11:25:22 - INFO - 天津生态环境(3250739191) 共发表33787条微博，已下滚105页。本页抓取10个符合要求的item，总共已抓取580个。还可滚动3273次，下一页id为4827649983645315。
2024-08-07 11:25:34 - INFO - 内蒙古生态环境(5491398313) 共发表7937条微博，已下滚107页。本页抓取10个符合要求的item，总共已抓取566个。还可滚动686次，下一页id为4953891853306160。
2024-08-07 11:26:08 - INFO - 山西省生态环境厅(6083457940) 共发表15873条微博，已下滚101页。本页抓取10个符合要求的item，总共已抓取559个。还可滚动1486次，下一页id为4995639580820038。
2024-08-07 11:26:17 - INFO - 天津生态环境(3250739191) 共发表33787条微博，已下滚106页。本页抓取10个符合要求的item，总共已抓取590个。还可滚动3272次，下一页id为4826649939675924。
2024-08-07 11:26:30 - INFO - 内蒙古生态环境(5491398313) 共发表7937条微博，已下滚108页。本页抓取10个符合要求的item，总共已抓取576个。还可滚动685次，下一页id为4950913535445924。
2024-08-07 11:27:03 - INFO - 山西省生态环境厅(6083457940) 共发表15873条微博，已下滚102页。本页抓取10个符合要求的item，总共已抓取569个。还可滚动1485次，下一页id为4995271556074884。
2024-08-07 11:27:08 - INFO - 天津生态环境(3250739191) 共发表33787条微博，已下滚107页。本页抓取10个符合要求的item，总共已抓取600个。还可滚动3271次，下一页id为4825528559208924。
2024-08-07 11:27:26 - INFO - 内蒙古生态环境(5491398313) 共发表7937条微博，已下滚109页。本页抓取10个符合要求的item，总共已抓取586个。还可滚动684次，下一页id为4950256737324042。
2024-08-07 11:28:01 - INFO - 山西省生态环境厅(6083457940) 共发表15873条微博，已下滚103页。本页抓取10个符合要求的item，总共已抓取579个。还可滚动1484次，下一页id为4994162464921220。
2024-08-07 11:28:15 - INFO - 天津生态环境(3250739191) 共发表33787条微博，已下滚108页。本页抓取10个符合要求的item，总共已抓取610个。还可滚动3270次，下一页id为4824552884144572。
2024-08-07 11:28:33 - INFO - 内蒙古生态环境(5491398313) 共发表7937条微博，已下滚110页。本页抓取10个符合要求的item，总共已抓取596个。还可滚动683次，下一页id为4949880092232640。
2024-08-07 11:29:00 - INFO - 山西省生态环境厅(6083457940) 共发表15873条微博，已下滚104页。本页抓取10个符合要求的item，总共已抓取589个。还可滚动1483次，下一页id为4993435691914182。
2024-08-07 11:29:05 - INFO - 天津生态环境(3250739191) 共发表33787条微博，已下滚109页。本页抓取10个符合要求的item，总共已抓取620个。还可滚动3269次，下一页id为4822945165741977。
2024-08-07 11:29:20 - INFO - 内蒙古生态环境(5491398313) 共发表7937条微博，已下滚111页。本页抓取10个符合要求的item，总共已抓取606个。还可滚动682次，下一页id为4948715346330758。
2024-08-07 11:29:27 - INFO - 山西省生态环境厅(6083457940) 共发表15873条微博，已下滚105页。本页抓取10个符合要求的item，总共已抓取599个。还可滚动1482次，下一页id为4993060952607289。
2024-08-07 11:29:30 - INFO - 天津生态环境(3250739191) 共发表33787条微博，已下滚110页。本页抓取10个符合要求的item，总共已抓取630个。还可滚动3268次，下一页id为4821559799972784。
2024-08-07 11:32:30 - INFO - ----------开始爬虫，当前时间是：2024-08-07 11:32:30.321229----------
2024-08-07 11:33:19 - INFO - 内蒙古生态环境(5491398313) 共发表7937条微博，已下滚112页。本页抓取10个符合要求的item，总共已抓取10个。还可滚动681次，下一页id为4948072591788282。
2024-08-07 11:33:33 - INFO - 天津生态环境(3250739191) 共发表33787条微博，已下滚111页。本页抓取10个符合要求的item，总共已抓取10个。还可滚动3267次，下一页id为4820413631172181。
2024-08-07 11:34:05 - INFO - 山西省生态环境厅(6083457940) 共发表15873条微博，已下滚106页。本页抓取10个符合要求的item，总共已抓取10个。还可滚动1481次，下一页id为4992026428838748。
2024-08-07 11:34:19 - INFO - 内蒙古生态环境(5491398313) 共发表7937条微博，已下滚113页。本页抓取10个符合要求的item，总共已抓取20个。还可滚动680次，下一页id为4946289000974847。
2024-08-07 11:34:23 - INFO - 天津生态环境(3250739191) 共发表33787条微博，已下滚112页。本页抓取10个符合要求的item，总共已抓取20个。还可滚动3266次，下一页id为4819331324051583。
2024-08-07 11:34:59 - INFO - 山西省生态环境厅(6083457940) 共发表15873条微博，已下滚107页。本页抓取10个符合要求的item，总共已抓取20个。还可滚动1480次，下一页id为4991274237560527。
2024-08-07 11:35:13 - INFO - 内蒙古生态环境(5491398313) 共发表7937条微博，已下滚114页。本页抓取10个符合要求的item，总共已抓取30个。还可滚动679次，下一页id为4945919881512707。
2024-08-07 11:35:18 - INFO - 天津生态环境(3250739191) 共发表33787条微博，已下滚113页。本页抓取10个符合要求的item，总共已抓取30个。还可滚动3265次，下一页id为4818590359098149。
2024-08-07 11:35:54 - INFO - 山西省生态环境厅(6083457940) 共发表15873条微博，已下滚108页。本页抓取10个符合要求的item，总共已抓取30个。还可滚动1479次，下一页id为4990554875630398。
2024-08-07 11:36:08 - INFO - 内蒙古生态环境(5491398313) 共发表7937条微博，已下滚115页。本页抓取10个符合要求的item，总共已抓取40个。还可滚动678次，下一页id为4944787009178478。
2024-08-07 11:36:17 - INFO - 天津生态环境(3250739191) 共发表33787条微博，已下滚114页。本页抓取10个符合要求的item，总共已抓取40个。还可滚动3264次，下一页id为4817581846826378。
2024-08-07 11:36:47 - INFO - 山西省生态环境厅(6083457940) 共发表15873条微博，已下滚109页。本页抓取10个符合要求的item，总共已抓取40个。还可滚动1478次，下一页id为4989078511028883。
2024-08-07 11:36:52 - INFO - 内蒙古生态环境(5491398313) 共发表7937条微博，已下滚116页。本页抓取10个符合要求的item，总共已抓取50个。还可滚动677次，下一页id为4944786408867866。
2024-08-07 11:36:57 - INFO - 天津生态环境(3250739191) 共发表33787条微博，已下滚115页。本页抓取10个符合要求的item，总共已抓取50个。还可滚动3263次，下一页id为4816794071600291。
2024-08-07 11:37:21 - INFO - 山西省生态环境厅(6083457940) 共发表15873条微博，已下滚110页。本页抓取10个符合要求的item，总共已抓取50个。还可滚动1477次，下一页id为4988366354909756。
2024-08-07 11:37:35 - INFO - 内蒙古生态环境(5491398313) 共发表7937条微博，已下滚117页。本页抓取10个符合要求的item，总共已抓取60个。还可滚动676次，下一页id为4943365793906840。
2024-08-07 11:37:40 - INFO - 天津生态环境(3250739191) 共发表33787条微博，已下滚116页。本页抓取10个符合要求的item，总共已抓取60个。还可滚动3262次，下一页id为4815405325222407。
2024-08-07 11:38:02 - INFO - 山西省生态环境厅(6083457940) 共发表15873条微博，已下滚111页。本页抓取10个符合要求的item，总共已抓取60个。还可滚动1476次，下一页id为4987994356580786。
2024-08-07 11:38:25 - INFO - 内蒙古生态环境(5491398313) 共发表7937条微博，已下滚118页。本页抓取10个符合要求的item，总共已抓取70个。还可滚动675次，下一页id为4942629919262610。
2024-08-07 11:38:30 - INFO - 天津生态环境(3250739191) 共发表33787条微博，已下滚117页。本页抓取10个符合要求的item，总共已抓取70个。还可滚动3261次，下一页id为4814011385775324。
2024-08-07 11:39:19 - INFO - 山西省生态环境厅(6083457940) 共发表15873条微博，已下滚112页。本页抓取10个符合要求的item，总共已抓取70个。还可滚动1475次，下一页id为4986915058879689。
2024-08-07 11:39:23 - INFO - 内蒙古生态环境(5491398313) 共发表7937条微博，已下滚119页。本页抓取10个符合要求的item，总共已抓取80个。还可滚动674次，下一页id为4942276812867772。
2024-08-07 11:39:28 - INFO - 天津生态环境(3250739191) 共发表33787条微博，已下滚118页。本页抓取10个符合要求的item，总共已抓取80个。还可滚动3260次，下一页id为4812658232524825。
2024-08-07 11:40:02 - INFO - 山西省生态环境厅(6083457940) 共发表15873条微博，已下滚113页。本页抓取10个符合要求的item，总共已抓取80个。还可滚动1474次，下一页id为4986200488936245。
2024-08-07 11:40:16 - INFO - 内蒙古生态环境(5491398313) 共发表7937条微博，已下滚120页。本页抓取10个符合要求的item，总共已抓取90个。还可滚动673次，下一页id为4941259087808695。
2024-08-07 11:40:34 - INFO - 天津生态环境(3250739191) 共发表33787条微博，已下滚119页。本页抓取10个符合要求的item，总共已抓取90个。还可滚动3259次，下一页id为4811311672459302。
2024-08-07 11:41:06 - INFO - 山西省生态环境厅(6083457940) 共发表15873条微博，已下滚114页。本页抓取10个符合要求的item，总共已抓取90个。还可滚动1473次，下一页id为4985835743874078。
2024-08-07 11:41:20 - INFO - 内蒙古生态环境(5491398313) 共发表7937条微博，已下滚121页。本页抓取10个符合要求的item，总共已抓取100个。还可滚动672次，下一页id为4941256042745913。
2024-08-07 11:41:25 - INFO - 天津生态环境(3250739191) 共发表33787条微博，已下滚120页。本页抓取10个符合要求的item，总共已抓取100个。还可滚动3258次，下一页id为4809715115362768。
2024-08-07 11:42:07 - INFO - 山西省生态环境厅(6083457940) 共发表15873条微博，已下滚115页。本页抓取10个符合要求的item，总共已抓取100个。还可滚动1472次，下一页id为4984352210162734。
2024-08-07 11:42:26 - INFO - 内蒙古生态环境(5491398313) 共发表7937条微博，已下滚122页。本页抓取10个符合要求的item，总共已抓取110个。还可滚动671次，下一页id为4940466258187707。
2024-08-07 11:42:35 - INFO - 天津生态环境(3250739191) 共发表33787条微博，已下滚121页。本页抓取10个符合要求的item，总共已抓取110个。还可滚动3257次，下一页id为4808118896690276。
2024-08-07 11:42:56 - INFO - 山西省生态环境厅(6083457940) 共发表15873条微博，已下滚116页。本页抓取10个符合要求的item，总共已抓取110个。还可滚动1471次，下一页id为4984007579665767。
2024-08-07 11:43:04 - INFO - 内蒙古生态环境(5491398313) 共发表7937条微博，已下滚123页。本页抓取10个符合要求的item，总共已抓取120个。还可滚动670次，下一页id为4939640424633410。
2024-08-07 11:43:25 - INFO - 天津生态环境(3250739191) 共发表33787条微博，已下滚122页。本页抓取10个符合要求的item，总共已抓取120个。还可滚动3256次，下一页id为4807034334086909。
2024-08-07 11:43:53 - INFO - 山西省生态环境厅(6083457940) 共发表15873条微博，已下滚117页。本页抓取10个符合要求的item，总共已抓取120个。还可滚动1470次，下一页id为4983271715504510。
2024-08-07 11:44:06 - INFO - 内蒙古生态环境(5491398313) 共发表7937条微博，已下滚124页。本页抓取10个符合要求的item，总共已抓取130个。还可滚动669次，下一页id为4938283249567294。
2024-08-07 11:44:11 - INFO - 天津生态环境(3250739191) 共发表33787条微博，已下滚123页。本页抓取10个符合要求的item，总共已抓取130个。还可滚动3255次，下一页id为4805337566413855。
2024-08-07 11:44:58 - INFO - 山西省生态环境厅(6083457940) 共发表15873条微博，已下滚118页。本页抓取10个符合要求的item，总共已抓取130个。还可滚动1469次，下一页id为4982953409249601。
2024-08-07 11:45:03 - INFO - 内蒙古生态环境(5491398313) 共发表7937条微博，已下滚125页。本页抓取10个符合要求的item，总共已抓取140个。还可滚动668次，下一页id为4937584185446001。
2024-08-07 11:45:12 - INFO - 天津生态环境(3250739191) 共发表33787条微博，已下滚124页。本页抓取10个符合要求的item，总共已抓取140个。还可滚动3254次，下一页id为4804101911872477。
2024-08-07 11:45:47 - INFO - 山西省生态环境厅(6083457940) 共发表15873条微博，已下滚119页。本页抓取10个符合要求的item，总共已抓取140个。还可滚动1468次，下一页id为4982837813969355。
2024-08-07 11:46:06 - INFO - 内蒙古生态环境(5491398313) 共发表7937条微博，已下滚126页。本页抓取10个符合要求的item，总共已抓取150个。还可滚动667次，下一页id为4936142129206038。
2024-08-07 11:46:15 - INFO - 天津生态环境(3250739191) 共发表33787条微博，已下滚125页。本页抓取10个符合要求的item，总共已抓取150个。还可滚动3253次，下一页id为4802654834004081。
2024-08-07 11:46:31 - INFO - 山西省生态环境厅(6083457940) 共发表15873条微博，已下滚120页。本页抓取10个符合要求的item，总共已抓取150个。还可滚动1467次，下一页id为4981127183342337。
2024-08-07 11:46:43 - INFO - 内蒙古生态环境(5491398313) 共发表7937条微博，已下滚127页。本页抓取10个符合要求的item，总共已抓取160个。还可滚动666次，下一页id为4935389422290235。
2024-08-07 11:46:48 - INFO - 天津生态环境(3250739191) 共发表33787条微博，已下滚126页。本页抓取10个符合要求的item，总共已抓取160个。还可滚动3252次，下一页id为4800137609872925。
2024-08-07 11:47:25 - INFO - 山西省生态环境厅(6083457940) 共发表15873条微博，已下滚121页。本页抓取10个符合要求的item，总共已抓取160个。还可滚动1466次，下一页id为4980397551653806。
2024-08-07 11:47:30 - INFO - 内蒙古生态环境(5491398313) 共发表7937条微博，已下滚128页。本页抓取10个符合要求的item，总共已抓取170个。还可滚动665次，下一页id为4935033086806187。
2024-08-07 11:47:34 - INFO - 天津生态环境(3250739191) 共发表33787条微博，已下滚127页。本页抓取10个符合要求的item，总共已抓取170个。还可滚动3251次，下一页id为4796961495188336。
2024-08-07 11:48:19 - INFO - 山西省生态环境厅(6083457940) 共发表15873条微博，已下滚122页。本页抓取10个符合要求的item，总共已抓取170个。还可滚动1465次，下一页id为4979272611794830。
2024-08-07 11:48:42 - INFO - 内蒙古生态环境(5491398313) 共发表7937条微博，已下滚129页。本页抓取10个符合要求的item，总共已抓取180个。还可滚动664次，下一页id为4934777443981766。
2024-08-07 11:48:42 - INFO - 天津生态环境(3250739191) 共发表33787条微博，已下滚128页。本页抓取10个符合要求的item，总共已抓取180个。还可滚动3250次，下一页id为4795752657717841。
2024-08-07 11:49:19 - INFO - 山西省生态环境厅(6083457940) 共发表15873条微博，已下滚123页。本页抓取10个符合要求的item，总共已抓取180个。还可滚动1464次，下一页id为4978585616255625。
2024-08-07 11:49:38 - INFO - 天津生态环境(3250739191) 共发表33787条微博，已下滚129页。本页抓取10个符合要求的item，总共已抓取190个。还可滚动3249次，下一页id为4793972495486155。
2024-08-07 11:49:43 - INFO - 内蒙古生态环境(5491398313) 共发表7937条微博，已下滚130页。本页抓取10个符合要求的item，总共已抓取190个。还可滚动663次，下一页id为4933587016879709。
2024-08-07 11:50:37 - INFO - 山西省生态环境厅(6083457940) 共发表15873条微博，已下滚124页。本页抓取10个符合要求的item，总共已抓取190个。还可滚动1463次，下一页id为4978200566039063。
2024-08-07 11:50:42 - INFO - 天津生态环境(3250739191) 共发表33787条微博，已下滚130页。本页抓取10个符合要求的item，总共已抓取200个。还可滚动3248次，下一页id为4792505645665968。
2024-08-07 11:50:56 - INFO - 内蒙古生态环境(5491398313) 共发表7937条微博，已下滚131页。本页抓取10个符合要求的item，总共已抓取200个。还可滚动662次，下一页id为4932853324584275。
2024-08-07 11:51:22 - INFO - 山西省生态环境厅(6083457940) 共发表15873条微博，已下滚125页。本页抓取10个符合要求的item，总共已抓取200个。还可滚动1462次，下一页id为4977809913283918。
2024-08-07 11:51:26 - INFO - 天津生态环境(3250739191) 共发表33787条微博，已下滚131页。本页抓取10个符合要求的item，总共已抓取210个。还可滚动3247次，下一页id为4790689012909186。
2024-08-07 11:51:40 - INFO - 内蒙古生态环境(5491398313) 共发表7937条微博，已下滚132页。本页抓取10个符合要求的item，总共已抓取210个。还可滚动661次，下一页id为4931813858612757。
2024-08-07 11:52:13 - INFO - 山西省生态环境厅(6083457940) 共发表15873条微博，已下滚126页。本页抓取10个符合要求的item，总共已抓取210个。还可滚动1461次，下一页id为4976413873276175。
2024-08-07 11:52:18 - INFO - 天津生态环境(3250739191) 共发表33787条微博，已下滚132页。本页抓取10个符合要求的item，总共已抓取220个。还可滚动3246次，下一页id为4789227038704174。
2024-08-07 11:52:36 - INFO - 内蒙古生态环境(5491398313) 共发表7937条微博，已下滚133页。本页抓取10个符合要求的item，总共已抓取220个。还可滚动660次，下一页id为4929964871518559。
2024-08-07 11:53:17 - INFO - 天津生态环境(3250739191) 共发表33787条微博，已下滚133页。本页抓取10个符合要求的item，总共已抓取230个。还可滚动3245次，下一页id为4786867055363837。
2024-08-07 11:53:26 - INFO - 山西省生态环境厅(6083457940) 共发表15873条微博，已下滚127页。本页抓取10个符合要求的item，总共已抓取220个。还可滚动1460次，下一页id为4975697992352415。
2024-08-07 11:53:40 - INFO - 内蒙古生态环境(5491398313) 共发表7937条微博，已下滚134页。本页抓取10个符合要求的item，总共已抓取230个。还可滚动659次，下一页id为4928407647815112。
2024-08-07 11:53:52 - INFO - 天津生态环境(3250739191) 共发表33787条微博，已下滚134页。本页抓取10个符合要求的item，总共已抓取240个。还可滚动3244次，下一页id为4785950851335405。
2024-08-07 11:54:25 - INFO - 山西省生态环境厅(6083457940) 共发表15873条微博，已下滚128页。本页抓取10个符合要求的item，总共已抓取230个。还可滚动1459次，下一页id为4975332046149318。
2024-08-07 11:54:29 - INFO - 内蒙古生态环境(5491398313) 共发表7937条微博，已下滚135页。本页抓取9个符合要求的item，总共已抓取239个。还可滚动658次，下一页id为4927767147710218。
2024-08-07 11:54:38 - INFO - 天津生态环境(3250739191) 共发表33787条微博，已下滚135页。本页抓取10个符合要求的item，总共已抓取250个。还可滚动3243次，下一页id为4784533579237452。
2024-08-07 11:55:17 - INFO - 山西省生态环境厅(6083457940) 共发表15873条微博，已下滚129页。本页抓取10个符合要求的item，总共已抓取240个。还可滚动1458次，下一页id为4973875256885928。
2024-08-07 11:55:26 - INFO - 内蒙古生态环境(5491398313) 共发表7937条微博，已下滚136页。本页抓取10个符合要求的item，总共已抓取249个。还可滚动657次，下一页id为4926627597257269。
2024-08-07 11:55:35 - INFO - 天津生态环境(3250739191) 共发表33787条微博，已下滚136页。本页抓取10个符合要求的item，总共已抓取260个。还可滚动3242次，下一页id为4783446498739927。
2024-08-07 11:55:45 - INFO - 山西省生态环境厅(6083457940) 共发表15873条微博，已下滚130页。本页抓取10个符合要求的item，总共已抓取250个。还可滚动1457次，下一页id为4973487700317128。
2024-08-07 11:56:06 - INFO - 内蒙古生态环境(5491398313) 共发表7937条微博，已下滚137页。本页抓取10个符合要求的item，总共已抓取259个。还可滚动656次，下一页id为4925970036037531。
2024-08-07 11:56:15 - INFO - 天津生态环境(3250739191) 共发表33787条微博，已下滚137页。本页抓取10个符合要求的item，总共已抓取270个。还可滚动3241次，下一页id为4782140257993499。
2024-08-07 11:57:06 - INFO - 山西省生态环境厅(6083457940) 共发表15873条微博，已下滚131页。本页抓取10个符合要求的item，总共已抓取260个。还可滚动1456次，下一页id为4973433731419152。
2024-08-07 11:57:10 - INFO - 内蒙古生态环境(5491398313) 共发表7937条微博，已下滚138页。本页抓取10个符合要求的item，总共已抓取269个。还可滚动655次，下一页id为4925623237609141。
2024-08-07 11:57:19 - INFO - 天津生态环境(3250739191) 共发表33787条微博，已下滚138页。本页抓取10个符合要求的item，总共已抓取280个。还可滚动3240次，下一页id为4780887926901131。
2024-08-07 11:58:00 - INFO - 山西省生态环境厅(6083457940) 共发表15873条微博，已下滚132页。本页抓取10个符合要求的item，总共已抓取270个。还可滚动1455次，下一页id为4971345399782697。
2024-08-07 11:58:05 - INFO - 内蒙古生态环境(5491398313) 共发表7937条微博，已下滚139页。本页抓取9个符合要求的item，总共已抓取278个。还可滚动654次，下一页id为4925622071593363。
2024-08-07 11:58:10 - INFO - 天津生态环境(3250739191) 共发表33787条微博，已下滚139页。本页抓取10个符合要求的item，总共已抓取290个。还可滚动3239次，下一页id为4780156151398703。
2024-08-07 11:58:37 - INFO - 山西省生态环境厅(6083457940) 共发表15873条微博，已下滚133页。本页抓取10个符合要求的item，总共已抓取280个。还可滚动1454次，下一页id为4970829688603511。
2024-08-07 11:58:46 - INFO - 天津生态环境(3250739191) 共发表33787条微博，已下滚140页。本页抓取10个符合要求的item，总共已抓取300个。还可滚动3238次，下一页id为4779971681454791。
2024-08-07 11:58:55 - INFO - 内蒙古生态环境(5491398313) 共发表7937条微博，已下滚140页。本页抓取10个符合要求的item，总共已抓取288个。还可滚动653次，下一页id为4924883538810643。
2024-08-07 11:59:41 - INFO - 山西省生态环境厅(6083457940) 共发表15873条微博，已下滚134页。本页抓取10个符合要求的item，总共已抓取290个。还可滚动1453次，下一页id为4969172569686176。
2024-08-07 11:59:46 - INFO - 天津生态环境(3250739191) 共发表33787条微博，已下滚141页。本页抓取10个符合要求的item，总共已抓取310个。还可滚动3237次，下一页id为4779209593717502。
2024-08-07 11:59:55 - INFO - 内蒙古生态环境(5491398313) 共发表7937条微博，已下滚141页。本页抓取10个符合要求的item，总共已抓取298个。还可滚动652次，下一页id为4924093260104085。
2024-08-07 12:00:53 - INFO - 山西省生态环境厅(6083457940) 共发表15873条微博，已下滚135页。本页抓取10个符合要求的item，总共已抓取300个。还可滚动1452次，下一页id为4968697540117959。
2024-08-07 12:01:16 - INFO - 天津生态环境(3250739191) 共发表33787条微博，已下滚142页。本页抓取10个符合要求的item，总共已抓取320个。还可滚动3236次，下一页id为4778103462690859。
2024-08-07 12:01:16 - INFO - 内蒙古生态环境(5491398313) 共发表7937条微博，已下滚142页。本页抓取10个符合要求的item，总共已抓取308个。还可滚动651次，下一页id为4922664973766029。
2024-08-07 12:02:13 - INFO - 山西省生态环境厅(6083457940) 共发表15873条微博，已下滚136页。本页抓取10个符合要求的item，总共已抓取310个。还可滚动1451次，下一页id为4967701585855543。
2024-08-07 12:02:31 - INFO - 内蒙古生态环境(5491398313) 共发表7937条微博，已下滚143页。本页抓取10个符合要求的item，总共已抓取318个。还可滚动650次，下一页id为4922284454974156。
2024-08-07 12:02:36 - INFO - 天津生态环境(3250739191) 共发表33787条微博，已下滚143页。本页抓取10个符合要求的item，总共已抓取330个。还可滚动3235次，下一页id为4777385494578167。
2024-08-07 12:03:17 - INFO - 山西省生态环境厅(6083457940) 共发表15873条微博，已下滚137页。本页抓取10个符合要求的item，总共已抓取320个。还可滚动1450次，下一页id为4966227230068236。
2024-08-07 12:03:40 - INFO - 内蒙古生态环境(5491398313) 共发表7937条微博，已下滚144页。本页抓取10个符合要求的item，总共已抓取328个。还可滚动649次，下一页id为4920181584825449。
2024-08-07 12:03:49 - INFO - 天津生态环境(3250739191) 共发表33787条微博，已下滚144页。本页抓取10个符合要求的item，总共已抓取340个。还可滚动3234次，下一页id为4777283204940753。
2024-08-07 12:04:20 - INFO - 山西省生态环境厅(6083457940) 共发表15873条微博，已下滚138页。本页抓取10个符合要求的item，总共已抓取330个。还可滚动1449次，下一页id为4965515280515607。
2024-08-07 12:04:46 - INFO - 内蒙古生态环境(5491398313) 共发表7937条微博，已下滚145页。本页抓取10个符合要求的item，总共已抓取338个。还可滚动648次，下一页id为4918832634791213。
2024-08-07 12:04:51 - INFO - 天津生态环境(3250739191) 共发表33787条微博，已下滚145页。本页抓取10个符合要求的item，总共已抓取350个。还可滚动3233次，下一页id为4777033558920009。
2024-08-07 12:05:27 - INFO - 山西省生态环境厅(6083457940) 共发表15873条微博，已下滚139页。本页抓取10个符合要求的item，总共已抓取340个。还可滚动1448次，下一页id为4965506399608354。
2024-08-07 12:05:50 - INFO - 内蒙古生态环境(5491398313) 共发表7937条微博，已下滚146页。本页抓取10个符合要求的item，总共已抓取348个。还可滚动647次，下一页id为4918004036933439。
2024-08-07 12:06:31 - INFO - 天津生态环境(3250739191) 共发表33787条微博，已下滚146页。本页抓取10个符合要求的item，总共已抓取360个。还可滚动3232次，下一页id为4776675403629434。
2024-08-07 12:06:59 - INFO - 山西省生态环境厅(6083457940) 共发表15873条微博，已下滚140页。本页抓取10个符合要求的item，总共已抓取350个。还可滚动1447次，下一页id为4963991460515602。
2024-08-07 12:07:40 - INFO - 内蒙古生态环境(5491398313) 共发表7937条微博，已下滚147页。本页抓取10个符合要求的item，总共已抓取358个。还可滚动646次，下一页id为4916925719384135。
2024-08-07 12:07:58 - INFO - 天津生态环境(3250739191) 共发表33787条微博，已下滚147页。本页抓取10个符合要求的item，总共已抓取370个。还可滚动3231次，下一页id为4776001928433409。
2024-08-07 12:08:38 - INFO - 山西省生态环境厅(6083457940) 共发表15873条微博，已下滚141页。本页抓取10个符合要求的item，总共已抓取360个。还可滚动1446次，下一页id为4963376252063632。
2024-08-07 12:09:03 - INFO - 内蒙古生态环境(5491398313) 共发表7937条微博，已下滚148页。本页抓取10个符合要求的item，总共已抓取368个。还可滚动645次，下一页id为4913019019071873。
2024-08-07 12:09:07 - INFO - 天津生态环境(3250739191) 共发表33787条微博，已下滚148页。本页抓取10个符合要求的item，总共已抓取380个。还可滚动3230次，下一页id为4775471851769377。
2024-08-07 12:09:54 - INFO - 山西省生态环境厅(6083457940) 共发表15873条微博，已下滚142页。本页抓取10个符合要求的item，总共已抓取370个。还可滚动1445次，下一页id为4962590629563362。
2024-08-07 12:10:21 - INFO - 内蒙古生态环境(5491398313) 共发表7937条微博，已下滚149页。本页抓取10个符合要求的item，总共已抓取378个。还可滚动644次，下一页id为4911155858379127。
2024-08-07 12:10:26 - INFO - 天津生态环境(3250739191) 共发表33787条微博，已下滚149页。本页抓取10个符合要求的item，总共已抓取390个。还可滚动3229次，下一页id为4774741204795502。
2024-08-07 12:11:06 - INFO - 山西省生态环境厅(6083457940) 共发表15873条微博，已下滚143页。本页抓取10个符合要求的item，总共已抓取380个。还可滚动1444次，下一页id为4961460331481218。
2024-08-07 12:11:20 - INFO - 天津生态环境(3250739191) 共发表33787条微博，已下滚150页。本页抓取9个符合要求的item，总共已抓取399个。还可滚动3228次，下一页id为4774093611600732。
2024-08-07 12:11:29 - INFO - 内蒙古生态环境(5491398313) 共发表7937条微博，已下滚150页。本页抓取9个符合要求的item，总共已抓取387个。还可滚动643次，下一页id为4910084347659379。
2024-08-07 12:11:48 - INFO - 山西省生态环境厅(6083457940) 共发表15873条微博，已下滚144页。本页抓取10个符合要求的item，总共已抓取390个。还可滚动1443次，下一页id为4961117237674408。
2024-08-07 12:12:02 - INFO - 天津生态环境(3250739191) 共发表33787条微博，已下滚151页。本页抓取10个符合要求的item，总共已抓取409个。还可滚动3227次，下一页id为4773677423396090。
2024-08-07 12:12:23 - INFO - 内蒙古生态环境(5491398313) 共发表7937条微博，已下滚151页。本页抓取10个符合要求的item，总共已抓取397个。还可滚动642次，下一页id为4910081873547057。
2024-08-07 12:12:53 - INFO - 山西省生态环境厅(6083457940) 共发表15873条微博，已下滚145页。本页抓取10个符合要求的item，总共已抓取400个。还可滚动1442次，下一页id为4960425163884850。
2024-08-07 12:12:58 - INFO - 天津生态环境(3250739191) 共发表33787条微博，已下滚152页。本页抓取10个符合要求的item，总共已抓取419个。还可滚动3226次，下一页id为4772248642393440。
2024-08-07 12:13:21 - INFO - 内蒙古生态环境(5491398313) 共发表7937条微博，已下滚152页。本页抓取10个符合要求的item，总共已抓取407个。还可滚动641次，下一页id为4909565722234389。
2024-08-07 12:13:46 - INFO - 山西省生态环境厅(6083457940) 共发表15873条微博，已下滚146页。本页抓取10个符合要求的item，总共已抓取410个。还可滚动1441次，下一页id为4959013730519648。
2024-08-07 12:13:51 - INFO - 天津生态环境(3250739191) 共发表33787条微博，已下滚153页。本页抓取10个符合要求的item，总共已抓取429个。还可滚动3225次，下一页id为4770007458513537。
2024-08-07 12:14:09 - INFO - 内蒙古生态环境(5491398313) 共发表7937条微博，已下滚153页。本页抓取10个符合要求的item，总共已抓取417个。还可滚动640次，下一页id为4907481891869505。
2024-08-07 12:14:45 - INFO - 山西省生态环境厅(6083457940) 共发表15873条微博，已下滚147页。本页抓取10个符合要求的item，总共已抓取420个。还可滚动1440次，下一页id为4958678261958982。
2024-08-07 12:14:50 - INFO - 天津生态环境(3250739191) 共发表33787条微博，已下滚154页。本页抓取9个符合要求的item，总共已抓取438个。还可滚动3224次，下一页id为4767834238353722。
2024-08-07 12:15:22 - INFO - 内蒙古生态环境(5491398313) 共发表7937条微博，已下滚154页。本页抓取10个符合要求的item，总共已抓取427个。还可滚动639次，下一页id为4906453665847422。
2024-08-07 12:15:31 - INFO - 天津生态环境(3250739191) 共发表33787条微博，已下滚155页。本页抓取10个符合要求的item，总共已抓取448个。还可滚动3223次，下一页id为4766418307908343。
2024-08-07 12:16:12 - INFO - 山西省生态环境厅(6083457940) 共发表15873条微博，已下滚148页。本页抓取10个符合要求的item，总共已抓取430个。还可滚动1439次，下一页id为4957901744504879。
2024-08-07 12:16:31 - INFO - 天津生态环境(3250739191) 共发表33787条微博，已下滚156页。本页抓取10个符合要求的item，总共已抓取458个。还可滚动3222次，下一页id为4765670816351111。
2024-08-07 12:16:44 - INFO - 内蒙古生态环境(5491398313) 共发表7937条微博，已下滚155页。本页抓取9个符合要求的item，总共已抓取436个。还可滚动638次，下一页id为4904607367299950。
2024-08-07 12:17:10 - INFO - 山西省生态环境厅(6083457940) 共发表15873条微博，已下滚149页。本页抓取10个符合要求的item，总共已抓取440个。还可滚动1438次，下一页id为4956155254147711。
2024-08-07 12:17:15 - INFO - 天津生态环境(3250739191) 共发表33787条微博，已下滚157页。本页抓取10个符合要求的item，总共已抓取468个。还可滚动3221次，下一页id为4763968277058256。
2024-08-07 12:17:34 - INFO - 内蒙古生态环境(5491398313) 共发表7937条微博，已下滚156页。本页抓取10个符合要求的item，总共已抓取446个。还可滚动637次，下一页id为4903912324992818。
2024-08-07 12:18:14 - INFO - 山西省生态环境厅(6083457940) 共发表15873条微博，已下滚150页。本页抓取10个符合要求的item，总共已抓取450个。还可滚动1437次，下一页id为4955355546911534。
2024-08-07 12:18:14 - INFO - 天津生态环境(3250739191) 共发表33787条微博，已下滚158页。本页抓取9个符合要求的item，总共已抓取477个。还可滚动3220次，下一页id为4761679592686042。
2024-08-07 12:18:46 - INFO - 内蒙古生态环境(5491398313) 共发表7937条微博，已下滚157页。本页抓取10个符合要求的item，总共已抓取456个。还可滚动636次，下一页id为4902784031786374。
2024-08-07 12:18:51 - INFO - 天津生态环境(3250739191) 共发表33787条微博，已下滚159页。本页抓取10个符合要求的item，总共已抓取487个。还可滚动3219次，下一页id为4760606375151124。
2024-08-07 12:19:19 - INFO - 山西省生态环境厅(6083457940) 共发表15873条微博，已下滚151页。本页抓取10个符合要求的item，总共已抓取460个。还可滚动1436次，下一页id为4954329829083272。
2024-08-07 12:19:47 - INFO - 内蒙古生态环境(5491398313) 共发表7937条微博，已下滚158页。本页抓取7个符合要求的item，总共已抓取463个。还可滚动635次，下一页id为4900283941132414。
2024-08-07 12:19:56 - INFO - 天津生态环境(3250739191) 共发表33787条微博，已下滚160页。本页抓取10个符合要求的item，总共已抓取497个。还可滚动3218次，下一页id为4759329708709943。
2024-08-07 12:20:19 - INFO - 山西省生态环境厅(6083457940) 共发表15873条微博，已下滚152页。本页抓取10个符合要求的item，总共已抓取470个。还可滚动1435次，下一页id为4951085187597401。
2024-08-07 12:20:52 - INFO - 内蒙古生态环境(5491398313) 共发表7937条微博，已下滚159页。本页抓取10个符合要求的item，总共已抓取473个。还可滚动634次，下一页id为4899525922390135。
2024-08-07 12:20:57 - INFO - 天津生态环境(3250739191) 共发表33787条微博，已下滚161页。本页抓取10个符合要求的item，总共已抓取507个。还可滚动3217次，下一页id为4757692587704812。
2024-08-07 12:21:20 - INFO - 山西省生态环境厅(6083457940) 共发表15873条微博，已下滚153页。本页抓取10个符合要求的item，总共已抓取480个。还可滚动1434次，下一页id为4949947825783709。
2024-08-07 12:21:47 - INFO - 内蒙古生态环境(5491398313) 共发表7937条微博，已下滚160页。本页抓取10个符合要求的item，总共已抓取483个。还可滚动633次，下一页id为4899151261996988。
2024-08-07 12:21:56 - INFO - 天津生态环境(3250739191) 共发表33787条微博，已下滚162页。本页抓取10个符合要求的item，总共已抓取517个。还可滚动3216次，下一页id为4755642706039933。
2024-08-07 12:22:40 - INFO - 山西省生态环境厅(6083457940) 共发表15873条微博，已下滚154页。本页抓取10个符合要求的item，总共已抓取490个。还可滚动1433次，下一页id为4948483913552415。
2024-08-07 12:23:03 - INFO - 内蒙古生态环境(5491398313) 共发表7937条微博，已下滚161页。本页抓取10个符合要求的item，总共已抓取493个。还可滚动632次，下一页id为4897008663662483。
2024-08-07 12:23:12 - INFO - 天津生态环境(3250739191) 共发表33787条微博，已下滚163页。本页抓取9个符合要求的item，总共已抓取526个。还可滚动3215次，下一页id为4754490077745144。
2024-08-07 12:23:46 - INFO - 山西省生态环境厅(6083457940) 共发表15873条微博，已下滚155页。本页抓取10个符合要求的item，总共已抓取500个。还可滚动1432次，下一页id为4947767572041974。
2024-08-07 12:24:19 - INFO - 内蒙古生态环境(5491398313) 共发表7937条微博，已下滚162页。本页抓取10个符合要求的item，总共已抓取503个。还可滚动631次，下一页id为4895466716926642。
2024-08-07 12:24:23 - INFO - 天津生态环境(3250739191) 共发表33787条微博，已下滚164页。本页抓取10个符合要求的item，总共已抓取536个。还可滚动3214次，下一页id为4753357010375774。
2024-08-07 12:25:12 - INFO - 山西省生态环境厅(6083457940) 共发表15873条微博，已下滚156页。本页抓取10个符合要求的item，总共已抓取510个。还可滚动1431次，下一页id为4947097306533546。
2024-08-07 12:25:17 - INFO - 天津生态环境(3250739191) 共发表33787条微博，已下滚165页。本页抓取10个符合要求的item，总共已抓取546个。还可滚动3213次，下一页id为4753025573588193。
2024-08-07 12:25:49 - INFO - 内蒙古生态环境(5491398313) 共发表7937条微博，已下滚163页。本页抓取10个符合要求的item，总共已抓取513个。还可滚动630次，下一页id为4893985304218591。
2024-08-07 12:26:44 - INFO - 山西省生态环境厅(6083457940) 共发表15873条微博，已下滚157页。本页抓取10个符合要求的item，总共已抓取520个。还可滚动1430次，下一页id为4945991229769855。
2024-08-07 12:26:57 - INFO - 天津生态环境(3250739191) 共发表33787条微博，已下滚166页。本页抓取10个符合要求的item，总共已抓取556个。还可滚动3212次，下一页id为4751898404193541。
2024-08-07 12:27:29 - INFO - 内蒙古生态环境(5491398313) 共发表7937条微博，已下滚164页。本页抓取10个符合要求的item，总共已抓取523个。还可滚动629次，下一页id为4891521776620548。
2024-08-07 12:28:14 - INFO - 山西省生态环境厅(6083457940) 共发表15873条微博，已下滚158页。本页抓取10个符合要求的item，总共已抓取530个。还可滚动1429次，下一页id为4944894126199917。
2024-08-07 12:28:33 - INFO - 天津生态环境(3250739191) 共发表33787条微博，已下滚167页。本页抓取10个符合要求的item，总共已抓取566个。还可滚动3211次，下一页id为4751383750508798。
2024-08-07 12:28:40 - INFO - 内蒙古生态环境(5491398313) 共发表7937条微博，已下滚165页。本页抓取7个符合要求的item，总共已抓取530个。还可滚动628次，下一页id为4891520417139933。
2024-08-07 12:29:32 - INFO - 山西省生态环境厅(6083457940) 共发表15873条微博，已下滚159页。本页抓取10个符合要求的item，总共已抓取540个。还可滚动1428次，下一页id为4944545207032235。
2024-08-07 12:29:50 - INFO - 天津生态环境(3250739191) 共发表33787条微博，已下滚168页。本页抓取10个符合要求的item，总共已抓取576个。还可滚动3210次，下一页id为4749100291725700。
2024-08-07 12:30:09 - INFO - 内蒙古生态环境(5491398313) 共发表7937条微博，已下滚166页。本页抓取9个符合要求的item，总共已抓取539个。还可滚动627次，下一页id为4889383427114262。
2024-08-07 12:30:46 - INFO - 山西省生态环境厅(6083457940) 共发表15873条微博，已下滚160页。本页抓取10个符合要求的item，总共已抓取550个。还可滚动1427次，下一页id为4943074116765449。
2024-08-07 12:30:51 - INFO - 天津生态环境(3250739191) 共发表33787条微博，已下滚169页。本页抓取10个符合要求的item，总共已抓取586个。还可滚动3209次，下一页id为4747917837208081。
2024-08-07 12:31:12 - INFO - 内蒙古生态环境(5491398313) 共发表7937条微博，已下滚167页。本页抓取10个符合要求的item，总共已抓取549个。还可滚动626次，下一页id为4887975336347542。
2024-08-07 12:32:05 - INFO - 山西省生态环境厅(6083457940) 共发表15873条微博，已下滚161页。本页抓取10个符合要求的item，总共已抓取560个。还可滚动1426次，下一页id为4942604724078360。
2024-08-07 12:32:05 - INFO - 天津生态环境(3250739191) 共发表33787条微博，已下滚170页。本页抓取10个符合要求的item，总共已抓取596个。还可滚动3208次，下一页id为4746856674365013。
2024-08-07 12:32:32 - INFO - 内蒙古生态环境(5491398313) 共发表7937条微博，已下滚168页。本页抓取10个符合要求的item，总共已抓取559个。还可滚动625次，下一页id为4886834905615375。
2024-08-07 12:32:47 - INFO - 天津生态环境(3250739191) 共发表33787条微博，已下滚171页。本页抓取10个符合要求的item，总共已抓取606个。还可滚动3207次，下一页id为4745736380745618。
2024-08-07 12:33:19 - INFO - 山西省生态环境厅(6083457940) 共发表15873条微博，已下滚162页。本页抓取10个符合要求的item，总共已抓取570个。还可滚动1425次，下一页id为4941279211558775。
2024-08-07 12:33:31 - INFO - 内蒙古生态环境(5491398313) 共发表7937条微博，已下滚169页。本页抓取10个符合要求的item，总共已抓取569个。还可滚动624次，下一页id为4885449112031019。
2024-08-07 12:33:36 - INFO - 天津生态环境(3250739191) 共发表33787条微博，已下滚172页。本页抓取10个符合要求的item，总共已抓取616个。还可滚动3206次，下一页id为4745017002033894。
2024-08-07 12:34:20 - INFO - 山西省生态环境厅(6083457940) 共发表15873条微博，已下滚163页。本页抓取10个符合要求的item，总共已抓取580个。还可滚动1424次，下一页id为4940516065284022。
2024-08-07 12:34:43 - INFO - 天津生态环境(3250739191) 共发表33787条微博，已下滚173页。本页抓取9个符合要求的item，总共已抓取625个。还可滚动3205次，下一页id为4743717153933296。
2024-08-07 12:34:52 - INFO - 内蒙古生态环境(5491398313) 共发表7937条微博，已下滚170页。本页抓取10个符合要求的item，总共已抓取579个。还可滚动623次，下一页id为4884333586290148。
2024-08-07 12:35:29 - INFO - 山西省生态环境厅(6083457940) 共发表15873条微博，已下滚164页。本页抓取10个符合要求的item，总共已抓取590个。还可滚动1423次，下一页id为4938722065519238。
2024-08-07 12:35:34 - INFO - 天津生态环境(3250739191) 共发表33787条微博，已下滚174页。本页抓取10个符合要求的item，总共已抓取635个。还可滚动3204次，下一页id为4742139354022188。
2024-08-07 12:35:48 - INFO - 内蒙古生态环境(5491398313) 共发表7937条微博，已下滚171页。本页抓取10个符合要求的item，总共已抓取589个。还可滚动622次，下一页id为4882474184477099。
2024-08-07 12:36:29 - INFO - 山西省生态环境厅(6083457940) 共发表15873条微博，已下滚165页。本页抓取10个符合要求的item，总共已抓取600个。还可滚动1422次，下一页id为4938626331314460。
2024-08-07 12:36:38 - INFO - 天津生态环境(3250739191) 共发表33787条微博，已下滚175页。本页抓取10个符合要求的item，总共已抓取645个。还可滚动3203次，下一页id为4741072327020382。
2024-08-07 12:36:47 - INFO - 内蒙古生态环境(5491398313) 共发表7937条微博，已下滚172页。本页抓取10个符合要求的item，总共已抓取599个。还可滚动621次，下一页id为4881778341581377。
2024-08-07 12:37:24 - INFO - 山西省生态环境厅(6083457940) 共发表15873条微博，已下滚166页。本页抓取10个符合要求的item，总共已抓取610个。还可滚动1421次，下一页id为4937298791374359。
2024-08-07 12:37:28 - INFO - 天津生态环境(3250739191) 共发表33787条微博，已下滚176页。本页抓取10个符合要求的item，总共已抓取655个。还可滚动3202次，下一页id为4739224580919190。
2024-08-07 12:37:51 - INFO - 内蒙古生态环境(5491398313) 共发表7937条微博，已下滚173页。本页抓取9个符合要求的item，总共已抓取608个。还可滚动620次，下一页id为4880311429108136。
2024-08-07 12:38:34 - INFO - 山西省生态环境厅(6083457940) 共发表15873条微博，已下滚167页。本页抓取10个符合要求的item，总共已抓取620个。还可滚动1420次，下一页id为4936368600648504。
2024-08-07 12:38:48 - INFO - 天津生态环境(3250739191) 共发表33787条微博，已下滚177页。本页抓取10个符合要求的item，总共已抓取665个。还可滚动3201次，下一页id为4738626795343987。
2024-08-07 12:39:06 - INFO - 内蒙古生态环境(5491398313) 共发表7937条微博，已下滚174页。本页抓取10个符合要求的item，总共已抓取618个。还可滚动619次，下一页id为4879593795750421。
2024-08-07 12:39:40 - INFO - 山西省生态环境厅(6083457940) 共发表15873条微博，已下滚168页。本页抓取10个符合要求的item，总共已抓取630个。还可滚动1419次，下一页id为4935799088878338。
2024-08-07 12:39:44 - INFO - 天津生态环境(3250739191) 共发表33787条微博，已下滚178页。本页抓取10个符合要求的item，总共已抓取675个。还可滚动3200次，下一页id为4736816102507378。
2024-08-07 12:40:08 - INFO - 内蒙古生态环境(5491398313) 共发表7937条微博，已下滚175页。本页抓取10个符合要求的item，总共已抓取628个。还可滚动618次，下一页id为4878235395166905。
2024-08-07 12:40:38 - INFO - 山西省生态环境厅(6083457940) 共发表15873条微博，已下滚169页。本页抓取10个符合要求的item，总共已抓取640个。还可滚动1418次，下一页id为4935363899956701。
2024-08-07 12:40:52 - INFO - 天津生态环境(3250739191) 共发表33787条微博，已下滚179页。本页抓取10个符合要求的item，总共已抓取685个。还可滚动3199次，下一页id为4735971269018940。
2024-08-07 12:41:15 - INFO - 内蒙古生态环境(5491398313) 共发表7937条微博，已下滚176页。本页抓取10个符合要求的item，总共已抓取638个。还可滚动617次，下一页id为4877316985979636。
2024-08-07 12:41:34 - INFO - 山西省生态环境厅(6083457940) 共发表15873条微博，已下滚170页。本页抓取10个符合要求的item，总共已抓取650个。还可滚动1417次，下一页id为4935303557289182。
2024-08-07 12:41:52 - INFO - 天津生态环境(3250739191) 共发表33787条微博，已下滚180页。本页抓取10个符合要求的item，总共已抓取695个。还可滚动3198次，下一页id为4734894213696143。
2024-08-07 12:42:24 - INFO - 内蒙古生态环境(5491398313) 共发表7937条微博，已下滚177页。本页抓取10个符合要求的item，总共已抓取648个。还可滚动616次，下一页id为4875992289773598。
2024-08-07 12:42:29 - INFO - 山西省生态环境厅(6083457940) 共发表15873条微博，已下滚171页。本页抓取10个符合要求的item，总共已抓取660个。还可滚动1416次，下一页id为4934747271464176。
2024-08-07 12:42:59 - INFO - 天津生态环境(3250739191) 共发表33787条微博，已下滚181页。本页抓取10个符合要求的item，总共已抓取705个。还可滚动3197次，下一页id为4733820576730746。
2024-08-07 12:43:18 - INFO - 内蒙古生态环境(5491398313) 共发表7937条微博，已下滚178页。本页抓取10个符合要求的item，总共已抓取658个。还可滚动615次，下一页id为4874525794111678。
2024-08-07 12:43:46 - INFO - 山西省生态环境厅(6083457940) 共发表15873条微博，已下滚172页。本页抓取10个符合要求的item，总共已抓取670个。还可滚动1415次，下一页id为4933638988238049。
2024-08-07 12:44:00 - INFO - 天津生态环境(3250739191) 共发表33787条微博，已下滚182页。本页抓取10个符合要求的item，总共已抓取715个。还可滚动3196次，下一页id为4732380620786920。
2024-08-07 12:44:32 - INFO - 内蒙古生态环境(5491398313) 共发表7937条微博，已下滚179页。本页抓取10个符合要求的item，总共已抓取668个。还可滚动614次，下一页id为4873711712996534。
2024-08-07 12:44:58 - INFO - 山西省生态环境厅(6083457940) 共发表15873条微博，已下滚173页。本页抓取10个符合要求的item，总共已抓取680个。还可滚动1414次，下一页id为4932935264509061。
2024-08-07 12:45:17 - INFO - 天津生态环境(3250739191) 共发表33787条微博，已下滚183页。本页抓取10个符合要求的item，总共已抓取725个。还可滚动3195次，下一页id为4731295977964635。
2024-08-07 12:45:50 - INFO - 内蒙古生态环境(5491398313) 共发表7937条微博，已下滚180页。本页抓取9个符合要求的item，总共已抓取677个。还可滚动613次，下一页id为4871620152266280。
2024-08-07 12:46:27 - INFO - 山西省生态环境厅(6083457940) 共发表15873条微博，已下滚174页。本页抓取10个符合要求的item，总共已抓取690个。还可滚动1413次，下一页id为4932581105868601。
2024-08-07 12:46:36 - INFO - 天津生态环境(3250739191) 共发表33787条微博，已下滚184页。本页抓取10个符合要求的item，总共已抓取735个。还可滚动3194次，下一页id为4729923669067073。
2024-08-07 12:47:02 - INFO - 内蒙古生态环境(5491398313) 共发表7937条微博，已下滚181页。本页抓取10个符合要求的item，总共已抓取687个。还可滚动612次，下一页id为4869129758053655。
2024-08-07 12:47:34 - INFO - 山西省生态环境厅(6083457940) 共发表15873条微博，已下滚175页。本页抓取10个符合要求的item，总共已抓取700个。还可滚动1412次，下一页id为4931113787069139。
2024-08-07 12:47:43 - INFO - 天津生态环境(3250739191) 共发表33787条微博，已下滚185页。本页抓取10个符合要求的item，总共已抓取745个。还可滚动3193次，下一页id为4729127728321321。
2024-08-07 12:48:07 - INFO - 内蒙古生态环境(5491398313) 共发表7937条微博，已下滚182页。本页抓取10个符合要求的item，总共已抓取697个。还可滚动611次，下一页id为4867301800678240。
2024-08-07 12:48:57 - INFO - 山西省生态环境厅(6083457940) 共发表15873条微博，已下滚176页。本页抓取10个符合要求的item，总共已抓取710个。还可滚动1411次，下一页id为4930365884203884。
2024-08-07 12:48:57 - INFO - 天津生态环境(3250739191) 共发表33787条微博，已下滚186页。本页抓取10个符合要求的item，总共已抓取755个。还可滚动3192次，下一页id为4728522708354283。
2024-08-07 12:49:37 - INFO - 天津生态环境(3250739191) 共发表33787条微博，已下滚187页。本页抓取10个符合要求的item，总共已抓取765个。还可滚动3191次，下一页id为4727399067420934。
2024-08-07 12:50:14 - INFO - 山西省生态环境厅(6083457940) 共发表15873条微博，已下滚177页。本页抓取10个符合要求的item，总共已抓取720个。还可滚动1410次，下一页id为4930354257856017。
2024-08-07 12:50:23 - INFO - 天津生态环境(3250739191) 共发表33787条微博，已下滚188页。本页抓取10个符合要求的item，总共已抓取775个。还可滚动3190次，下一页id为4726003156389675。
2024-08-07 12:51:14 - INFO - 山西省生态环境厅(6083457940) 共发表15873条微博，已下滚178页。本页抓取10个符合要求的item，总共已抓取730个。还可滚动1409次，下一页id为4928606079294731。
2024-08-07 12:51:18 - INFO - 天津生态环境(3250739191) 共发表33787条微博，已下滚189页。本页抓取10个符合要求的item，总共已抓取785个。还可滚动3189次，下一页id为4724482025195335。
2024-08-07 12:51:58 - INFO - 山西省生态环境厅(6083457940) 共发表15873条微博，已下滚179页。本页抓取10个符合要求的item，总共已抓取740个。还可滚动1408次，下一页id为4927857459731574。
2024-08-07 12:52:03 - INFO - 天津生态环境(3250739191) 共发表33787条微博，已下滚190页。本页抓取10个符合要求的item，总共已抓取795个。还可滚动3188次，下一页id为4724122503086926。
2024-08-07 12:52:42 - INFO - 山西省生态环境厅(6083457940) 共发表15873条微博，已下滚180页。本页抓取10个符合要求的item，总共已抓取750个。还可滚动1407次，下一页id为4927473990770985。
2024-08-07 12:52:56 - INFO - 天津生态环境(3250739191) 共发表33787条微博，已下滚191页。本页抓取10个符合要求的item，总共已抓取805个。还可滚动3187次，下一页id为4723693768413373。
2024-08-07 12:53:32 - INFO - 山西省生态环境厅(6083457940) 共发表15873条微博，已下滚181页。本页抓取10个符合要求的item，总共已抓取760个。还可滚动1406次，下一页id为4925698038570898。
2024-08-07 12:53:46 - INFO - 天津生态环境(3250739191) 共发表33787条微博，已下滚192页。本页抓取10个符合要求的item，总共已抓取815个。还可滚动3186次，下一页id为4722923284464942。
2024-08-07 12:54:13 - INFO - 山西省生态环境厅(6083457940) 共发表15873条微博，已下滚182页。本页抓取10个符合要求的item，总共已抓取770个。还可滚动1405次，下一页id为4925681353631914。
2024-08-07 12:54:22 - INFO - 天津生态环境(3250739191) 共发表33787条微博，已下滚193页。本页抓取10个符合要求的item，总共已抓取825个。还可滚动3185次，下一页id为4722564184671449。
2024-08-07 12:54:55 - INFO - 山西省生态环境厅(6083457940) 共发表15873条微博，已下滚183页。本页抓取10个符合要求的item，总共已抓取780个。还可滚动1404次，下一页id为4924841373992217。
2024-08-07 12:55:00 - INFO - 天津生态环境(3250739191) 共发表33787条微博，已下滚194页。本页抓取10个符合要求的item，总共已抓取835个。还可滚动3184次，下一页id为4721617684925947。
2024-08-07 12:55:27 - INFO - 天津生态环境(3250739191) 共发表33787条微博，已下滚195页。本页抓取10个符合要求的item，总共已抓取845个。还可滚动3183次，下一页id为4720856415076688。
2024-08-07 12:55:59 - INFO - 山西省生态环境厅(6083457940) 共发表15873条微博，已下滚184页。本页抓取10个符合要求的item，总共已抓取790个。还可滚动1403次，下一页id为4923165061154807。
2024-08-07 12:55:59 - INFO - 天津生态环境(3250739191) 共发表33787条微博，已下滚196页。本页抓取10个符合要求的item，总共已抓取855个。还可滚动3182次，下一页id为4719657426357278。
2024-08-07 12:56:13 - INFO - 天津生态环境(3250739191) 共发表33787条微博，已下滚197页。本页抓取10个符合要求的item，总共已抓取865个。还可滚动3181次，下一页id为4718582942138499。
2024-08-07 12:56:37 - INFO - 山西省生态环境厅(6083457940) 共发表15873条微博，已下滚185页。本页抓取10个符合要求的item，总共已抓取800个。还可滚动1402次，下一页id为4922376368947993。
2024-08-07 12:57:16 - INFO - 山西省生态环境厅(6083457940) 共发表15873条微博，已下滚186页。本页抓取10个符合要求的item，总共已抓取810个。还可滚动1401次，下一页id为4920579976595918。
2024-08-07 12:57:58 - INFO - 山西省生态环境厅(6083457940) 共发表15873条微博，已下滚187页。本页抓取10个符合要求的item，总共已抓取820个。还可滚动1400次，下一页id为4919840013557613。
2024-08-07 12:58:35 - INFO - 山西省生态环境厅(6083457940) 共发表15873条微博，已下滚188页。本页抓取10个符合要求的item，总共已抓取830个。还可滚动1399次，下一页id为4918412692688314。
2024-08-07 12:59:22 - INFO - 山西省生态环境厅(6083457940) 共发表15873条微博，已下滚189页。本页抓取10个符合要求的item，总共已抓取840个。还可滚动1398次，下一页id为4917541299816439。
2024-08-07 12:59:51 - INFO - 山西省生态环境厅(6083457940) 共发表15873条微博，已下滚190页。本页抓取10个符合要求的item，总共已抓取850个。还可滚动1397次，下一页id为4917206784414601。
2024-08-07 13:00:24 - INFO - 山西省生态环境厅(6083457940) 共发表15873条微博，已下滚191页。本页抓取10个符合要求的item，总共已抓取860个。还可滚动1396次，下一页id为4915183158040505。
2024-08-07 13:00:57 - INFO - 山西省生态环境厅(6083457940) 共发表15873条微博，已下滚192页。本页抓取10个符合要求的item，总共已抓取870个。还可滚动1395次，下一页id为4914485448148744。
2024-08-07 13:01:24 - INFO - 山西省生态环境厅(6083457940) 共发表15873条微博，已下滚193页。本页抓取10个符合要求的item，总共已抓取880个。还可滚动1394次，下一页id为4913413245897629。
2024-08-07 13:01:55 - INFO - 山西省生态环境厅(6083457940) 共发表15873条微博，已下滚194页。本页抓取10个符合要求的item，总共已抓取890个。还可滚动1393次，下一页id为4912306771201638。
2024-08-07 13:02:34 - INFO - 山西省生态环境厅(6083457940) 共发表15873条微博，已下滚195页。本页抓取10个符合要求的item，总共已抓取900个。还可滚动1392次，下一页id为4911082323575745。
2024-08-07 13:02:51 - INFO - 山西省生态环境厅(6083457940) 共发表15873条微博，已下滚196页。本页抓取10个符合要求的item，总共已抓取910个。还可滚动1391次，下一页id为4910096038234032。
2024-08-07 13:03:13 - INFO - 山西省生态环境厅(6083457940) 共发表15873条微博，已下滚197页。本页抓取10个符合要求的item，总共已抓取920个。还可滚动1390次，下一页id为4909374868554670。
2024-08-07 13:03:49 - INFO - 山西省生态环境厅(6083457940) 共发表15873条微博，已下滚198页。本页抓取10个符合要求的item，总共已抓取930个。还可滚动1389次，下一页id为4908296911464229。
2024-08-07 13:04:29 - INFO - 山西省生态环境厅(6083457940) 共发表15873条微博，已下滚199页。本页抓取10个符合要求的item，总共已抓取940个。还可滚动1388次，下一页id为4907219566727192。
2024-08-07 13:04:36 - INFO - 山西省生态环境厅(6083457940) 共发表15873条微博，已下滚200页。本页抓取0个符合要求的item，总共已抓取940个。还可滚动1387次，下一页id为未获取到下一页的since_id。
2024-08-07 13:04:41 - INFO - 山西省生态环境厅(6083457940) 共发表15873条微博，已下滚201页。本页抓取1个符合要求的item，总共已抓取941个。还可滚动1386次，下一页id为5064356828025390。
2024-08-07 14:12:06 - INFO - ----------开始爬虫，当前时间是：2024-08-07 14:12:06.306102----------
