2024-04-15 05:32:36 [scrapy.utils.log] INFO: Scrapy 2.5.1 started (bot: weibo_scrapy)
2024-04-15 05:32:36 [scrapy.utils.log] INFO: Versions: lxml 4.6.4.0, libxml2 2.9.5, cssselect 1.1.0, parsel 1.6.0, w3lib 1.22.0, Twisted 21.7.0, Python 3.6.8 (tags/v3.6.8:3c6b436a57, Dec 24 2018, 00:16:47) [MSC v.1916 64 bit (AMD64)], pyOpenSSL 21.0.0 (OpenSSL 1.1.1l  24 Aug 2021), cryptography 35.0.0, Platform Windows-10-10.0.19041-SP0
2024-04-15 05:32:36 [scrapy.utils.log] DEBUG: Using reactor: twisted.internet.selectreactor.SelectReactor
2024-04-15 05:32:36 [scrapy.crawler] INFO: Overridden settings:
{'BOT_NAME': 'weibo_scrapy',
 'CONCURRENT_REQUESTS': 5,
 'DOWNLOAD_DELAY': 5,
 'LOG_FILE': 'log/weibo_search_2024_4_15_53236.log',
 'NEWSPIDER_MODULE': 'weibo_scrapy.spiders',
 'SPIDER_MODULES': ['weibo_scrapy.spiders']}
2024-04-15 05:32:36 [scrapy.extensions.telnet] INFO: Telnet Password: 3ec2d86a07673ea1
2024-04-15 05:32:36 [scrapy.middleware] INFO: Enabled extensions:
['scrapy.extensions.corestats.CoreStats',
 'scrapy.extensions.telnet.TelnetConsole',
 'scrapy.extensions.logstats.LogStats']
2024-04-15 05:32:36 [scrapy.middleware] INFO: Enabled downloader middlewares:
['scrapy.downloadermiddlewares.httpauth.HttpAuthMiddleware',
 'weibo_scrapy.middlewares.RandomUserAgent',
 'scrapy.downloadermiddlewares.downloadtimeout.DownloadTimeoutMiddleware',
 'scrapy.downloadermiddlewares.defaultheaders.DefaultHeadersMiddleware',
 'scrapy.downloadermiddlewares.useragent.UserAgentMiddleware',
 'scrapy.downloadermiddlewares.retry.RetryMiddleware',
 'scrapy.downloadermiddlewares.redirect.MetaRefreshMiddleware',
 'scrapy.downloadermiddlewares.httpcompression.HttpCompressionMiddleware',
 'scrapy.downloadermiddlewares.redirect.RedirectMiddleware',
 'scrapy.downloadermiddlewares.cookies.CookiesMiddleware',
 'scrapy.downloadermiddlewares.httpproxy.HttpProxyMiddleware',
 'scrapy.downloadermiddlewares.stats.DownloaderStats']
2024-04-15 05:32:36 [scrapy.middleware] INFO: Enabled spider middlewares:
['scrapy.spidermiddlewares.httperror.HttpErrorMiddleware',
 'scrapy.spidermiddlewares.offsite.OffsiteMiddleware',
 'scrapy.spidermiddlewares.referer.RefererMiddleware',
 'scrapy.spidermiddlewares.urllength.UrlLengthMiddleware',
 'scrapy.spidermiddlewares.depth.DepthMiddleware']
2024-04-15 05:32:36 [scrapy.middleware] INFO: Enabled item pipelines:
['weibo_scrapy.pipelines.WeiboScrapyMongoPipeline']
2024-04-15 05:32:36 [scrapy.core.engine] INFO: Spider opened
2024-04-15 05:32:36 [scrapy.extensions.logstats] INFO: Crawled 0 pages (at 0 pages/min), scraped 0 items (at 0 items/min)
2024-04-15 05:32:36 [scrapy.extensions.telnet] INFO: Telnet console listening on 127.0.0.1:6023
2024-04-15 05:32:42 [scrapy.core.engine] DEBUG: Crawled (200) <GET https://m.weibo.cn/api/container/getIndex?containerid=100103type%3D1%26q%3D%E4%B8%AD%E5%9B%BD%E5%88%B6%E9%80%A0&page_type=searchall&page=1> (referer: https://m.weibo.cn/)
2024-04-15 05:33:04 [scrapy.core.engine] DEBUG: Crawled (200) <GET https://m.weibo.cn/api/container/getIndex?type=uid&value=1572619174&containerid%20=%201005051572619174> (referer: https://m.weibo.cn/api/container/getIndex?containerid=100103type%3D1%26q%3D%E4%B8%AD%E5%9B%BD%E5%88%B6%E9%80%A0&page_type=searchall&page=1)
2024-04-15 05:33:11 [scrapy.core.engine] DEBUG: Crawled (200) <GET https://m.weibo.cn/statuses/extend?id=5019359280628495> (referer: https://m.weibo.cn/api/container/getIndex?containerid=100103type%3D1%26q%3D%E4%B8%AD%E5%9B%BD%E5%88%B6%E9%80%A0&page_type=searchall&page=1)
2024-04-15 05:33:15 [scrapy.core.engine] DEBUG: Crawled (200) <GET https://m.weibo.cn/api/container/getIndex?type=uid&value=2672926347&containerid%20=%201005052672926347> (referer: https://m.weibo.cn/api/container/getIndex?containerid=100103type%3D1%26q%3D%E4%B8%AD%E5%9B%BD%E5%88%B6%E9%80%A0&page_type=searchall&page=1)
2024-04-15 05:33:20 [scrapy.core.engine] DEBUG: Crawled (200) <GET https://m.weibo.cn/statuses/extend?id=5022721904477010> (referer: https://m.weibo.cn/api/container/getIndex?containerid=100103type%3D1%26q%3D%E4%B8%AD%E5%9B%BD%E5%88%B6%E9%80%A0&page_type=searchall&page=1)
2024-04-15 05:33:27 [scrapy.core.engine] DEBUG: Crawled (200) <GET https://m.weibo.cn/api/container/getIndex?type=uid&value=1717257814&containerid%20=%201005051717257814> (referer: https://m.weibo.cn/api/container/getIndex?containerid=100103type%3D1%26q%3D%E4%B8%AD%E5%9B%BD%E5%88%B6%E9%80%A0&page_type=searchall&page=1)
2024-04-15 05:33:32 [scrapy.core.engine] DEBUG: Crawled (200) <GET https://m.weibo.cn/statuses/extend?id=5020595578210189> (referer: https://m.weibo.cn/api/container/getIndex?containerid=100103type%3D1%26q%3D%E4%B8%AD%E5%9B%BD%E5%88%B6%E9%80%A0&page_type=searchall&page=1)
