2024-04-15 05:28:09 [scrapy.utils.log] INFO: Scrapy 2.5.1 started (bot: weibo_scrapy)
2024-04-15 05:28:09 [scrapy.utils.log] INFO: Versions: lxml 4.6.4.0, libxml2 2.9.5, cssselect 1.1.0, parsel 1.6.0, w3lib 1.22.0, Twisted 21.7.0, Python 3.6.8 (tags/v3.6.8:3c6b436a57, Dec 24 2018, 00:16:47) [MSC v.1916 64 bit (AMD64)], pyOpenSSL 21.0.0 (OpenSSL 1.1.1l  24 Aug 2021), cryptography 35.0.0, Platform Windows-10-10.0.19041-SP0
2024-04-15 05:28:09 [scrapy.utils.log] DEBUG: Using reactor: twisted.internet.selectreactor.SelectReactor
2024-04-15 05:28:09 [scrapy.crawler] INFO: Overridden settings:
{'BOT_NAME': 'weibo_scrapy',
 'CONCURRENT_REQUESTS': 5,
 'DOWNLOAD_DELAY': 5,
 'LOG_FILE': 'log/weibo_search_2024_4_15_5289.log',
 'NEWSPIDER_MODULE': 'weibo_scrapy.spiders',
 'SPIDER_MODULES': ['weibo_scrapy.spiders']}
2024-04-15 05:28:09 [scrapy.extensions.telnet] INFO: Telnet Password: e527e186b796210e
2024-04-15 05:28:09 [scrapy.middleware] INFO: Enabled extensions:
['scrapy.extensions.corestats.CoreStats',
 'scrapy.extensions.telnet.TelnetConsole',
 'scrapy.extensions.logstats.LogStats']
2024-04-15 05:28:10 [scrapy.middleware] INFO: Enabled downloader middlewares:
['scrapy.downloadermiddlewares.httpauth.HttpAuthMiddleware',
 'weibo_scrapy.middlewares.RandomUserAgent',
 'scrapy.downloadermiddlewares.downloadtimeout.DownloadTimeoutMiddleware',
 'scrapy.downloadermiddlewares.defaultheaders.DefaultHeadersMiddleware',
 'scrapy.downloadermiddlewares.useragent.UserAgentMiddleware',
 'scrapy.downloadermiddlewares.retry.RetryMiddleware',
 'scrapy.downloadermiddlewares.redirect.MetaRefreshMiddleware',
 'scrapy.downloadermiddlewares.httpcompression.HttpCompressionMiddleware',
 'scrapy.downloadermiddlewares.redirect.RedirectMiddleware',
 'scrapy.downloadermiddlewares.cookies.CookiesMiddleware',
 'scrapy.downloadermiddlewares.httpproxy.HttpProxyMiddleware',
 'scrapy.downloadermiddlewares.stats.DownloaderStats']
2024-04-15 05:28:10 [scrapy.middleware] INFO: Enabled spider middlewares:
['scrapy.spidermiddlewares.httperror.HttpErrorMiddleware',
 'scrapy.spidermiddlewares.offsite.OffsiteMiddleware',
 'scrapy.spidermiddlewares.referer.RefererMiddleware',
 'scrapy.spidermiddlewares.urllength.UrlLengthMiddleware',
 'scrapy.spidermiddlewares.depth.DepthMiddleware']
2024-04-15 05:28:10 [scrapy.middleware] INFO: Enabled item pipelines:
['weibo_scrapy.pipelines.WeiboScrapyMongoPipeline']
2024-04-15 05:28:10 [scrapy.core.engine] INFO: Spider opened
2024-04-15 05:28:10 [scrapy.extensions.logstats] INFO: Crawled 0 pages (at 0 pages/min), scraped 0 items (at 0 items/min)
2024-04-15 05:28:10 [scrapy.extensions.telnet] INFO: Telnet console listening on 127.0.0.1:6023
2024-04-15 05:28:15 [scrapy.core.engine] DEBUG: Crawled (200) <GET https://m.weibo.cn/api/container/getIndex?containerid=100103type%3D1%26q%3D%E4%B8%AD%E5%9B%BD%E5%88%B6%E9%80%A0&page_type=searchall&page=1> (referer: https://m.weibo.cn/)
2024-04-15 05:28:15 [scrapy.core.engine] INFO: Closing spider (finished)
2024-04-15 05:28:15 [scrapy.statscollectors] INFO: Dumping Scrapy stats:
{'downloader/request_bytes': 488,
 'downloader/request_count': 1,
 'downloader/request_method_count/GET': 1,
 'downloader/response_bytes': 17955,
 'downloader/response_count': 1,
 'downloader/response_status_count/200': 1,
 'elapsed_time_seconds': 5.284322,
 'finish_reason': 'finished',
 'finish_time': datetime.datetime(2024, 4, 14, 21, 28, 15, 449736),
 'httpcompression/response_bytes': 108055,
 'httpcompression/response_count': 1,
 'log_count/DEBUG': 1,
 'log_count/INFO': 10,
 'response_received_count': 1,
 'scheduler/dequeued': 1,
 'scheduler/dequeued/memory': 1,
 'scheduler/enqueued': 1,
 'scheduler/enqueued/memory': 1,
 'start_time': datetime.datetime(2024, 4, 14, 21, 28, 10, 165414)}
2024-04-15 05:28:15 [scrapy.core.engine] INFO: Spider closed (finished)
