2024-06-23 19:01:07 [scrapy.utils.log] INFO: Scrapy 2.5.1 started (bot: weibo_scrapy)
2024-06-23 19:01:07 [scrapy.utils.log] INFO: Versions: lxml 4.6.4.0, libxml2 2.9.5, cssselect 1.1.0, parsel 1.6.0, w3lib 1.22.0, Twisted 21.7.0, Python 3.6.8 (tags/v3.6.8:3c6b436a57, Dec 24 2018, 00:16:47) [MSC v.1916 64 bit (AMD64)], pyOpenSSL 21.0.0 (OpenSSL 1.1.1l  24 Aug 2021), cryptography 35.0.0, Platform Windows-10-10.0.19041-SP0
2024-06-23 19:01:07 [scrapy.utils.log] DEBUG: Using reactor: twisted.internet.selectreactor.SelectReactor
2024-06-23 19:01:07 [scrapy.crawler] INFO: Overridden settings:
{'BOT_NAME': 'weibo_scrapy',
 'CONCURRENT_REQUESTS': 5,
 'DOWNLOAD_DELAY': 5,
 'LOG_FILE': 'log/weibo_search_2024_6_23_1917.log',
 'NEWSPIDER_MODULE': 'weibo_scrapy.spiders',
 'SPIDER_MODULES': ['weibo_scrapy.spiders']}
2024-06-23 19:01:07 [scrapy.extensions.telnet] INFO: Telnet Password: 111c3de98e3a7e82
2024-06-23 19:01:07 [scrapy.middleware] INFO: Enabled extensions:
['scrapy.extensions.corestats.CoreStats',
 'scrapy.extensions.telnet.TelnetConsole',
 'scrapy.extensions.logstats.LogStats']
2024-06-23 19:01:07 [scrapy.middleware] INFO: Enabled downloader middlewares:
['scrapy.downloadermiddlewares.httpauth.HttpAuthMiddleware',
 'weibo_scrapy.middlewares.RandomUserAgent',
 'scrapy.downloadermiddlewares.downloadtimeout.DownloadTimeoutMiddleware',
 'scrapy.downloadermiddlewares.defaultheaders.DefaultHeadersMiddleware',
 'scrapy.downloadermiddlewares.useragent.UserAgentMiddleware',
 'scrapy.downloadermiddlewares.retry.RetryMiddleware',
 'scrapy.downloadermiddlewares.redirect.MetaRefreshMiddleware',
 'scrapy.downloadermiddlewares.httpcompression.HttpCompressionMiddleware',
 'scrapy.downloadermiddlewares.redirect.RedirectMiddleware',
 'scrapy.downloadermiddlewares.cookies.CookiesMiddleware',
 'scrapy.downloadermiddlewares.httpproxy.HttpProxyMiddleware',
 'scrapy.downloadermiddlewares.stats.DownloaderStats']
2024-06-23 19:01:07 [scrapy.middleware] INFO: Enabled spider middlewares:
['scrapy.spidermiddlewares.httperror.HttpErrorMiddleware',
 'scrapy.spidermiddlewares.offsite.OffsiteMiddleware',
 'scrapy.spidermiddlewares.referer.RefererMiddleware',
 'scrapy.spidermiddlewares.urllength.UrlLengthMiddleware',
 'scrapy.spidermiddlewares.depth.DepthMiddleware']
2024-06-23 19:01:08 [scrapy.middleware] INFO: Enabled item pipelines:
['weibo_scrapy.pipelines.WeiboScrapyMongoPipeline']
2024-06-23 19:01:08 [scrapy.core.engine] INFO: Spider opened
2024-06-23 19:01:08 [scrapy.extensions.logstats] INFO: Crawled 0 pages (at 0 pages/min), scraped 0 items (at 0 items/min)
2024-06-23 19:01:08 [scrapy.extensions.telnet] INFO: Telnet console listening on 127.0.0.1:6023
2024-06-23 19:01:08 [scrapy.core.engine] DEBUG: Crawled (200) <GET https://m.weibo.cn/api/container/getIndex?containerid=100103type%3D1%26q%3D%E4%B8%AD%E5%9B%BD%E5%88%B6%E9%80%A0&page_type=searchall&page=1> (referer: https://m.weibo.cn/)
2024-06-23 19:01:14 [scrapy.core.engine] DEBUG: Crawled (200) <GET https://m.weibo.cn/api/container/getIndex?type=uid&value=1771474495&containerid%20=%201005051771474495> (referer: https://m.weibo.cn/api/container/getIndex?containerid=100103type%3D1%26q%3D%E4%B8%AD%E5%9B%BD%E5%88%B6%E9%80%A0&page_type=searchall&page=1)
2024-06-23 19:01:21 [scrapy.core.engine] DEBUG: Crawled (200) <GET https://m.weibo.cn/statuses/extend?id=5041866175679240> (referer: https://m.weibo.cn/api/container/getIndex?containerid=100103type%3D1%26q%3D%E4%B8%AD%E5%9B%BD%E5%88%B6%E9%80%A0&page_type=searchall&page=1)
2024-06-23 19:01:29 [scrapy.core.engine] DEBUG: Crawled (200) <GET https://m.weibo.cn/api/container/getIndex?type=uid&value=2047735024&containerid%20=%201005052047735024> (referer: https://m.weibo.cn/api/container/getIndex?containerid=100103type%3D1%26q%3D%E4%B8%AD%E5%9B%BD%E5%88%B6%E9%80%A0&page_type=searchall&page=1)
2024-06-23 19:01:36 [scrapy.core.engine] DEBUG: Crawled (200) <GET https://m.weibo.cn/statuses/extend?id=5047017380250152> (referer: https://m.weibo.cn/api/container/getIndex?containerid=100103type%3D1%26q%3D%E4%B8%AD%E5%9B%BD%E5%88%B6%E9%80%A0&page_type=searchall&page=1)
2024-06-23 19:01:41 [scrapy.core.engine] DEBUG: Crawled (200) <GET https://m.weibo.cn/api/container/getIndex?type=uid&value=2061540914&containerid%20=%201005052061540914> (referer: https://m.weibo.cn/api/container/getIndex?containerid=100103type%3D1%26q%3D%E4%B8%AD%E5%9B%BD%E5%88%B6%E9%80%A0&page_type=searchall&page=1)
2024-06-23 19:01:47 [scrapy.core.engine] DEBUG: Crawled (200) <GET https://m.weibo.cn/statuses/extend?id=5044680290992520> (referer: https://m.weibo.cn/api/container/getIndex?containerid=100103type%3D1%26q%3D%E4%B8%AD%E5%9B%BD%E5%88%B6%E9%80%A0&page_type=searchall&page=1)
2024-06-23 19:01:54 [scrapy.core.engine] DEBUG: Crawled (200) <GET https://m.weibo.cn/api/container/getIndex?type=uid&value=1671109627&containerid%20=%201005051671109627> (referer: https://m.weibo.cn/api/container/getIndex?containerid=100103type%3D1%26q%3D%E4%B8%AD%E5%9B%BD%E5%88%B6%E9%80%A0&page_type=searchall&page=1)
2024-06-23 19:02:00 [scrapy.core.engine] DEBUG: Crawled (200) <GET https://m.weibo.cn/statuses/extend?id=5042277242637093> (referer: https://m.weibo.cn/api/container/getIndex?containerid=100103type%3D1%26q%3D%E4%B8%AD%E5%9B%BD%E5%88%B6%E9%80%A0&page_type=searchall&page=1)
2024-06-23 19:02:00 [scrapy.core.engine] INFO: Closing spider (finished)
2024-06-23 19:02:00 [scrapy.statscollectors] INFO: Dumping Scrapy stats:
{'downloader/request_bytes': 6833,
 'downloader/request_count': 9,
 'downloader/request_method_count/GET': 9,
 'downloader/response_bytes': 53224,
 'downloader/response_count': 9,
 'downloader/response_status_count/200': 9,
 'elapsed_time_seconds': 52.136344,
 'finish_reason': 'finished',
 'finish_time': datetime.datetime(2024, 6, 23, 11, 2, 0, 302510),
 'httpcompression/response_bytes': 243869,
 'httpcompression/response_count': 9,
 'log_count/DEBUG': 9,
 'log_count/INFO': 10,
 'request_depth_max': 1,
 'response_received_count': 9,
 'scheduler/dequeued': 9,
 'scheduler/dequeued/memory': 9,
 'scheduler/enqueued': 9,
 'scheduler/enqueued/memory': 9,
 'start_time': datetime.datetime(2024, 6, 23, 11, 1, 8, 166166)}
2024-06-23 19:02:00 [scrapy.core.engine] INFO: Spider closed (finished)
